--------------------------------------------------------------------------------
Release 14.7 Trace  (lin64)
Copyright (c) 1995-2013 Xilinx, Inc.  All rights reserved.

/home/waseemh/Xilinx/14.7/ISE_DS/ISE/bin/lin64/unwrapped/trce -intstyle ise -v
3 -s 2 -n 3 -fastpaths -xml coridc_seq_tan.twx coridc_seq_tan.ncd -o
coridc_seq_tan.twr coridc_seq_tan.pcf

Design file:              coridc_seq_tan.ncd
Physical constraint file: coridc_seq_tan.pcf
Device,package,speed:     xc6slx16,csg324,C,-2 (PRODUCTION 1.23 2013-10-13)
Report level:             verbose report

Environment Variable      Effect 
--------------------      ------ 
NONE                      No environment variables were set
--------------------------------------------------------------------------------

INFO:Timing:2698 - No timing constraints found, doing default enumeration.
INFO:Timing:3412 - To improve timing, see the Timing Closure User Guide (UG612).
INFO:Timing:2752 - To get complete path coverage, use the unconstrained paths 
   option. All paths that are not constrained will be reported in the 
   unconstrained paths section(s) of the report.
INFO:Timing:3339 - The clock-to-out numbers in this timing report are based on 
   a 50 Ohm transmission line loading model.  For the details of this model, 
   and for more information on accounting for different loading conditions, 
   please see the device datasheet.



Data Sheet report:
-----------------
All values displayed in nanoseconds (ns)

Setup/Hold to clock clk
-------------+------------+------------+------------+------------+------------------+--------+
             |Max Setup to|  Process   |Max Hold to |  Process   |                  | Clock  |
Source       | clk (edge) |   Corner   | clk (edge) |   Corner   |Internal Clock(s) | Phase  |
-------------+------------+------------+------------+------------+------------------+--------+
mode         |    2.386(R)|      SLOW  |   -1.008(R)|      FAST  |clk_BUFGP         |   0.000|
operand_a<0> |   13.150(R)|      SLOW  |   -2.064(R)|      FAST  |clk_BUFGP         |   0.000|
operand_a<1> |   13.163(R)|      SLOW  |   -2.496(R)|      FAST  |clk_BUFGP         |   0.000|
operand_a<2> |   12.644(R)|      SLOW  |   -1.911(R)|      FAST  |clk_BUFGP         |   0.000|
operand_a<3> |   12.447(R)|      SLOW  |   -1.782(R)|      FAST  |clk_BUFGP         |   0.000|
operand_a<4> |   11.339(R)|      SLOW  |   -2.316(R)|      FAST  |clk_BUFGP         |   0.000|
operand_a<5> |   11.646(R)|      SLOW  |   -2.454(R)|      FAST  |clk_BUFGP         |   0.000|
operand_a<6> |   11.339(R)|      SLOW  |   -2.221(R)|      FAST  |clk_BUFGP         |   0.000|
operand_a<7> |   11.158(R)|      SLOW  |   -2.138(R)|      FAST  |clk_BUFGP         |   0.000|
operand_a<8> |   11.020(R)|      SLOW  |   -1.820(R)|      FAST  |clk_BUFGP         |   0.000|
operand_a<9> |   10.567(R)|      SLOW  |   -1.874(R)|      FAST  |clk_BUFGP         |   0.000|
operand_a<10>|   10.644(R)|      SLOW  |   -1.981(R)|      FAST  |clk_BUFGP         |   0.000|
operand_a<11>|   10.235(R)|      SLOW  |   -1.985(R)|      FAST  |clk_BUFGP         |   0.000|
operand_a<12>|    9.399(R)|      SLOW  |   -1.943(R)|      FAST  |clk_BUFGP         |   0.000|
operand_a<13>|    9.528(R)|      SLOW  |   -2.133(R)|      FAST  |clk_BUFGP         |   0.000|
operand_a<14>|    9.151(R)|      SLOW  |   -1.899(R)|      FAST  |clk_BUFGP         |   0.000|
operand_a<15>|    9.703(R)|      SLOW  |   -2.210(R)|      FAST  |clk_BUFGP         |   0.000|
operand_a<16>|    8.542(R)|      SLOW  |   -2.168(R)|      FAST  |clk_BUFGP         |   0.000|
operand_a<17>|    8.254(R)|      SLOW  |   -2.177(R)|      FAST  |clk_BUFGP         |   0.000|
operand_a<18>|    8.322(R)|      SLOW  |   -1.784(R)|      FAST  |clk_BUFGP         |   0.000|
operand_a<19>|    8.305(R)|      SLOW  |   -1.998(R)|      FAST  |clk_BUFGP         |   0.000|
operand_a<20>|    6.853(R)|      SLOW  |   -2.039(R)|      FAST  |clk_BUFGP         |   0.000|
operand_a<21>|    7.370(R)|      SLOW  |   -2.275(R)|      FAST  |clk_BUFGP         |   0.000|
operand_a<22>|    6.978(R)|      SLOW  |   -1.698(R)|      FAST  |clk_BUFGP         |   0.000|
operand_a<23>|    6.740(R)|      SLOW  |   -2.059(R)|      FAST  |clk_BUFGP         |   0.000|
operand_a<24>|    6.176(R)|      SLOW  |   -1.995(R)|      FAST  |clk_BUFGP         |   0.000|
operand_a<25>|    5.982(R)|      SLOW  |   -1.902(R)|      FAST  |clk_BUFGP         |   0.000|
operand_a<26>|    6.091(R)|      SLOW  |   -2.056(R)|      FAST  |clk_BUFGP         |   0.000|
operand_a<27>|    6.064(R)|      SLOW  |   -2.053(R)|      FAST  |clk_BUFGP         |   0.000|
operand_a<28>|    5.091(R)|      SLOW  |   -2.097(R)|      FAST  |clk_BUFGP         |   0.000|
operand_a<29>|    4.822(R)|      SLOW  |   -2.074(R)|      FAST  |clk_BUFGP         |   0.000|
operand_a<30>|    4.513(R)|      SLOW  |   -2.186(R)|      FAST  |clk_BUFGP         |   0.000|
operand_a<31>|    5.725(R)|      SLOW  |   -1.944(R)|      FAST  |clk_BUFGP         |   0.000|
operand_b<0> |   15.177(R)|      SLOW  |   -1.783(R)|      FAST  |clk_BUFGP         |   0.000|
operand_b<1> |   14.961(R)|      SLOW  |   -1.519(R)|      FAST  |clk_BUFGP         |   0.000|
operand_b<2> |   14.491(R)|      SLOW  |   -1.413(R)|      FAST  |clk_BUFGP         |   0.000|
operand_b<3> |   14.855(R)|      SLOW  |   -1.570(R)|      FAST  |clk_BUFGP         |   0.000|
operand_b<4> |   12.295(R)|      SLOW  |   -2.035(R)|      FAST  |clk_BUFGP         |   0.000|
operand_b<5> |   11.804(R)|      SLOW  |   -2.085(R)|      FAST  |clk_BUFGP         |   0.000|
operand_b<6> |   11.361(R)|      SLOW  |   -1.752(R)|      FAST  |clk_BUFGP         |   0.000|
operand_b<7> |   11.301(R)|      SLOW  |   -1.807(R)|      FAST  |clk_BUFGP         |   0.000|
operand_b<8> |   10.950(R)|      SLOW  |   -1.865(R)|      FAST  |clk_BUFGP         |   0.000|
operand_b<9> |   10.591(R)|      SLOW  |   -1.766(R)|      FAST  |clk_BUFGP         |   0.000|
operand_b<10>|   10.667(R)|      SLOW  |   -1.436(R)|      FAST  |clk_BUFGP         |   0.000|
operand_b<11>|   10.975(R)|      SLOW  |   -2.066(R)|      FAST  |clk_BUFGP         |   0.000|
operand_b<12>|    9.081(R)|      SLOW  |   -1.786(R)|      FAST  |clk_BUFGP         |   0.000|
operand_b<13>|    9.354(R)|      SLOW  |   -1.696(R)|      FAST  |clk_BUFGP         |   0.000|
operand_b<14>|    9.191(R)|      SLOW  |   -1.665(R)|      FAST  |clk_BUFGP         |   0.000|
operand_b<15>|    9.312(R)|      SLOW  |   -1.976(R)|      FAST  |clk_BUFGP         |   0.000|
operand_b<16>|    8.399(R)|      SLOW  |   -2.023(R)|      FAST  |clk_BUFGP         |   0.000|
operand_b<17>|    8.314(R)|      SLOW  |   -1.911(R)|      FAST  |clk_BUFGP         |   0.000|
operand_b<18>|    8.826(R)|      SLOW  |   -1.909(R)|      FAST  |clk_BUFGP         |   0.000|
operand_b<19>|    9.085(R)|      SLOW  |   -1.943(R)|      FAST  |clk_BUFGP         |   0.000|
operand_b<20>|    8.348(R)|      SLOW  |   -2.249(R)|      FAST  |clk_BUFGP         |   0.000|
operand_b<21>|    8.458(R)|      SLOW  |   -2.156(R)|      FAST  |clk_BUFGP         |   0.000|
operand_b<22>|    8.147(R)|      SLOW  |   -2.188(R)|      FAST  |clk_BUFGP         |   0.000|
operand_b<23>|    7.513(R)|      SLOW  |   -2.254(R)|      FAST  |clk_BUFGP         |   0.000|
operand_b<24>|    6.924(R)|      SLOW  |   -2.173(R)|      FAST  |clk_BUFGP         |   0.000|
operand_b<25>|    7.001(R)|      SLOW  |   -2.251(R)|      FAST  |clk_BUFGP         |   0.000|
operand_b<26>|    6.762(R)|      SLOW  |   -1.735(R)|      FAST  |clk_BUFGP         |   0.000|
operand_b<27>|    6.994(R)|      SLOW  |   -2.136(R)|      FAST  |clk_BUFGP         |   0.000|
operand_b<28>|    6.109(R)|      SLOW  |   -2.056(R)|      FAST  |clk_BUFGP         |   0.000|
operand_b<29>|    5.896(R)|      SLOW  |   -2.378(R)|      FAST  |clk_BUFGP         |   0.000|
operand_b<30>|    4.493(R)|      SLOW  |   -2.093(R)|      FAST  |clk_BUFGP         |   0.000|
operand_b<31>|    7.934(R)|      SLOW  |   -1.671(R)|      FAST  |clk_BUFGP         |   0.000|
rst          |    9.844(R)|      SLOW  |   -1.125(R)|      FAST  |clk_BUFGP         |   0.000|
start        |    7.994(R)|      SLOW  |   -1.996(R)|      FAST  |clk_BUFGP         |   0.000|
-------------+------------+------------+------------+------------+------------------+--------+

Clock clk to Pad
------------+-----------------+------------+-----------------+------------+------------------+--------+
            |Max (slowest) clk|  Process   |Min (fastest) clk|  Process   |                  | Clock  |
Destination |  (edge) to PAD  |   Corner   |  (edge) to PAD  |   Corner   |Internal Clock(s) | Phase  |
------------+-----------------+------------+-----------------+------------+------------------+--------+
angle<0>    |        10.326(R)|      SLOW  |         4.409(R)|      FAST  |clk_BUFGP         |   0.000|
angle<1>    |        10.175(R)|      SLOW  |         4.311(R)|      FAST  |clk_BUFGP         |   0.000|
angle<2>    |        10.172(R)|      SLOW  |         4.293(R)|      FAST  |clk_BUFGP         |   0.000|
angle<3>    |        10.190(R)|      SLOW  |         4.319(R)|      FAST  |clk_BUFGP         |   0.000|
angle<4>    |        10.260(R)|      SLOW  |         4.352(R)|      FAST  |clk_BUFGP         |   0.000|
angle<5>    |        10.179(R)|      SLOW  |         4.298(R)|      FAST  |clk_BUFGP         |   0.000|
angle<6>    |        10.164(R)|      SLOW  |         4.300(R)|      FAST  |clk_BUFGP         |   0.000|
angle<7>    |        10.118(R)|      SLOW  |         4.298(R)|      FAST  |clk_BUFGP         |   0.000|
angle<8>    |         9.787(R)|      SLOW  |         4.100(R)|      FAST  |clk_BUFGP         |   0.000|
angle<9>    |         9.367(R)|      SLOW  |         3.886(R)|      FAST  |clk_BUFGP         |   0.000|
angle<10>   |         9.483(R)|      SLOW  |         3.928(R)|      FAST  |clk_BUFGP         |   0.000|
angle<11>   |         9.301(R)|      SLOW  |         3.832(R)|      FAST  |clk_BUFGP         |   0.000|
angle<12>   |         9.128(R)|      SLOW  |         3.739(R)|      FAST  |clk_BUFGP         |   0.000|
angle<13>   |         9.443(R)|      SLOW  |         3.903(R)|      FAST  |clk_BUFGP         |   0.000|
angle<14>   |         9.181(R)|      SLOW  |         3.778(R)|      FAST  |clk_BUFGP         |   0.000|
angle<15>   |         9.129(R)|      SLOW  |         3.756(R)|      FAST  |clk_BUFGP         |   0.000|
angle<16>   |         9.143(R)|      SLOW  |         3.720(R)|      FAST  |clk_BUFGP         |   0.000|
angle<17>   |         9.106(R)|      SLOW  |         3.733(R)|      FAST  |clk_BUFGP         |   0.000|
angle<18>   |         9.179(R)|      SLOW  |         3.791(R)|      FAST  |clk_BUFGP         |   0.000|
angle<19>   |         9.110(R)|      SLOW  |         3.737(R)|      FAST  |clk_BUFGP         |   0.000|
angle<20>   |         8.740(R)|      SLOW  |         3.546(R)|      FAST  |clk_BUFGP         |   0.000|
angle<21>   |         8.683(R)|      SLOW  |         3.489(R)|      FAST  |clk_BUFGP         |   0.000|
angle<22>   |         8.526(R)|      SLOW  |         3.394(R)|      FAST  |clk_BUFGP         |   0.000|
angle<23>   |         8.696(R)|      SLOW  |         3.480(R)|      FAST  |clk_BUFGP         |   0.000|
angle<24>   |         8.454(R)|      SLOW  |         3.344(R)|      FAST  |clk_BUFGP         |   0.000|
angle<25>   |         8.489(R)|      SLOW  |         3.403(R)|      FAST  |clk_BUFGP         |   0.000|
angle<26>   |         8.555(R)|      SLOW  |         3.433(R)|      FAST  |clk_BUFGP         |   0.000|
angle<27>   |         8.701(R)|      SLOW  |         3.498(R)|      FAST  |clk_BUFGP         |   0.000|
angle<28>   |         9.012(R)|      SLOW  |         3.696(R)|      FAST  |clk_BUFGP         |   0.000|
angle<29>   |         9.004(R)|      SLOW  |         3.688(R)|      FAST  |clk_BUFGP         |   0.000|
angle<30>   |         9.415(R)|      SLOW  |         3.912(R)|      FAST  |clk_BUFGP         |   0.000|
angle<31>   |         9.415(R)|      SLOW  |         3.912(R)|      FAST  |clk_BUFGP         |   0.000|
opr_done    |        10.763(R)|      SLOW  |         4.695(R)|      FAST  |clk_BUFGP         |   0.000|
sqrt<0>     |         9.876(R)|      SLOW  |         4.286(R)|      FAST  |clk_BUFGP         |   0.000|
sqrt<1>     |        10.991(R)|      SLOW  |         4.930(R)|      FAST  |clk_BUFGP         |   0.000|
sqrt<2>     |         9.873(R)|      SLOW  |         4.299(R)|      FAST  |clk_BUFGP         |   0.000|
sqrt<3>     |         9.839(R)|      SLOW  |         4.228(R)|      FAST  |clk_BUFGP         |   0.000|
sqrt<4>     |         9.985(R)|      SLOW  |         4.327(R)|      FAST  |clk_BUFGP         |   0.000|
sqrt<5>     |        10.123(R)|      SLOW  |         4.392(R)|      FAST  |clk_BUFGP         |   0.000|
sqrt<6>     |         9.656(R)|      SLOW  |         4.144(R)|      FAST  |clk_BUFGP         |   0.000|
sqrt<7>     |        10.355(R)|      SLOW  |         4.553(R)|      FAST  |clk_BUFGP         |   0.000|
sqrt<8>     |        10.259(R)|      SLOW  |         4.498(R)|      FAST  |clk_BUFGP         |   0.000|
sqrt<9>     |        10.461(R)|      SLOW  |         4.664(R)|      FAST  |clk_BUFGP         |   0.000|
sqrt<10>    |        10.574(R)|      SLOW  |         4.700(R)|      FAST  |clk_BUFGP         |   0.000|
sqrt<11>    |        10.305(R)|      SLOW  |         4.488(R)|      FAST  |clk_BUFGP         |   0.000|
sqrt<12>    |        10.425(R)|      SLOW  |         4.548(R)|      FAST  |clk_BUFGP         |   0.000|
sqrt<13>    |        10.713(R)|      SLOW  |         4.767(R)|      FAST  |clk_BUFGP         |   0.000|
sqrt<14>    |        10.267(R)|      SLOW  |         4.469(R)|      FAST  |clk_BUFGP         |   0.000|
sqrt<15>    |        11.548(R)|      SLOW  |         5.366(R)|      FAST  |clk_BUFGP         |   0.000|
sqrt<16>    |         9.380(R)|      SLOW  |         3.894(R)|      FAST  |clk_BUFGP         |   0.000|
sqrt<17>    |        10.132(R)|      SLOW  |         4.345(R)|      FAST  |clk_BUFGP         |   0.000|
sqrt<18>    |         9.237(R)|      SLOW  |         3.793(R)|      FAST  |clk_BUFGP         |   0.000|
sqrt<19>    |         9.321(R)|      SLOW  |         3.840(R)|      FAST  |clk_BUFGP         |   0.000|
sqrt<20>    |         9.149(R)|      SLOW  |         3.746(R)|      FAST  |clk_BUFGP         |   0.000|
sqrt<21>    |         9.438(R)|      SLOW  |         3.918(R)|      FAST  |clk_BUFGP         |   0.000|
sqrt<22>    |         8.945(R)|      SLOW  |         3.643(R)|      FAST  |clk_BUFGP         |   0.000|
sqrt<23>    |         9.264(R)|      SLOW  |         3.804(R)|      FAST  |clk_BUFGP         |   0.000|
sqrt<24>    |         8.901(R)|      SLOW  |         3.582(R)|      FAST  |clk_BUFGP         |   0.000|
sqrt<25>    |         9.002(R)|      SLOW  |         3.640(R)|      FAST  |clk_BUFGP         |   0.000|
sqrt<26>    |         8.704(R)|      SLOW  |         3.482(R)|      FAST  |clk_BUFGP         |   0.000|
sqrt<27>    |         8.778(R)|      SLOW  |         3.524(R)|      FAST  |clk_BUFGP         |   0.000|
sqrt<28>    |         8.453(R)|      SLOW  |         3.343(R)|      FAST  |clk_BUFGP         |   0.000|
sqrt<29>    |         8.973(R)|      SLOW  |         3.695(R)|      FAST  |clk_BUFGP         |   0.000|
sqrt<30>    |         8.747(R)|      SLOW  |         3.498(R)|      FAST  |clk_BUFGP         |   0.000|
sqrt<31>    |         8.701(R)|      SLOW  |         3.478(R)|      FAST  |clk_BUFGP         |   0.000|
------------+-----------------+------------+-----------------+------------+------------------+--------+

Clock to Setup on destination clock clk
---------------+---------+---------+---------+---------+
               | Src:Rise| Src:Fall| Src:Rise| Src:Fall|
Source Clock   |Dest:Rise|Dest:Rise|Dest:Fall|Dest:Fall|
---------------+---------+---------+---------+---------+
clk            |    7.182|         |         |         |
---------------+---------+---------+---------+---------+


Analysis completed Fri Jun 17 15:17:42 2016 
--------------------------------------------------------------------------------

Trace Settings:
-------------------------
Trace Settings 

Peak Memory Usage: 404 MB



