--------------------------------------------------------------------------------
Release 14.7 Trace  (lin64)
Copyright (c) 1995-2013 Xilinx, Inc.  All rights reserved.

/home/waseemh/Xilinx/14.7/ISE_DS/ISE/bin/lin64/unwrapped/trce -intstyle ise -v
3 -s 3 -n 3 -fastpaths -xml coridc_linear_sequential.twx
coridc_linear_sequential.ncd -o coridc_linear_sequential.twr
coridc_linear_sequential.pcf

Design file:              coridc_linear_sequential.ncd
Physical constraint file: coridc_linear_sequential.pcf
Device,package,speed:     xc7a100t,csg324,C,-3 (PRODUCTION 1.10 2013-10-13)
Report level:             verbose report

Environment Variable      Effect 
--------------------      ------ 
NONE                      No environment variables were set
--------------------------------------------------------------------------------

INFO:Timing:2698 - No timing constraints found, doing default enumeration.
INFO:Timing:3412 - To improve timing, see the Timing Closure User Guide (UG612).
INFO:Timing:2752 - To get complete path coverage, use the unconstrained paths 
   option. All paths that are not constrained will be reported in the 
   unconstrained paths section(s) of the report.
INFO:Timing:3339 - The clock-to-out numbers in this timing report are based on 
   a 50 Ohm transmission line loading model.  For the details of this model, 
   and for more information on accounting for different loading conditions, 
   please see the device datasheet.



Data Sheet report:
-----------------
All values displayed in nanoseconds (ns)

Setup/Hold to clock clk
-------------+------------+------------+------------+------------+------------------+--------+
             |Max Setup to|  Process   |Max Hold to |  Process   |                  | Clock  |
Source       | clk (edge) |   Corner   | clk (edge) |   Corner   |Internal Clock(s) | Phase  |
-------------+------------+------------+------------+------------+------------------+--------+
operand_a<0> |    6.985(R)|      SLOW  |    1.567(R)|      SLOW  |clk_BUFGP         |   0.000|
operand_a<1> |    7.079(R)|      SLOW  |    1.331(R)|      SLOW  |clk_BUFGP         |   0.000|
operand_a<2> |    7.093(R)|      SLOW  |    1.142(R)|      SLOW  |clk_BUFGP         |   0.000|
operand_a<3> |    6.599(R)|      SLOW  |    1.719(R)|      SLOW  |clk_BUFGP         |   0.000|
operand_a<4> |    6.454(R)|      SLOW  |    1.169(R)|      SLOW  |clk_BUFGP         |   0.000|
operand_a<5> |    5.817(R)|      SLOW  |    1.390(R)|      SLOW  |clk_BUFGP         |   0.000|
operand_a<6> |    5.928(R)|      SLOW  |    1.350(R)|      SLOW  |clk_BUFGP         |   0.000|
operand_a<7> |    5.767(R)|      SLOW  |    0.904(R)|      SLOW  |clk_BUFGP         |   0.000|
operand_a<8> |    5.114(R)|      SLOW  |    1.072(R)|      SLOW  |clk_BUFGP         |   0.000|
operand_a<9> |    5.390(R)|      SLOW  |    1.226(R)|      SLOW  |clk_BUFGP         |   0.000|
operand_a<10>|    5.064(R)|      SLOW  |    1.075(R)|      SLOW  |clk_BUFGP         |   0.000|
operand_a<11>|    5.174(R)|      SLOW  |    0.990(R)|      SLOW  |clk_BUFGP         |   0.000|
operand_a<12>|    4.844(R)|      SLOW  |    1.198(R)|      SLOW  |clk_BUFGP         |   0.000|
operand_a<13>|    4.914(R)|      SLOW  |    1.093(R)|      SLOW  |clk_BUFGP         |   0.000|
operand_a<14>|    4.401(R)|      SLOW  |    1.538(R)|      SLOW  |clk_BUFGP         |   0.000|
operand_a<15>|    4.250(R)|      SLOW  |    1.147(R)|      SLOW  |clk_BUFGP         |   0.000|
operand_a<16>|    3.628(R)|      SLOW  |    1.748(R)|      SLOW  |clk_BUFGP         |   0.000|
operand_a<17>|    2.648(R)|      SLOW  |    1.784(R)|      SLOW  |clk_BUFGP         |   0.000|
operand_a<18>|    2.876(R)|      SLOW  |    1.595(R)|      SLOW  |clk_BUFGP         |   0.000|
operand_a<19>|    3.003(R)|      SLOW  |    1.494(R)|      SLOW  |clk_BUFGP         |   0.000|
operand_a<20>|    2.280(R)|      SLOW  |    1.788(R)|      SLOW  |clk_BUFGP         |   0.000|
operand_a<21>|    2.698(R)|      SLOW  |    1.731(R)|      SLOW  |clk_BUFGP         |   0.000|
operand_a<22>|    2.365(R)|      SLOW  |    1.862(R)|      SLOW  |clk_BUFGP         |   0.000|
operand_a<23>|    1.807(R)|      SLOW  |    1.154(R)|      SLOW  |clk_BUFGP         |   0.000|
operand_a<24>|    2.142(R)|      SLOW  |    1.490(R)|      SLOW  |clk_BUFGP         |   0.000|
operand_a<25>|    1.232(R)|      FAST  |    1.622(R)|      SLOW  |clk_BUFGP         |   0.000|
operand_a<26>|    1.191(R)|      FAST  |    1.487(R)|      SLOW  |clk_BUFGP         |   0.000|
operand_a<27>|    1.333(R)|      SLOW  |    1.375(R)|      SLOW  |clk_BUFGP         |   0.000|
operand_a<28>|    1.462(R)|      SLOW  |    1.751(R)|      SLOW  |clk_BUFGP         |   0.000|
operand_a<29>|    0.671(R)|      FAST  |    2.021(R)|      SLOW  |clk_BUFGP         |   0.000|
operand_a<30>|    0.516(R)|      FAST  |    2.106(R)|      SLOW  |clk_BUFGP         |   0.000|
operand_a<31>|    7.787(R)|      SLOW  |    1.347(R)|      SLOW  |clk_BUFGP         |   0.000|
operand_b<0> |    7.069(R)|      SLOW  |    1.844(R)|      SLOW  |clk_BUFGP         |   0.000|
operand_b<1> |    6.940(R)|      SLOW  |    1.639(R)|      SLOW  |clk_BUFGP         |   0.000|
operand_b<2> |    7.257(R)|      SLOW  |    1.430(R)|      SLOW  |clk_BUFGP         |   0.000|
operand_b<3> |    7.095(R)|      SLOW  |    1.511(R)|      SLOW  |clk_BUFGP         |   0.000|
operand_b<4> |    6.559(R)|      SLOW  |    1.650(R)|      SLOW  |clk_BUFGP         |   0.000|
operand_b<5> |    6.811(R)|      SLOW  |    1.748(R)|      SLOW  |clk_BUFGP         |   0.000|
operand_b<6> |    6.743(R)|      SLOW  |    1.696(R)|      SLOW  |clk_BUFGP         |   0.000|
operand_b<7> |    6.319(R)|      SLOW  |    1.825(R)|      SLOW  |clk_BUFGP         |   0.000|
operand_b<8> |    5.297(R)|      SLOW  |    1.662(R)|      SLOW  |clk_BUFGP         |   0.000|
operand_b<9> |    5.530(R)|      SLOW  |    1.537(R)|      SLOW  |clk_BUFGP         |   0.000|
operand_b<10>|    4.963(R)|      SLOW  |    1.771(R)|      SLOW  |clk_BUFGP         |   0.000|
operand_b<11>|    5.131(R)|      SLOW  |    1.506(R)|      SLOW  |clk_BUFGP         |   0.000|
operand_b<12>|    4.923(R)|      SLOW  |    1.776(R)|      SLOW  |clk_BUFGP         |   0.000|
operand_b<13>|    5.078(R)|      SLOW  |    1.741(R)|      SLOW  |clk_BUFGP         |   0.000|
operand_b<14>|    5.129(R)|      SLOW  |    1.549(R)|      SLOW  |clk_BUFGP         |   0.000|
operand_b<15>|    5.034(R)|      SLOW  |    1.445(R)|      SLOW  |clk_BUFGP         |   0.000|
operand_b<16>|    4.598(R)|      SLOW  |    1.435(R)|      SLOW  |clk_BUFGP         |   0.000|
operand_b<17>|    4.056(R)|      SLOW  |    1.351(R)|      SLOW  |clk_BUFGP         |   0.000|
operand_b<18>|    4.148(R)|      SLOW  |    1.538(R)|      SLOW  |clk_BUFGP         |   0.000|
operand_b<19>|    4.312(R)|      SLOW  |    1.769(R)|      SLOW  |clk_BUFGP         |   0.000|
operand_b<20>|    3.902(R)|      SLOW  |    1.411(R)|      SLOW  |clk_BUFGP         |   0.000|
operand_b<21>|    3.367(R)|      SLOW  |    1.714(R)|      SLOW  |clk_BUFGP         |   0.000|
operand_b<22>|    3.780(R)|      SLOW  |    1.537(R)|      SLOW  |clk_BUFGP         |   0.000|
operand_b<23>|    3.621(R)|      SLOW  |    1.227(R)|      SLOW  |clk_BUFGP         |   0.000|
operand_b<24>|    1.706(R)|      SLOW  |    1.625(R)|      SLOW  |clk_BUFGP         |   0.000|
operand_b<25>|    1.646(R)|      SLOW  |    1.647(R)|      SLOW  |clk_BUFGP         |   0.000|
operand_b<26>|    1.691(R)|      SLOW  |    1.611(R)|      SLOW  |clk_BUFGP         |   0.000|
operand_b<27>|    1.944(R)|      SLOW  |    1.777(R)|      SLOW  |clk_BUFGP         |   0.000|
operand_b<28>|    1.272(R)|      FAST  |    1.746(R)|      SLOW  |clk_BUFGP         |   0.000|
operand_b<29>|    1.439(R)|      FAST  |    1.441(R)|      SLOW  |clk_BUFGP         |   0.000|
operand_b<30>|    1.424(R)|      FAST  |    1.086(R)|      SLOW  |clk_BUFGP         |   0.000|
operand_b<31>|    8.303(R)|      SLOW  |    0.876(R)|      SLOW  |clk_BUFGP         |   0.000|
rst          |    3.756(R)|      SLOW  |    1.115(R)|      SLOW  |clk_BUFGP         |   0.000|
start        |    0.622(R)|      FAST  |    1.288(R)|      SLOW  |clk_BUFGP         |   0.000|
-------------+------------+------------+------------+------------+------------------+--------+

Clock clk to Pad
------------+-----------------+------------+-----------------+------------+------------------+--------+
            |Max (slowest) clk|  Process   |Min (fastest) clk|  Process   |                  | Clock  |
Destination |  (edge) to PAD  |   Corner   |  (edge) to PAD  |   Corner   |Internal Clock(s) | Phase  |
------------+-----------------+------------+-----------------+------------+------------------+--------+
opr_done    |         9.493(R)|      SLOW  |         4.221(R)|      FAST  |clk_BUFGP         |   0.000|
ovf         |         8.770(R)|      SLOW  |         3.854(R)|      FAST  |clk_BUFGP         |   0.000|
result<0>   |         8.104(R)|      SLOW  |         3.449(R)|      FAST  |clk_BUFGP         |   0.000|
result<1>   |         8.113(R)|      SLOW  |         3.443(R)|      FAST  |clk_BUFGP         |   0.000|
result<2>   |         8.123(R)|      SLOW  |         3.446(R)|      FAST  |clk_BUFGP         |   0.000|
result<3>   |         8.316(R)|      SLOW  |         3.604(R)|      FAST  |clk_BUFGP         |   0.000|
result<4>   |         8.171(R)|      SLOW  |         3.476(R)|      FAST  |clk_BUFGP         |   0.000|
result<5>   |         8.000(R)|      SLOW  |         3.371(R)|      FAST  |clk_BUFGP         |   0.000|
result<6>   |         7.893(R)|      SLOW  |         3.331(R)|      FAST  |clk_BUFGP         |   0.000|
result<7>   |         8.205(R)|      SLOW  |         3.498(R)|      FAST  |clk_BUFGP         |   0.000|
result<8>   |         8.069(R)|      SLOW  |         3.425(R)|      FAST  |clk_BUFGP         |   0.000|
result<9>   |         8.009(R)|      SLOW  |         3.404(R)|      FAST  |clk_BUFGP         |   0.000|
result<10>  |         8.085(R)|      SLOW  |         3.428(R)|      FAST  |clk_BUFGP         |   0.000|
result<11>  |         7.989(R)|      SLOW  |         3.376(R)|      FAST  |clk_BUFGP         |   0.000|
result<12>  |         8.106(R)|      SLOW  |         3.444(R)|      FAST  |clk_BUFGP         |   0.000|
result<13>  |         8.185(R)|      SLOW  |         3.479(R)|      FAST  |clk_BUFGP         |   0.000|
result<14>  |         8.150(R)|      SLOW  |         3.470(R)|      FAST  |clk_BUFGP         |   0.000|
result<15>  |         8.368(R)|      SLOW  |         3.609(R)|      FAST  |clk_BUFGP         |   0.000|
result<16>  |         8.415(R)|      SLOW  |         3.621(R)|      FAST  |clk_BUFGP         |   0.000|
result<17>  |         8.356(R)|      SLOW  |         3.609(R)|      FAST  |clk_BUFGP         |   0.000|
result<18>  |         8.277(R)|      SLOW  |         3.568(R)|      FAST  |clk_BUFGP         |   0.000|
result<19>  |         8.280(R)|      SLOW  |         3.523(R)|      FAST  |clk_BUFGP         |   0.000|
result<20>  |         8.488(R)|      SLOW  |         3.669(R)|      FAST  |clk_BUFGP         |   0.000|
result<21>  |         8.338(R)|      SLOW  |         3.590(R)|      FAST  |clk_BUFGP         |   0.000|
result<22>  |         8.361(R)|      SLOW  |         3.628(R)|      FAST  |clk_BUFGP         |   0.000|
result<23>  |         8.275(R)|      SLOW  |         3.533(R)|      FAST  |clk_BUFGP         |   0.000|
result<24>  |         8.406(R)|      SLOW  |         3.580(R)|      FAST  |clk_BUFGP         |   0.000|
result<25>  |         8.529(R)|      SLOW  |         3.700(R)|      FAST  |clk_BUFGP         |   0.000|
result<26>  |         8.365(R)|      SLOW  |         3.583(R)|      FAST  |clk_BUFGP         |   0.000|
result<27>  |         8.429(R)|      SLOW  |         3.593(R)|      FAST  |clk_BUFGP         |   0.000|
result<28>  |         8.669(R)|      SLOW  |         3.788(R)|      FAST  |clk_BUFGP         |   0.000|
result<29>  |         8.861(R)|      SLOW  |         3.863(R)|      FAST  |clk_BUFGP         |   0.000|
result<30>  |         8.650(R)|      SLOW  |         3.711(R)|      FAST  |clk_BUFGP         |   0.000|
result<31>  |         8.370(R)|      SLOW  |         3.552(R)|      FAST  |clk_BUFGP         |   0.000|
------------+-----------------+------------+-----------------+------------+------------------+--------+

Clock to Setup on destination clock clk
---------------+---------+---------+---------+---------+
               | Src:Rise| Src:Fall| Src:Rise| Src:Fall|
Source Clock   |Dest:Rise|Dest:Rise|Dest:Fall|Dest:Fall|
---------------+---------+---------+---------+---------+
clk            |    3.742|         |         |         |
---------------+---------+---------+---------+---------+


Analysis completed Tue Jun 14 17:07:22 2016 
--------------------------------------------------------------------------------

Trace Settings:
-------------------------
Trace Settings 

Peak Memory Usage: 768 MB



