--------------------------------------------------------------------------------
Release 14.7 Trace  (lin64)
Copyright (c) 1995-2013 Xilinx, Inc.  All rights reserved.

/home/waseemh/Xilinx/14.7/ISE_DS/ISE/bin/lin64/unwrapped/trce -intstyle ise -v
3 -s 3 -n 3 -fastpaths -xml linear_combinatorial.twx linear_combinatorial.ncd
-o linear_combinatorial.twr linear_combinatorial.pcf

Design file:              linear_combinatorial.ncd
Physical constraint file: linear_combinatorial.pcf
Device,package,speed:     xc7a100t,csg324,C,-3 (PRODUCTION 1.10 2013-10-13)
Report level:             verbose report

Environment Variable      Effect 
--------------------      ------ 
NONE                      No environment variables were set
--------------------------------------------------------------------------------

INFO:Timing:2698 - No timing constraints found, doing default enumeration.
INFO:Timing:3412 - To improve timing, see the Timing Closure User Guide (UG612).
INFO:Timing:2752 - To get complete path coverage, use the unconstrained paths 
   option. All paths that are not constrained will be reported in the 
   unconstrained paths section(s) of the report.
INFO:Timing:3339 - The clock-to-out numbers in this timing report are based on 
   a 50 Ohm transmission line loading model.  For the details of this model, 
   and for more information on accounting for different loading conditions, 
   please see the device datasheet.



Data Sheet report:
-----------------
All values displayed in nanoseconds (ns)

Pad to Pad
---------------+---------------+---------+
Source Pad     |Destination Pad|  Delay  |
---------------+---------------+---------+
operand_a<0>   |ovf            |   46.081|
operand_a<0>   |result<0>      |   32.002|
operand_a<0>   |result<1>      |   33.700|
operand_a<0>   |result<2>      |   33.536|
operand_a<0>   |result<3>      |   35.130|
operand_a<0>   |result<4>      |   36.075|
operand_a<0>   |result<5>      |   36.092|
operand_a<0>   |result<6>      |   36.204|
operand_a<0>   |result<7>      |   36.704|
operand_a<0>   |result<8>      |   37.590|
operand_a<0>   |result<9>      |   37.415|
operand_a<0>   |result<10>     |   37.327|
operand_a<0>   |result<11>     |   37.883|
operand_a<0>   |result<12>     |   37.944|
operand_a<0>   |result<13>     |   38.635|
operand_a<0>   |result<14>     |   38.678|
operand_a<0>   |result<15>     |   39.506|
operand_a<0>   |result<16>     |   40.344|
operand_a<0>   |result<17>     |   40.478|
operand_a<0>   |result<18>     |   40.577|
operand_a<0>   |result<19>     |   41.182|
operand_a<0>   |result<20>     |   41.903|
operand_a<0>   |result<21>     |   42.197|
operand_a<0>   |result<22>     |   42.833|
operand_a<0>   |result<23>     |   43.008|
operand_a<0>   |result<24>     |   43.790|
operand_a<0>   |result<25>     |   44.070|
operand_a<0>   |result<26>     |   44.739|
operand_a<0>   |result<27>     |   44.663|
operand_a<0>   |result<28>     |   45.389|
operand_a<0>   |result<29>     |   46.120|
operand_a<0>   |result<30>     |   45.984|
operand_a<0>   |result<31>     |   46.837|
operand_a<1>   |ovf            |   46.355|
operand_a<1>   |result<0>      |   32.276|
operand_a<1>   |result<1>      |   33.974|
operand_a<1>   |result<2>      |   33.810|
operand_a<1>   |result<3>      |   35.404|
operand_a<1>   |result<4>      |   36.349|
operand_a<1>   |result<5>      |   36.366|
operand_a<1>   |result<6>      |   36.478|
operand_a<1>   |result<7>      |   36.978|
operand_a<1>   |result<8>      |   37.864|
operand_a<1>   |result<9>      |   37.689|
operand_a<1>   |result<10>     |   37.601|
operand_a<1>   |result<11>     |   38.157|
operand_a<1>   |result<12>     |   38.218|
operand_a<1>   |result<13>     |   38.909|
operand_a<1>   |result<14>     |   38.952|
operand_a<1>   |result<15>     |   39.780|
operand_a<1>   |result<16>     |   40.618|
operand_a<1>   |result<17>     |   40.752|
operand_a<1>   |result<18>     |   40.851|
operand_a<1>   |result<19>     |   41.456|
operand_a<1>   |result<20>     |   42.177|
operand_a<1>   |result<21>     |   42.471|
operand_a<1>   |result<22>     |   43.107|
operand_a<1>   |result<23>     |   43.282|
operand_a<1>   |result<24>     |   44.064|
operand_a<1>   |result<25>     |   44.344|
operand_a<1>   |result<26>     |   45.013|
operand_a<1>   |result<27>     |   44.937|
operand_a<1>   |result<28>     |   45.663|
operand_a<1>   |result<29>     |   46.394|
operand_a<1>   |result<30>     |   46.258|
operand_a<1>   |result<31>     |   47.111|
operand_a<2>   |ovf            |   46.353|
operand_a<2>   |result<0>      |   32.274|
operand_a<2>   |result<1>      |   33.972|
operand_a<2>   |result<2>      |   33.808|
operand_a<2>   |result<3>      |   35.402|
operand_a<2>   |result<4>      |   36.347|
operand_a<2>   |result<5>      |   36.364|
operand_a<2>   |result<6>      |   36.476|
operand_a<2>   |result<7>      |   36.976|
operand_a<2>   |result<8>      |   37.862|
operand_a<2>   |result<9>      |   37.687|
operand_a<2>   |result<10>     |   37.599|
operand_a<2>   |result<11>     |   38.155|
operand_a<2>   |result<12>     |   38.216|
operand_a<2>   |result<13>     |   38.907|
operand_a<2>   |result<14>     |   38.950|
operand_a<2>   |result<15>     |   39.778|
operand_a<2>   |result<16>     |   40.616|
operand_a<2>   |result<17>     |   40.750|
operand_a<2>   |result<18>     |   40.849|
operand_a<2>   |result<19>     |   41.454|
operand_a<2>   |result<20>     |   42.175|
operand_a<2>   |result<21>     |   42.469|
operand_a<2>   |result<22>     |   43.105|
operand_a<2>   |result<23>     |   43.280|
operand_a<2>   |result<24>     |   44.062|
operand_a<2>   |result<25>     |   44.342|
operand_a<2>   |result<26>     |   45.011|
operand_a<2>   |result<27>     |   44.935|
operand_a<2>   |result<28>     |   45.661|
operand_a<2>   |result<29>     |   46.392|
operand_a<2>   |result<30>     |   46.256|
operand_a<2>   |result<31>     |   47.109|
operand_a<3>   |ovf            |   46.329|
operand_a<3>   |result<0>      |   32.250|
operand_a<3>   |result<1>      |   33.948|
operand_a<3>   |result<2>      |   33.784|
operand_a<3>   |result<3>      |   35.378|
operand_a<3>   |result<4>      |   36.323|
operand_a<3>   |result<5>      |   36.340|
operand_a<3>   |result<6>      |   36.452|
operand_a<3>   |result<7>      |   36.952|
operand_a<3>   |result<8>      |   37.838|
operand_a<3>   |result<9>      |   37.663|
operand_a<3>   |result<10>     |   37.575|
operand_a<3>   |result<11>     |   38.131|
operand_a<3>   |result<12>     |   38.192|
operand_a<3>   |result<13>     |   38.883|
operand_a<3>   |result<14>     |   38.926|
operand_a<3>   |result<15>     |   39.754|
operand_a<3>   |result<16>     |   40.592|
operand_a<3>   |result<17>     |   40.726|
operand_a<3>   |result<18>     |   40.825|
operand_a<3>   |result<19>     |   41.430|
operand_a<3>   |result<20>     |   42.151|
operand_a<3>   |result<21>     |   42.445|
operand_a<3>   |result<22>     |   43.081|
operand_a<3>   |result<23>     |   43.256|
operand_a<3>   |result<24>     |   44.038|
operand_a<3>   |result<25>     |   44.318|
operand_a<3>   |result<26>     |   44.987|
operand_a<3>   |result<27>     |   44.911|
operand_a<3>   |result<28>     |   45.637|
operand_a<3>   |result<29>     |   46.368|
operand_a<3>   |result<30>     |   46.232|
operand_a<3>   |result<31>     |   47.085|
operand_a<4>   |ovf            |   45.231|
operand_a<4>   |result<0>      |   31.152|
operand_a<4>   |result<1>      |   32.850|
operand_a<4>   |result<2>      |   32.686|
operand_a<4>   |result<3>      |   34.280|
operand_a<4>   |result<4>      |   35.225|
operand_a<4>   |result<5>      |   35.242|
operand_a<4>   |result<6>      |   35.354|
operand_a<4>   |result<7>      |   35.854|
operand_a<4>   |result<8>      |   36.740|
operand_a<4>   |result<9>      |   36.565|
operand_a<4>   |result<10>     |   36.477|
operand_a<4>   |result<11>     |   37.033|
operand_a<4>   |result<12>     |   37.094|
operand_a<4>   |result<13>     |   37.785|
operand_a<4>   |result<14>     |   37.828|
operand_a<4>   |result<15>     |   38.656|
operand_a<4>   |result<16>     |   39.494|
operand_a<4>   |result<17>     |   39.628|
operand_a<4>   |result<18>     |   39.727|
operand_a<4>   |result<19>     |   40.332|
operand_a<4>   |result<20>     |   41.053|
operand_a<4>   |result<21>     |   41.347|
operand_a<4>   |result<22>     |   41.983|
operand_a<4>   |result<23>     |   42.158|
operand_a<4>   |result<24>     |   42.940|
operand_a<4>   |result<25>     |   43.220|
operand_a<4>   |result<26>     |   43.889|
operand_a<4>   |result<27>     |   43.813|
operand_a<4>   |result<28>     |   44.539|
operand_a<4>   |result<29>     |   45.270|
operand_a<4>   |result<30>     |   45.134|
operand_a<4>   |result<31>     |   45.987|
operand_a<5>   |ovf            |   45.419|
operand_a<5>   |result<0>      |   31.340|
operand_a<5>   |result<1>      |   33.038|
operand_a<5>   |result<2>      |   32.874|
operand_a<5>   |result<3>      |   34.468|
operand_a<5>   |result<4>      |   35.413|
operand_a<5>   |result<5>      |   35.430|
operand_a<5>   |result<6>      |   35.542|
operand_a<5>   |result<7>      |   36.042|
operand_a<5>   |result<8>      |   36.928|
operand_a<5>   |result<9>      |   36.753|
operand_a<5>   |result<10>     |   36.665|
operand_a<5>   |result<11>     |   37.221|
operand_a<5>   |result<12>     |   37.282|
operand_a<5>   |result<13>     |   37.973|
operand_a<5>   |result<14>     |   38.016|
operand_a<5>   |result<15>     |   38.844|
operand_a<5>   |result<16>     |   39.682|
operand_a<5>   |result<17>     |   39.816|
operand_a<5>   |result<18>     |   39.915|
operand_a<5>   |result<19>     |   40.520|
operand_a<5>   |result<20>     |   41.241|
operand_a<5>   |result<21>     |   41.535|
operand_a<5>   |result<22>     |   42.171|
operand_a<5>   |result<23>     |   42.346|
operand_a<5>   |result<24>     |   43.128|
operand_a<5>   |result<25>     |   43.408|
operand_a<5>   |result<26>     |   44.077|
operand_a<5>   |result<27>     |   44.001|
operand_a<5>   |result<28>     |   44.727|
operand_a<5>   |result<29>     |   45.458|
operand_a<5>   |result<30>     |   45.322|
operand_a<5>   |result<31>     |   46.175|
operand_a<6>   |ovf            |   45.349|
operand_a<6>   |result<0>      |   31.270|
operand_a<6>   |result<1>      |   32.968|
operand_a<6>   |result<2>      |   32.804|
operand_a<6>   |result<3>      |   34.398|
operand_a<6>   |result<4>      |   35.343|
operand_a<6>   |result<5>      |   35.360|
operand_a<6>   |result<6>      |   35.472|
operand_a<6>   |result<7>      |   35.972|
operand_a<6>   |result<8>      |   36.858|
operand_a<6>   |result<9>      |   36.683|
operand_a<6>   |result<10>     |   36.595|
operand_a<6>   |result<11>     |   37.151|
operand_a<6>   |result<12>     |   37.212|
operand_a<6>   |result<13>     |   37.903|
operand_a<6>   |result<14>     |   37.946|
operand_a<6>   |result<15>     |   38.774|
operand_a<6>   |result<16>     |   39.612|
operand_a<6>   |result<17>     |   39.746|
operand_a<6>   |result<18>     |   39.845|
operand_a<6>   |result<19>     |   40.450|
operand_a<6>   |result<20>     |   41.171|
operand_a<6>   |result<21>     |   41.465|
operand_a<6>   |result<22>     |   42.101|
operand_a<6>   |result<23>     |   42.276|
operand_a<6>   |result<24>     |   43.058|
operand_a<6>   |result<25>     |   43.338|
operand_a<6>   |result<26>     |   44.007|
operand_a<6>   |result<27>     |   43.931|
operand_a<6>   |result<28>     |   44.657|
operand_a<6>   |result<29>     |   45.388|
operand_a<6>   |result<30>     |   45.252|
operand_a<6>   |result<31>     |   46.105|
operand_a<7>   |ovf            |   45.661|
operand_a<7>   |result<0>      |   31.582|
operand_a<7>   |result<1>      |   33.280|
operand_a<7>   |result<2>      |   33.116|
operand_a<7>   |result<3>      |   34.710|
operand_a<7>   |result<4>      |   35.655|
operand_a<7>   |result<5>      |   35.672|
operand_a<7>   |result<6>      |   35.784|
operand_a<7>   |result<7>      |   36.284|
operand_a<7>   |result<8>      |   37.170|
operand_a<7>   |result<9>      |   36.995|
operand_a<7>   |result<10>     |   36.907|
operand_a<7>   |result<11>     |   37.463|
operand_a<7>   |result<12>     |   37.524|
operand_a<7>   |result<13>     |   38.215|
operand_a<7>   |result<14>     |   38.258|
operand_a<7>   |result<15>     |   39.086|
operand_a<7>   |result<16>     |   39.924|
operand_a<7>   |result<17>     |   40.058|
operand_a<7>   |result<18>     |   40.157|
operand_a<7>   |result<19>     |   40.762|
operand_a<7>   |result<20>     |   41.483|
operand_a<7>   |result<21>     |   41.777|
operand_a<7>   |result<22>     |   42.413|
operand_a<7>   |result<23>     |   42.588|
operand_a<7>   |result<24>     |   43.370|
operand_a<7>   |result<25>     |   43.650|
operand_a<7>   |result<26>     |   44.319|
operand_a<7>   |result<27>     |   44.243|
operand_a<7>   |result<28>     |   44.969|
operand_a<7>   |result<29>     |   45.700|
operand_a<7>   |result<30>     |   45.564|
operand_a<7>   |result<31>     |   46.417|
operand_a<8>   |ovf            |   45.604|
operand_a<8>   |result<0>      |   31.525|
operand_a<8>   |result<1>      |   33.223|
operand_a<8>   |result<2>      |   33.059|
operand_a<8>   |result<3>      |   34.653|
operand_a<8>   |result<4>      |   35.598|
operand_a<8>   |result<5>      |   35.615|
operand_a<8>   |result<6>      |   35.727|
operand_a<8>   |result<7>      |   36.227|
operand_a<8>   |result<8>      |   37.113|
operand_a<8>   |result<9>      |   36.938|
operand_a<8>   |result<10>     |   36.850|
operand_a<8>   |result<11>     |   37.406|
operand_a<8>   |result<12>     |   37.467|
operand_a<8>   |result<13>     |   38.158|
operand_a<8>   |result<14>     |   38.201|
operand_a<8>   |result<15>     |   39.029|
operand_a<8>   |result<16>     |   39.867|
operand_a<8>   |result<17>     |   40.001|
operand_a<8>   |result<18>     |   40.100|
operand_a<8>   |result<19>     |   40.705|
operand_a<8>   |result<20>     |   41.426|
operand_a<8>   |result<21>     |   41.720|
operand_a<8>   |result<22>     |   42.356|
operand_a<8>   |result<23>     |   42.531|
operand_a<8>   |result<24>     |   43.313|
operand_a<8>   |result<25>     |   43.593|
operand_a<8>   |result<26>     |   44.262|
operand_a<8>   |result<27>     |   44.186|
operand_a<8>   |result<28>     |   44.912|
operand_a<8>   |result<29>     |   45.643|
operand_a<8>   |result<30>     |   45.507|
operand_a<8>   |result<31>     |   46.360|
operand_a<9>   |ovf            |   45.322|
operand_a<9>   |result<0>      |   31.243|
operand_a<9>   |result<1>      |   32.941|
operand_a<9>   |result<2>      |   32.777|
operand_a<9>   |result<3>      |   34.371|
operand_a<9>   |result<4>      |   35.316|
operand_a<9>   |result<5>      |   35.333|
operand_a<9>   |result<6>      |   35.445|
operand_a<9>   |result<7>      |   35.945|
operand_a<9>   |result<8>      |   36.831|
operand_a<9>   |result<9>      |   36.656|
operand_a<9>   |result<10>     |   36.568|
operand_a<9>   |result<11>     |   37.124|
operand_a<9>   |result<12>     |   37.185|
operand_a<9>   |result<13>     |   37.876|
operand_a<9>   |result<14>     |   37.919|
operand_a<9>   |result<15>     |   38.747|
operand_a<9>   |result<16>     |   39.585|
operand_a<9>   |result<17>     |   39.719|
operand_a<9>   |result<18>     |   39.818|
operand_a<9>   |result<19>     |   40.423|
operand_a<9>   |result<20>     |   41.144|
operand_a<9>   |result<21>     |   41.438|
operand_a<9>   |result<22>     |   42.074|
operand_a<9>   |result<23>     |   42.249|
operand_a<9>   |result<24>     |   43.031|
operand_a<9>   |result<25>     |   43.311|
operand_a<9>   |result<26>     |   43.980|
operand_a<9>   |result<27>     |   43.904|
operand_a<9>   |result<28>     |   44.630|
operand_a<9>   |result<29>     |   45.361|
operand_a<9>   |result<30>     |   45.225|
operand_a<9>   |result<31>     |   46.078|
operand_a<10>  |ovf            |   45.075|
operand_a<10>  |result<0>      |   30.996|
operand_a<10>  |result<1>      |   32.694|
operand_a<10>  |result<2>      |   32.530|
operand_a<10>  |result<3>      |   34.124|
operand_a<10>  |result<4>      |   35.069|
operand_a<10>  |result<5>      |   35.086|
operand_a<10>  |result<6>      |   35.198|
operand_a<10>  |result<7>      |   35.698|
operand_a<10>  |result<8>      |   36.584|
operand_a<10>  |result<9>      |   36.409|
operand_a<10>  |result<10>     |   36.321|
operand_a<10>  |result<11>     |   36.877|
operand_a<10>  |result<12>     |   36.938|
operand_a<10>  |result<13>     |   37.629|
operand_a<10>  |result<14>     |   37.672|
operand_a<10>  |result<15>     |   38.500|
operand_a<10>  |result<16>     |   39.338|
operand_a<10>  |result<17>     |   39.472|
operand_a<10>  |result<18>     |   39.571|
operand_a<10>  |result<19>     |   40.176|
operand_a<10>  |result<20>     |   40.897|
operand_a<10>  |result<21>     |   41.191|
operand_a<10>  |result<22>     |   41.827|
operand_a<10>  |result<23>     |   42.002|
operand_a<10>  |result<24>     |   42.784|
operand_a<10>  |result<25>     |   43.064|
operand_a<10>  |result<26>     |   43.733|
operand_a<10>  |result<27>     |   43.657|
operand_a<10>  |result<28>     |   44.383|
operand_a<10>  |result<29>     |   45.114|
operand_a<10>  |result<30>     |   44.978|
operand_a<10>  |result<31>     |   45.831|
operand_a<11>  |ovf            |   44.901|
operand_a<11>  |result<0>      |   30.822|
operand_a<11>  |result<1>      |   32.520|
operand_a<11>  |result<2>      |   32.356|
operand_a<11>  |result<3>      |   33.950|
operand_a<11>  |result<4>      |   34.895|
operand_a<11>  |result<5>      |   34.912|
operand_a<11>  |result<6>      |   35.024|
operand_a<11>  |result<7>      |   35.524|
operand_a<11>  |result<8>      |   36.410|
operand_a<11>  |result<9>      |   36.235|
operand_a<11>  |result<10>     |   36.147|
operand_a<11>  |result<11>     |   36.703|
operand_a<11>  |result<12>     |   36.764|
operand_a<11>  |result<13>     |   37.455|
operand_a<11>  |result<14>     |   37.498|
operand_a<11>  |result<15>     |   38.326|
operand_a<11>  |result<16>     |   39.164|
operand_a<11>  |result<17>     |   39.298|
operand_a<11>  |result<18>     |   39.397|
operand_a<11>  |result<19>     |   40.002|
operand_a<11>  |result<20>     |   40.723|
operand_a<11>  |result<21>     |   41.017|
operand_a<11>  |result<22>     |   41.653|
operand_a<11>  |result<23>     |   41.828|
operand_a<11>  |result<24>     |   42.610|
operand_a<11>  |result<25>     |   42.890|
operand_a<11>  |result<26>     |   43.559|
operand_a<11>  |result<27>     |   43.483|
operand_a<11>  |result<28>     |   44.209|
operand_a<11>  |result<29>     |   44.940|
operand_a<11>  |result<30>     |   44.804|
operand_a<11>  |result<31>     |   45.657|
operand_a<12>  |ovf            |   44.667|
operand_a<12>  |result<0>      |   30.588|
operand_a<12>  |result<1>      |   32.286|
operand_a<12>  |result<2>      |   32.122|
operand_a<12>  |result<3>      |   33.716|
operand_a<12>  |result<4>      |   34.661|
operand_a<12>  |result<5>      |   34.678|
operand_a<12>  |result<6>      |   34.790|
operand_a<12>  |result<7>      |   35.290|
operand_a<12>  |result<8>      |   36.176|
operand_a<12>  |result<9>      |   36.001|
operand_a<12>  |result<10>     |   35.913|
operand_a<12>  |result<11>     |   36.469|
operand_a<12>  |result<12>     |   36.530|
operand_a<12>  |result<13>     |   37.221|
operand_a<12>  |result<14>     |   37.264|
operand_a<12>  |result<15>     |   38.092|
operand_a<12>  |result<16>     |   38.930|
operand_a<12>  |result<17>     |   39.064|
operand_a<12>  |result<18>     |   39.163|
operand_a<12>  |result<19>     |   39.768|
operand_a<12>  |result<20>     |   40.489|
operand_a<12>  |result<21>     |   40.783|
operand_a<12>  |result<22>     |   41.419|
operand_a<12>  |result<23>     |   41.594|
operand_a<12>  |result<24>     |   42.376|
operand_a<12>  |result<25>     |   42.656|
operand_a<12>  |result<26>     |   43.325|
operand_a<12>  |result<27>     |   43.249|
operand_a<12>  |result<28>     |   43.975|
operand_a<12>  |result<29>     |   44.706|
operand_a<12>  |result<30>     |   44.570|
operand_a<12>  |result<31>     |   45.423|
operand_a<13>  |ovf            |   43.438|
operand_a<13>  |result<0>      |   29.359|
operand_a<13>  |result<1>      |   31.057|
operand_a<13>  |result<2>      |   30.893|
operand_a<13>  |result<3>      |   32.487|
operand_a<13>  |result<4>      |   33.432|
operand_a<13>  |result<5>      |   33.449|
operand_a<13>  |result<6>      |   33.561|
operand_a<13>  |result<7>      |   34.061|
operand_a<13>  |result<8>      |   34.947|
operand_a<13>  |result<9>      |   34.772|
operand_a<13>  |result<10>     |   34.684|
operand_a<13>  |result<11>     |   35.240|
operand_a<13>  |result<12>     |   35.301|
operand_a<13>  |result<13>     |   35.992|
operand_a<13>  |result<14>     |   36.035|
operand_a<13>  |result<15>     |   36.863|
operand_a<13>  |result<16>     |   37.701|
operand_a<13>  |result<17>     |   37.835|
operand_a<13>  |result<18>     |   37.934|
operand_a<13>  |result<19>     |   38.539|
operand_a<13>  |result<20>     |   39.260|
operand_a<13>  |result<21>     |   39.554|
operand_a<13>  |result<22>     |   40.190|
operand_a<13>  |result<23>     |   40.365|
operand_a<13>  |result<24>     |   41.147|
operand_a<13>  |result<25>     |   41.427|
operand_a<13>  |result<26>     |   42.096|
operand_a<13>  |result<27>     |   42.020|
operand_a<13>  |result<28>     |   42.746|
operand_a<13>  |result<29>     |   43.477|
operand_a<13>  |result<30>     |   43.341|
operand_a<13>  |result<31>     |   44.194|
operand_a<14>  |ovf            |   44.680|
operand_a<14>  |result<0>      |   30.601|
operand_a<14>  |result<1>      |   32.299|
operand_a<14>  |result<2>      |   32.135|
operand_a<14>  |result<3>      |   33.729|
operand_a<14>  |result<4>      |   34.674|
operand_a<14>  |result<5>      |   34.691|
operand_a<14>  |result<6>      |   34.803|
operand_a<14>  |result<7>      |   35.303|
operand_a<14>  |result<8>      |   36.189|
operand_a<14>  |result<9>      |   36.014|
operand_a<14>  |result<10>     |   35.926|
operand_a<14>  |result<11>     |   36.482|
operand_a<14>  |result<12>     |   36.543|
operand_a<14>  |result<13>     |   37.234|
operand_a<14>  |result<14>     |   37.277|
operand_a<14>  |result<15>     |   38.105|
operand_a<14>  |result<16>     |   38.943|
operand_a<14>  |result<17>     |   39.077|
operand_a<14>  |result<18>     |   39.176|
operand_a<14>  |result<19>     |   39.781|
operand_a<14>  |result<20>     |   40.502|
operand_a<14>  |result<21>     |   40.796|
operand_a<14>  |result<22>     |   41.432|
operand_a<14>  |result<23>     |   41.607|
operand_a<14>  |result<24>     |   42.389|
operand_a<14>  |result<25>     |   42.669|
operand_a<14>  |result<26>     |   43.338|
operand_a<14>  |result<27>     |   43.262|
operand_a<14>  |result<28>     |   43.988|
operand_a<14>  |result<29>     |   44.719|
operand_a<14>  |result<30>     |   44.583|
operand_a<14>  |result<31>     |   45.436|
operand_a<15>  |ovf            |   43.565|
operand_a<15>  |result<0>      |   29.486|
operand_a<15>  |result<1>      |   31.184|
operand_a<15>  |result<2>      |   31.020|
operand_a<15>  |result<3>      |   32.614|
operand_a<15>  |result<4>      |   33.559|
operand_a<15>  |result<5>      |   33.576|
operand_a<15>  |result<6>      |   33.688|
operand_a<15>  |result<7>      |   34.188|
operand_a<15>  |result<8>      |   35.074|
operand_a<15>  |result<9>      |   34.899|
operand_a<15>  |result<10>     |   34.811|
operand_a<15>  |result<11>     |   35.367|
operand_a<15>  |result<12>     |   35.428|
operand_a<15>  |result<13>     |   36.119|
operand_a<15>  |result<14>     |   36.162|
operand_a<15>  |result<15>     |   36.990|
operand_a<15>  |result<16>     |   37.828|
operand_a<15>  |result<17>     |   37.962|
operand_a<15>  |result<18>     |   38.061|
operand_a<15>  |result<19>     |   38.666|
operand_a<15>  |result<20>     |   39.387|
operand_a<15>  |result<21>     |   39.681|
operand_a<15>  |result<22>     |   40.317|
operand_a<15>  |result<23>     |   40.492|
operand_a<15>  |result<24>     |   41.274|
operand_a<15>  |result<25>     |   41.554|
operand_a<15>  |result<26>     |   42.223|
operand_a<15>  |result<27>     |   42.147|
operand_a<15>  |result<28>     |   42.873|
operand_a<15>  |result<29>     |   43.604|
operand_a<15>  |result<30>     |   43.468|
operand_a<15>  |result<31>     |   44.321|
operand_a<16>  |ovf            |   43.455|
operand_a<16>  |result<0>      |   29.376|
operand_a<16>  |result<1>      |   31.074|
operand_a<16>  |result<2>      |   30.910|
operand_a<16>  |result<3>      |   32.504|
operand_a<16>  |result<4>      |   33.449|
operand_a<16>  |result<5>      |   33.466|
operand_a<16>  |result<6>      |   33.578|
operand_a<16>  |result<7>      |   34.078|
operand_a<16>  |result<8>      |   34.964|
operand_a<16>  |result<9>      |   34.789|
operand_a<16>  |result<10>     |   34.701|
operand_a<16>  |result<11>     |   35.257|
operand_a<16>  |result<12>     |   35.318|
operand_a<16>  |result<13>     |   36.009|
operand_a<16>  |result<14>     |   36.052|
operand_a<16>  |result<15>     |   36.880|
operand_a<16>  |result<16>     |   37.718|
operand_a<16>  |result<17>     |   37.852|
operand_a<16>  |result<18>     |   37.951|
operand_a<16>  |result<19>     |   38.556|
operand_a<16>  |result<20>     |   39.277|
operand_a<16>  |result<21>     |   39.571|
operand_a<16>  |result<22>     |   40.207|
operand_a<16>  |result<23>     |   40.382|
operand_a<16>  |result<24>     |   41.164|
operand_a<16>  |result<25>     |   41.444|
operand_a<16>  |result<26>     |   42.113|
operand_a<16>  |result<27>     |   42.037|
operand_a<16>  |result<28>     |   42.763|
operand_a<16>  |result<29>     |   43.494|
operand_a<16>  |result<30>     |   43.358|
operand_a<16>  |result<31>     |   44.211|
operand_a<17>  |ovf            |   42.914|
operand_a<17>  |result<0>      |   28.835|
operand_a<17>  |result<1>      |   30.533|
operand_a<17>  |result<2>      |   30.369|
operand_a<17>  |result<3>      |   31.963|
operand_a<17>  |result<4>      |   32.908|
operand_a<17>  |result<5>      |   32.925|
operand_a<17>  |result<6>      |   33.037|
operand_a<17>  |result<7>      |   33.537|
operand_a<17>  |result<8>      |   34.423|
operand_a<17>  |result<9>      |   34.248|
operand_a<17>  |result<10>     |   34.160|
operand_a<17>  |result<11>     |   34.716|
operand_a<17>  |result<12>     |   34.777|
operand_a<17>  |result<13>     |   35.468|
operand_a<17>  |result<14>     |   35.511|
operand_a<17>  |result<15>     |   36.339|
operand_a<17>  |result<16>     |   37.177|
operand_a<17>  |result<17>     |   37.311|
operand_a<17>  |result<18>     |   37.410|
operand_a<17>  |result<19>     |   38.015|
operand_a<17>  |result<20>     |   38.736|
operand_a<17>  |result<21>     |   39.030|
operand_a<17>  |result<22>     |   39.666|
operand_a<17>  |result<23>     |   39.841|
operand_a<17>  |result<24>     |   40.623|
operand_a<17>  |result<25>     |   40.903|
operand_a<17>  |result<26>     |   41.572|
operand_a<17>  |result<27>     |   41.496|
operand_a<17>  |result<28>     |   42.222|
operand_a<17>  |result<29>     |   42.953|
operand_a<17>  |result<30>     |   42.817|
operand_a<17>  |result<31>     |   43.670|
operand_a<18>  |ovf            |   43.257|
operand_a<18>  |result<0>      |   29.178|
operand_a<18>  |result<1>      |   30.876|
operand_a<18>  |result<2>      |   30.712|
operand_a<18>  |result<3>      |   32.306|
operand_a<18>  |result<4>      |   33.251|
operand_a<18>  |result<5>      |   33.268|
operand_a<18>  |result<6>      |   33.380|
operand_a<18>  |result<7>      |   33.880|
operand_a<18>  |result<8>      |   34.766|
operand_a<18>  |result<9>      |   34.591|
operand_a<18>  |result<10>     |   34.503|
operand_a<18>  |result<11>     |   35.059|
operand_a<18>  |result<12>     |   35.120|
operand_a<18>  |result<13>     |   35.811|
operand_a<18>  |result<14>     |   35.854|
operand_a<18>  |result<15>     |   36.682|
operand_a<18>  |result<16>     |   37.520|
operand_a<18>  |result<17>     |   37.654|
operand_a<18>  |result<18>     |   37.753|
operand_a<18>  |result<19>     |   38.358|
operand_a<18>  |result<20>     |   39.079|
operand_a<18>  |result<21>     |   39.373|
operand_a<18>  |result<22>     |   40.009|
operand_a<18>  |result<23>     |   40.184|
operand_a<18>  |result<24>     |   40.966|
operand_a<18>  |result<25>     |   41.246|
operand_a<18>  |result<26>     |   41.915|
operand_a<18>  |result<27>     |   41.839|
operand_a<18>  |result<28>     |   42.565|
operand_a<18>  |result<29>     |   43.296|
operand_a<18>  |result<30>     |   43.160|
operand_a<18>  |result<31>     |   44.013|
operand_a<19>  |ovf            |   43.135|
operand_a<19>  |result<0>      |   29.056|
operand_a<19>  |result<1>      |   30.754|
operand_a<19>  |result<2>      |   30.590|
operand_a<19>  |result<3>      |   32.184|
operand_a<19>  |result<4>      |   33.129|
operand_a<19>  |result<5>      |   33.146|
operand_a<19>  |result<6>      |   33.258|
operand_a<19>  |result<7>      |   33.758|
operand_a<19>  |result<8>      |   34.644|
operand_a<19>  |result<9>      |   34.469|
operand_a<19>  |result<10>     |   34.381|
operand_a<19>  |result<11>     |   34.937|
operand_a<19>  |result<12>     |   34.998|
operand_a<19>  |result<13>     |   35.689|
operand_a<19>  |result<14>     |   35.732|
operand_a<19>  |result<15>     |   36.560|
operand_a<19>  |result<16>     |   37.398|
operand_a<19>  |result<17>     |   37.532|
operand_a<19>  |result<18>     |   37.631|
operand_a<19>  |result<19>     |   38.236|
operand_a<19>  |result<20>     |   38.957|
operand_a<19>  |result<21>     |   39.251|
operand_a<19>  |result<22>     |   39.887|
operand_a<19>  |result<23>     |   40.062|
operand_a<19>  |result<24>     |   40.844|
operand_a<19>  |result<25>     |   41.124|
operand_a<19>  |result<26>     |   41.793|
operand_a<19>  |result<27>     |   41.717|
operand_a<19>  |result<28>     |   42.443|
operand_a<19>  |result<29>     |   43.174|
operand_a<19>  |result<30>     |   43.038|
operand_a<19>  |result<31>     |   43.891|
operand_a<20>  |ovf            |   42.451|
operand_a<20>  |result<0>      |   28.372|
operand_a<20>  |result<1>      |   30.070|
operand_a<20>  |result<2>      |   29.906|
operand_a<20>  |result<3>      |   31.500|
operand_a<20>  |result<4>      |   32.445|
operand_a<20>  |result<5>      |   32.462|
operand_a<20>  |result<6>      |   32.574|
operand_a<20>  |result<7>      |   33.074|
operand_a<20>  |result<8>      |   33.960|
operand_a<20>  |result<9>      |   33.785|
operand_a<20>  |result<10>     |   33.697|
operand_a<20>  |result<11>     |   34.253|
operand_a<20>  |result<12>     |   34.314|
operand_a<20>  |result<13>     |   35.005|
operand_a<20>  |result<14>     |   35.048|
operand_a<20>  |result<15>     |   35.876|
operand_a<20>  |result<16>     |   36.714|
operand_a<20>  |result<17>     |   36.848|
operand_a<20>  |result<18>     |   36.947|
operand_a<20>  |result<19>     |   37.552|
operand_a<20>  |result<20>     |   38.273|
operand_a<20>  |result<21>     |   38.567|
operand_a<20>  |result<22>     |   39.203|
operand_a<20>  |result<23>     |   39.378|
operand_a<20>  |result<24>     |   40.160|
operand_a<20>  |result<25>     |   40.440|
operand_a<20>  |result<26>     |   41.109|
operand_a<20>  |result<27>     |   41.033|
operand_a<20>  |result<28>     |   41.759|
operand_a<20>  |result<29>     |   42.490|
operand_a<20>  |result<30>     |   42.354|
operand_a<20>  |result<31>     |   43.207|
operand_a<21>  |ovf            |   42.347|
operand_a<21>  |result<0>      |   28.268|
operand_a<21>  |result<1>      |   29.966|
operand_a<21>  |result<2>      |   29.802|
operand_a<21>  |result<3>      |   31.396|
operand_a<21>  |result<4>      |   32.341|
operand_a<21>  |result<5>      |   32.358|
operand_a<21>  |result<6>      |   32.470|
operand_a<21>  |result<7>      |   32.970|
operand_a<21>  |result<8>      |   33.856|
operand_a<21>  |result<9>      |   33.681|
operand_a<21>  |result<10>     |   33.593|
operand_a<21>  |result<11>     |   34.149|
operand_a<21>  |result<12>     |   34.210|
operand_a<21>  |result<13>     |   34.901|
operand_a<21>  |result<14>     |   34.944|
operand_a<21>  |result<15>     |   35.772|
operand_a<21>  |result<16>     |   36.610|
operand_a<21>  |result<17>     |   36.744|
operand_a<21>  |result<18>     |   36.843|
operand_a<21>  |result<19>     |   37.448|
operand_a<21>  |result<20>     |   38.169|
operand_a<21>  |result<21>     |   38.463|
operand_a<21>  |result<22>     |   39.099|
operand_a<21>  |result<23>     |   39.274|
operand_a<21>  |result<24>     |   40.056|
operand_a<21>  |result<25>     |   40.336|
operand_a<21>  |result<26>     |   41.005|
operand_a<21>  |result<27>     |   40.929|
operand_a<21>  |result<28>     |   41.655|
operand_a<21>  |result<29>     |   42.386|
operand_a<21>  |result<30>     |   42.250|
operand_a<21>  |result<31>     |   43.103|
operand_a<22>  |ovf            |   42.509|
operand_a<22>  |result<0>      |   28.430|
operand_a<22>  |result<1>      |   30.128|
operand_a<22>  |result<2>      |   29.964|
operand_a<22>  |result<3>      |   31.558|
operand_a<22>  |result<4>      |   32.503|
operand_a<22>  |result<5>      |   32.520|
operand_a<22>  |result<6>      |   32.632|
operand_a<22>  |result<7>      |   33.132|
operand_a<22>  |result<8>      |   34.018|
operand_a<22>  |result<9>      |   33.843|
operand_a<22>  |result<10>     |   33.755|
operand_a<22>  |result<11>     |   34.311|
operand_a<22>  |result<12>     |   34.372|
operand_a<22>  |result<13>     |   35.063|
operand_a<22>  |result<14>     |   35.106|
operand_a<22>  |result<15>     |   35.934|
operand_a<22>  |result<16>     |   36.772|
operand_a<22>  |result<17>     |   36.906|
operand_a<22>  |result<18>     |   37.005|
operand_a<22>  |result<19>     |   37.610|
operand_a<22>  |result<20>     |   38.331|
operand_a<22>  |result<21>     |   38.625|
operand_a<22>  |result<22>     |   39.261|
operand_a<22>  |result<23>     |   39.436|
operand_a<22>  |result<24>     |   40.218|
operand_a<22>  |result<25>     |   40.498|
operand_a<22>  |result<26>     |   41.167|
operand_a<22>  |result<27>     |   41.091|
operand_a<22>  |result<28>     |   41.817|
operand_a<22>  |result<29>     |   42.548|
operand_a<22>  |result<30>     |   42.412|
operand_a<22>  |result<31>     |   43.265|
operand_a<23>  |ovf            |   41.968|
operand_a<23>  |result<0>      |   27.889|
operand_a<23>  |result<1>      |   29.587|
operand_a<23>  |result<2>      |   29.423|
operand_a<23>  |result<3>      |   31.017|
operand_a<23>  |result<4>      |   31.962|
operand_a<23>  |result<5>      |   31.979|
operand_a<23>  |result<6>      |   32.091|
operand_a<23>  |result<7>      |   32.591|
operand_a<23>  |result<8>      |   33.477|
operand_a<23>  |result<9>      |   33.302|
operand_a<23>  |result<10>     |   33.214|
operand_a<23>  |result<11>     |   33.770|
operand_a<23>  |result<12>     |   33.831|
operand_a<23>  |result<13>     |   34.522|
operand_a<23>  |result<14>     |   34.565|
operand_a<23>  |result<15>     |   35.393|
operand_a<23>  |result<16>     |   36.231|
operand_a<23>  |result<17>     |   36.365|
operand_a<23>  |result<18>     |   36.464|
operand_a<23>  |result<19>     |   37.069|
operand_a<23>  |result<20>     |   37.790|
operand_a<23>  |result<21>     |   38.084|
operand_a<23>  |result<22>     |   38.720|
operand_a<23>  |result<23>     |   38.895|
operand_a<23>  |result<24>     |   39.677|
operand_a<23>  |result<25>     |   39.957|
operand_a<23>  |result<26>     |   40.626|
operand_a<23>  |result<27>     |   40.550|
operand_a<23>  |result<28>     |   41.276|
operand_a<23>  |result<29>     |   42.007|
operand_a<23>  |result<30>     |   41.871|
operand_a<23>  |result<31>     |   42.724|
operand_a<24>  |ovf            |   31.033|
operand_a<24>  |result<2>      |   11.109|
operand_a<24>  |result<3>      |   15.376|
operand_a<24>  |result<4>      |   16.321|
operand_a<24>  |result<5>      |   16.338|
operand_a<24>  |result<6>      |   16.450|
operand_a<24>  |result<7>      |   16.585|
operand_a<24>  |result<8>      |   17.042|
operand_a<24>  |result<9>      |   16.867|
operand_a<24>  |result<10>     |   16.779|
operand_a<24>  |result<11>     |   18.120|
operand_a<24>  |result<12>     |   18.495|
operand_a<24>  |result<13>     |   20.294|
operand_a<24>  |result<14>     |   20.337|
operand_a<24>  |result<15>     |   22.297|
operand_a<24>  |result<16>     |   22.993|
operand_a<24>  |result<17>     |   23.551|
operand_a<24>  |result<18>     |   23.706|
operand_a<24>  |result<19>     |   24.455|
operand_a<24>  |result<20>     |   25.193|
operand_a<24>  |result<21>     |   25.487|
operand_a<24>  |result<22>     |   26.194|
operand_a<24>  |result<23>     |   27.287|
operand_a<24>  |result<24>     |   27.878|
operand_a<24>  |result<25>     |   28.465|
operand_a<24>  |result<26>     |   29.165|
operand_a<24>  |result<27>     |   29.089|
operand_a<24>  |result<28>     |   29.815|
operand_a<24>  |result<29>     |   31.072|
operand_a<24>  |result<30>     |   30.936|
operand_a<24>  |result<31>     |   31.789|
operand_a<25>  |ovf            |   30.936|
operand_a<25>  |result<3>      |   12.142|
operand_a<25>  |result<4>      |   13.087|
operand_a<25>  |result<5>      |   13.104|
operand_a<25>  |result<6>      |   13.216|
operand_a<25>  |result<7>      |   16.059|
operand_a<25>  |result<8>      |   16.945|
operand_a<25>  |result<9>      |   16.770|
operand_a<25>  |result<10>     |   16.682|
operand_a<25>  |result<11>     |   17.636|
operand_a<25>  |result<12>     |   18.011|
operand_a<25>  |result<13>     |   19.810|
operand_a<25>  |result<14>     |   19.853|
operand_a<25>  |result<15>     |   22.200|
operand_a<25>  |result<16>     |   22.896|
operand_a<25>  |result<17>     |   23.454|
operand_a<25>  |result<18>     |   23.609|
operand_a<25>  |result<19>     |   24.358|
operand_a<25>  |result<20>     |   25.096|
operand_a<25>  |result<21>     |   25.390|
operand_a<25>  |result<22>     |   26.097|
operand_a<25>  |result<23>     |   27.190|
operand_a<25>  |result<24>     |   27.781|
operand_a<25>  |result<25>     |   28.368|
operand_a<25>  |result<26>     |   29.068|
operand_a<25>  |result<27>     |   28.992|
operand_a<25>  |result<28>     |   29.718|
operand_a<25>  |result<29>     |   30.975|
operand_a<25>  |result<30>     |   30.839|
operand_a<25>  |result<31>     |   31.692|
operand_a<26>  |ovf            |   28.654|
operand_a<26>  |result<4>      |    9.930|
operand_a<26>  |result<5>      |   10.525|
operand_a<26>  |result<6>      |   11.175|
operand_a<26>  |result<7>      |   14.069|
operand_a<26>  |result<8>      |   14.955|
operand_a<26>  |result<9>      |   14.780|
operand_a<26>  |result<10>     |   14.692|
operand_a<26>  |result<11>     |   15.609|
operand_a<26>  |result<12>     |   15.984|
operand_a<26>  |result<13>     |   17.783|
operand_a<26>  |result<14>     |   17.826|
operand_a<26>  |result<15>     |   19.778|
operand_a<26>  |result<16>     |   20.474|
operand_a<26>  |result<17>     |   21.032|
operand_a<26>  |result<18>     |   21.187|
operand_a<26>  |result<19>     |   21.822|
operand_a<26>  |result<20>     |   22.560|
operand_a<26>  |result<21>     |   22.854|
operand_a<26>  |result<22>     |   23.530|
operand_a<26>  |result<23>     |   24.790|
operand_a<26>  |result<24>     |   25.381|
operand_a<26>  |result<25>     |   25.954|
operand_a<26>  |result<26>     |   26.654|
operand_a<26>  |result<27>     |   26.578|
operand_a<26>  |result<28>     |   27.304|
operand_a<26>  |result<29>     |   28.693|
operand_a<26>  |result<30>     |   28.557|
operand_a<26>  |result<31>     |   29.410|
operand_a<27>  |ovf            |   28.773|
operand_a<27>  |result<5>      |   10.431|
operand_a<27>  |result<6>      |   11.081|
operand_a<27>  |result<7>      |   12.949|
operand_a<27>  |result<8>      |   13.835|
operand_a<27>  |result<9>      |   13.660|
operand_a<27>  |result<10>     |   13.572|
operand_a<27>  |result<11>     |   15.501|
operand_a<27>  |result<12>     |   15.876|
operand_a<27>  |result<13>     |   17.675|
operand_a<27>  |result<14>     |   17.718|
operand_a<27>  |result<15>     |   19.684|
operand_a<27>  |result<16>     |   20.380|
operand_a<27>  |result<17>     |   20.938|
operand_a<27>  |result<18>     |   21.093|
operand_a<27>  |result<19>     |   21.728|
operand_a<27>  |result<20>     |   22.466|
operand_a<27>  |result<21>     |   22.760|
operand_a<27>  |result<22>     |   23.452|
operand_a<27>  |result<23>     |   24.909|
operand_a<27>  |result<24>     |   25.500|
operand_a<27>  |result<25>     |   26.073|
operand_a<27>  |result<26>     |   26.773|
operand_a<27>  |result<27>     |   26.697|
operand_a<27>  |result<28>     |   27.423|
operand_a<27>  |result<29>     |   28.812|
operand_a<27>  |result<30>     |   28.676|
operand_a<27>  |result<31>     |   29.529|
operand_a<28>  |ovf            |   28.451|
operand_a<28>  |result<6>      |   10.575|
operand_a<28>  |result<7>      |   11.680|
operand_a<28>  |result<8>      |   12.566|
operand_a<28>  |result<9>      |   12.391|
operand_a<28>  |result<10>     |   12.303|
operand_a<28>  |result<11>     |   14.056|
operand_a<28>  |result<12>     |   14.431|
operand_a<28>  |result<13>     |   16.782|
operand_a<28>  |result<14>     |   16.825|
operand_a<28>  |result<15>     |   18.432|
operand_a<28>  |result<16>     |   19.128|
operand_a<28>  |result<17>     |   19.686|
operand_a<28>  |result<18>     |   19.841|
operand_a<28>  |result<19>     |   21.391|
operand_a<28>  |result<20>     |   22.129|
operand_a<28>  |result<21>     |   22.423|
operand_a<28>  |result<22>     |   23.130|
operand_a<28>  |result<23>     |   24.587|
operand_a<28>  |result<24>     |   25.178|
operand_a<28>  |result<25>     |   25.751|
operand_a<28>  |result<26>     |   26.451|
operand_a<28>  |result<27>     |   26.375|
operand_a<28>  |result<28>     |   27.101|
operand_a<28>  |result<29>     |   28.490|
operand_a<28>  |result<30>     |   28.354|
operand_a<28>  |result<31>     |   29.207|
operand_a<29>  |ovf            |   28.055|
operand_a<29>  |result<7>      |   10.959|
operand_a<29>  |result<8>      |   11.845|
operand_a<29>  |result<9>      |   11.670|
operand_a<29>  |result<10>     |   11.843|
operand_a<29>  |result<11>     |   13.671|
operand_a<29>  |result<12>     |   14.046|
operand_a<29>  |result<13>     |   15.266|
operand_a<29>  |result<14>     |   15.309|
operand_a<29>  |result<15>     |   17.412|
operand_a<29>  |result<16>     |   18.108|
operand_a<29>  |result<17>     |   18.666|
operand_a<29>  |result<18>     |   18.821|
operand_a<29>  |result<19>     |   20.995|
operand_a<29>  |result<20>     |   21.733|
operand_a<29>  |result<21>     |   22.027|
operand_a<29>  |result<22>     |   22.734|
operand_a<29>  |result<23>     |   24.191|
operand_a<29>  |result<24>     |   24.782|
operand_a<29>  |result<25>     |   25.355|
operand_a<29>  |result<26>     |   26.055|
operand_a<29>  |result<27>     |   25.979|
operand_a<29>  |result<28>     |   26.705|
operand_a<29>  |result<29>     |   28.094|
operand_a<29>  |result<30>     |   27.958|
operand_a<29>  |result<31>     |   28.811|
operand_a<30>  |ovf            |   26.548|
operand_a<30>  |result<8>      |    9.540|
operand_a<30>  |result<9>      |   10.813|
operand_a<30>  |result<10>     |   11.269|
operand_a<30>  |result<11>     |   13.097|
operand_a<30>  |result<12>     |   13.472|
operand_a<30>  |result<13>     |   14.283|
operand_a<30>  |result<14>     |   14.326|
operand_a<30>  |result<15>     |   15.704|
operand_a<30>  |result<16>     |   16.400|
operand_a<30>  |result<17>     |   16.958|
operand_a<30>  |result<18>     |   17.113|
operand_a<30>  |result<19>     |   19.175|
operand_a<30>  |result<20>     |   19.913|
operand_a<30>  |result<21>     |   20.207|
operand_a<30>  |result<22>     |   20.914|
operand_a<30>  |result<23>     |   22.460|
operand_a<30>  |result<24>     |   23.051|
operand_a<30>  |result<25>     |   23.624|
operand_a<30>  |result<26>     |   24.324|
operand_a<30>  |result<27>     |   24.248|
operand_a<30>  |result<28>     |   24.974|
operand_a<30>  |result<29>     |   26.587|
operand_a<30>  |result<30>     |   26.451|
operand_a<30>  |result<31>     |   27.304|
operand_a<31>  |ovf            |   50.953|
operand_a<31>  |result<0>      |   36.874|
operand_a<31>  |result<1>      |   38.572|
operand_a<31>  |result<2>      |   38.408|
operand_a<31>  |result<3>      |   40.002|
operand_a<31>  |result<4>      |   40.947|
operand_a<31>  |result<5>      |   40.964|
operand_a<31>  |result<6>      |   41.076|
operand_a<31>  |result<7>      |   41.576|
operand_a<31>  |result<8>      |   42.462|
operand_a<31>  |result<9>      |   42.287|
operand_a<31>  |result<10>     |   42.199|
operand_a<31>  |result<11>     |   42.755|
operand_a<31>  |result<12>     |   42.816|
operand_a<31>  |result<13>     |   43.507|
operand_a<31>  |result<14>     |   43.550|
operand_a<31>  |result<15>     |   44.378|
operand_a<31>  |result<16>     |   45.216|
operand_a<31>  |result<17>     |   45.350|
operand_a<31>  |result<18>     |   45.449|
operand_a<31>  |result<19>     |   46.054|
operand_a<31>  |result<20>     |   46.775|
operand_a<31>  |result<21>     |   47.069|
operand_a<31>  |result<22>     |   47.705|
operand_a<31>  |result<23>     |   47.880|
operand_a<31>  |result<24>     |   48.662|
operand_a<31>  |result<25>     |   48.942|
operand_a<31>  |result<26>     |   49.611|
operand_a<31>  |result<27>     |   49.535|
operand_a<31>  |result<28>     |   50.261|
operand_a<31>  |result<29>     |   50.992|
operand_a<31>  |result<30>     |   50.856|
operand_a<31>  |result<31>     |   51.709|
operand_b<0>   |ovf            |   93.269|
operand_b<0>   |result<0>      |   85.959|
operand_b<0>   |result<1>      |   87.191|
operand_b<0>   |result<2>      |   86.573|
operand_b<0>   |result<3>      |   86.840|
operand_b<0>   |result<4>      |   88.101|
operand_b<0>   |result<5>      |   88.118|
operand_b<0>   |result<6>      |   88.230|
operand_b<0>   |result<7>      |   88.365|
operand_b<0>   |result<8>      |   88.859|
operand_b<0>   |result<9>      |   88.684|
operand_b<0>   |result<10>     |   88.708|
operand_b<0>   |result<11>     |   89.152|
operand_b<0>   |result<12>     |   89.396|
operand_b<0>   |result<13>     |   89.834|
operand_b<0>   |result<14>     |   89.968|
operand_b<0>   |result<15>     |   90.284|
operand_b<0>   |result<16>     |   91.039|
operand_b<0>   |result<17>     |   91.173|
operand_b<0>   |result<18>     |   91.272|
operand_b<0>   |result<19>     |   91.625|
operand_b<0>   |result<20>     |   92.340|
operand_b<0>   |result<21>     |   92.460|
operand_b<0>   |result<22>     |   92.298|
operand_b<0>   |result<23>     |   92.517|
operand_b<0>   |result<24>     |   92.775|
operand_b<0>   |result<25>     |   93.055|
operand_b<0>   |result<26>     |   93.593|
operand_b<0>   |result<27>     |   93.517|
operand_b<0>   |result<28>     |   94.243|
operand_b<0>   |result<29>     |   94.337|
operand_b<0>   |result<30>     |   94.450|
operand_b<0>   |result<31>     |   94.816|
operand_b<1>   |ovf            |   93.588|
operand_b<1>   |result<0>      |   86.278|
operand_b<1>   |result<1>      |   87.510|
operand_b<1>   |result<2>      |   86.892|
operand_b<1>   |result<3>      |   87.159|
operand_b<1>   |result<4>      |   88.420|
operand_b<1>   |result<5>      |   88.437|
operand_b<1>   |result<6>      |   88.549|
operand_b<1>   |result<7>      |   88.684|
operand_b<1>   |result<8>      |   89.178|
operand_b<1>   |result<9>      |   89.003|
operand_b<1>   |result<10>     |   89.027|
operand_b<1>   |result<11>     |   89.471|
operand_b<1>   |result<12>     |   89.715|
operand_b<1>   |result<13>     |   90.153|
operand_b<1>   |result<14>     |   90.287|
operand_b<1>   |result<15>     |   90.603|
operand_b<1>   |result<16>     |   91.358|
operand_b<1>   |result<17>     |   91.492|
operand_b<1>   |result<18>     |   91.591|
operand_b<1>   |result<19>     |   91.944|
operand_b<1>   |result<20>     |   92.659|
operand_b<1>   |result<21>     |   92.779|
operand_b<1>   |result<22>     |   92.617|
operand_b<1>   |result<23>     |   92.836|
operand_b<1>   |result<24>     |   93.094|
operand_b<1>   |result<25>     |   93.374|
operand_b<1>   |result<26>     |   93.912|
operand_b<1>   |result<27>     |   93.836|
operand_b<1>   |result<28>     |   94.562|
operand_b<1>   |result<29>     |   94.656|
operand_b<1>   |result<30>     |   94.769|
operand_b<1>   |result<31>     |   95.135|
operand_b<2>   |ovf            |   93.189|
operand_b<2>   |result<0>      |   85.879|
operand_b<2>   |result<1>      |   87.111|
operand_b<2>   |result<2>      |   86.493|
operand_b<2>   |result<3>      |   86.760|
operand_b<2>   |result<4>      |   88.021|
operand_b<2>   |result<5>      |   88.038|
operand_b<2>   |result<6>      |   88.150|
operand_b<2>   |result<7>      |   88.285|
operand_b<2>   |result<8>      |   88.779|
operand_b<2>   |result<9>      |   88.604|
operand_b<2>   |result<10>     |   88.628|
operand_b<2>   |result<11>     |   89.072|
operand_b<2>   |result<12>     |   89.316|
operand_b<2>   |result<13>     |   89.754|
operand_b<2>   |result<14>     |   89.888|
operand_b<2>   |result<15>     |   90.204|
operand_b<2>   |result<16>     |   90.959|
operand_b<2>   |result<17>     |   91.093|
operand_b<2>   |result<18>     |   91.192|
operand_b<2>   |result<19>     |   91.545|
operand_b<2>   |result<20>     |   92.260|
operand_b<2>   |result<21>     |   92.380|
operand_b<2>   |result<22>     |   92.218|
operand_b<2>   |result<23>     |   92.437|
operand_b<2>   |result<24>     |   92.695|
operand_b<2>   |result<25>     |   92.975|
operand_b<2>   |result<26>     |   93.513|
operand_b<2>   |result<27>     |   93.437|
operand_b<2>   |result<28>     |   94.163|
operand_b<2>   |result<29>     |   94.257|
operand_b<2>   |result<30>     |   94.370|
operand_b<2>   |result<31>     |   94.736|
operand_b<3>   |ovf            |   93.513|
operand_b<3>   |result<0>      |   86.203|
operand_b<3>   |result<1>      |   87.435|
operand_b<3>   |result<2>      |   86.817|
operand_b<3>   |result<3>      |   87.084|
operand_b<3>   |result<4>      |   88.345|
operand_b<3>   |result<5>      |   88.362|
operand_b<3>   |result<6>      |   88.474|
operand_b<3>   |result<7>      |   88.609|
operand_b<3>   |result<8>      |   89.103|
operand_b<3>   |result<9>      |   88.928|
operand_b<3>   |result<10>     |   88.952|
operand_b<3>   |result<11>     |   89.396|
operand_b<3>   |result<12>     |   89.640|
operand_b<3>   |result<13>     |   90.078|
operand_b<3>   |result<14>     |   90.212|
operand_b<3>   |result<15>     |   90.528|
operand_b<3>   |result<16>     |   91.283|
operand_b<3>   |result<17>     |   91.417|
operand_b<3>   |result<18>     |   91.516|
operand_b<3>   |result<19>     |   91.869|
operand_b<3>   |result<20>     |   92.584|
operand_b<3>   |result<21>     |   92.704|
operand_b<3>   |result<22>     |   92.542|
operand_b<3>   |result<23>     |   92.761|
operand_b<3>   |result<24>     |   93.019|
operand_b<3>   |result<25>     |   93.299|
operand_b<3>   |result<26>     |   93.837|
operand_b<3>   |result<27>     |   93.761|
operand_b<3>   |result<28>     |   94.487|
operand_b<3>   |result<29>     |   94.581|
operand_b<3>   |result<30>     |   94.694|
operand_b<3>   |result<31>     |   95.060|
operand_b<4>   |ovf            |   92.752|
operand_b<4>   |result<0>      |   85.442|
operand_b<4>   |result<1>      |   86.674|
operand_b<4>   |result<2>      |   86.056|
operand_b<4>   |result<3>      |   86.323|
operand_b<4>   |result<4>      |   87.584|
operand_b<4>   |result<5>      |   87.601|
operand_b<4>   |result<6>      |   87.713|
operand_b<4>   |result<7>      |   87.848|
operand_b<4>   |result<8>      |   88.342|
operand_b<4>   |result<9>      |   88.167|
operand_b<4>   |result<10>     |   88.191|
operand_b<4>   |result<11>     |   88.635|
operand_b<4>   |result<12>     |   88.879|
operand_b<4>   |result<13>     |   89.317|
operand_b<4>   |result<14>     |   89.451|
operand_b<4>   |result<15>     |   89.767|
operand_b<4>   |result<16>     |   90.522|
operand_b<4>   |result<17>     |   90.656|
operand_b<4>   |result<18>     |   90.755|
operand_b<4>   |result<19>     |   91.108|
operand_b<4>   |result<20>     |   91.823|
operand_b<4>   |result<21>     |   91.943|
operand_b<4>   |result<22>     |   91.781|
operand_b<4>   |result<23>     |   92.000|
operand_b<4>   |result<24>     |   92.258|
operand_b<4>   |result<25>     |   92.538|
operand_b<4>   |result<26>     |   93.076|
operand_b<4>   |result<27>     |   93.000|
operand_b<4>   |result<28>     |   93.726|
operand_b<4>   |result<29>     |   93.820|
operand_b<4>   |result<30>     |   93.933|
operand_b<4>   |result<31>     |   94.299|
operand_b<5>   |ovf            |   92.701|
operand_b<5>   |result<0>      |   85.391|
operand_b<5>   |result<1>      |   86.623|
operand_b<5>   |result<2>      |   86.005|
operand_b<5>   |result<3>      |   86.272|
operand_b<5>   |result<4>      |   87.533|
operand_b<5>   |result<5>      |   87.550|
operand_b<5>   |result<6>      |   87.662|
operand_b<5>   |result<7>      |   87.797|
operand_b<5>   |result<8>      |   88.291|
operand_b<5>   |result<9>      |   88.116|
operand_b<5>   |result<10>     |   88.140|
operand_b<5>   |result<11>     |   88.584|
operand_b<5>   |result<12>     |   88.828|
operand_b<5>   |result<13>     |   89.266|
operand_b<5>   |result<14>     |   89.400|
operand_b<5>   |result<15>     |   89.716|
operand_b<5>   |result<16>     |   90.471|
operand_b<5>   |result<17>     |   90.605|
operand_b<5>   |result<18>     |   90.704|
operand_b<5>   |result<19>     |   91.057|
operand_b<5>   |result<20>     |   91.772|
operand_b<5>   |result<21>     |   91.892|
operand_b<5>   |result<22>     |   91.730|
operand_b<5>   |result<23>     |   91.949|
operand_b<5>   |result<24>     |   92.207|
operand_b<5>   |result<25>     |   92.487|
operand_b<5>   |result<26>     |   93.025|
operand_b<5>   |result<27>     |   92.949|
operand_b<5>   |result<28>     |   93.675|
operand_b<5>   |result<29>     |   93.769|
operand_b<5>   |result<30>     |   93.882|
operand_b<5>   |result<31>     |   94.248|
operand_b<6>   |ovf            |   92.638|
operand_b<6>   |result<0>      |   85.328|
operand_b<6>   |result<1>      |   86.560|
operand_b<6>   |result<2>      |   85.942|
operand_b<6>   |result<3>      |   86.209|
operand_b<6>   |result<4>      |   87.470|
operand_b<6>   |result<5>      |   87.487|
operand_b<6>   |result<6>      |   87.599|
operand_b<6>   |result<7>      |   87.734|
operand_b<6>   |result<8>      |   88.228|
operand_b<6>   |result<9>      |   88.053|
operand_b<6>   |result<10>     |   88.077|
operand_b<6>   |result<11>     |   88.521|
operand_b<6>   |result<12>     |   88.765|
operand_b<6>   |result<13>     |   89.203|
operand_b<6>   |result<14>     |   89.337|
operand_b<6>   |result<15>     |   89.653|
operand_b<6>   |result<16>     |   90.408|
operand_b<6>   |result<17>     |   90.542|
operand_b<6>   |result<18>     |   90.641|
operand_b<6>   |result<19>     |   90.994|
operand_b<6>   |result<20>     |   91.709|
operand_b<6>   |result<21>     |   91.829|
operand_b<6>   |result<22>     |   91.667|
operand_b<6>   |result<23>     |   91.886|
operand_b<6>   |result<24>     |   92.144|
operand_b<6>   |result<25>     |   92.424|
operand_b<6>   |result<26>     |   92.962|
operand_b<6>   |result<27>     |   92.886|
operand_b<6>   |result<28>     |   93.612|
operand_b<6>   |result<29>     |   93.706|
operand_b<6>   |result<30>     |   93.819|
operand_b<6>   |result<31>     |   94.185|
operand_b<7>   |ovf            |   92.558|
operand_b<7>   |result<0>      |   85.248|
operand_b<7>   |result<1>      |   86.480|
operand_b<7>   |result<2>      |   85.862|
operand_b<7>   |result<3>      |   86.129|
operand_b<7>   |result<4>      |   87.390|
operand_b<7>   |result<5>      |   87.407|
operand_b<7>   |result<6>      |   87.519|
operand_b<7>   |result<7>      |   87.654|
operand_b<7>   |result<8>      |   88.148|
operand_b<7>   |result<9>      |   87.973|
operand_b<7>   |result<10>     |   87.997|
operand_b<7>   |result<11>     |   88.441|
operand_b<7>   |result<12>     |   88.685|
operand_b<7>   |result<13>     |   89.123|
operand_b<7>   |result<14>     |   89.257|
operand_b<7>   |result<15>     |   89.573|
operand_b<7>   |result<16>     |   90.328|
operand_b<7>   |result<17>     |   90.462|
operand_b<7>   |result<18>     |   90.561|
operand_b<7>   |result<19>     |   90.914|
operand_b<7>   |result<20>     |   91.629|
operand_b<7>   |result<21>     |   91.749|
operand_b<7>   |result<22>     |   91.587|
operand_b<7>   |result<23>     |   91.806|
operand_b<7>   |result<24>     |   92.064|
operand_b<7>   |result<25>     |   92.344|
operand_b<7>   |result<26>     |   92.882|
operand_b<7>   |result<27>     |   92.806|
operand_b<7>   |result<28>     |   93.532|
operand_b<7>   |result<29>     |   93.626|
operand_b<7>   |result<30>     |   93.739|
operand_b<7>   |result<31>     |   94.105|
operand_b<8>   |ovf            |   92.445|
operand_b<8>   |result<0>      |   85.135|
operand_b<8>   |result<1>      |   86.367|
operand_b<8>   |result<2>      |   85.749|
operand_b<8>   |result<3>      |   86.016|
operand_b<8>   |result<4>      |   87.277|
operand_b<8>   |result<5>      |   87.294|
operand_b<8>   |result<6>      |   87.406|
operand_b<8>   |result<7>      |   87.541|
operand_b<8>   |result<8>      |   88.035|
operand_b<8>   |result<9>      |   87.860|
operand_b<8>   |result<10>     |   87.884|
operand_b<8>   |result<11>     |   88.328|
operand_b<8>   |result<12>     |   88.572|
operand_b<8>   |result<13>     |   89.010|
operand_b<8>   |result<14>     |   89.144|
operand_b<8>   |result<15>     |   89.460|
operand_b<8>   |result<16>     |   90.215|
operand_b<8>   |result<17>     |   90.349|
operand_b<8>   |result<18>     |   90.448|
operand_b<8>   |result<19>     |   90.801|
operand_b<8>   |result<20>     |   91.516|
operand_b<8>   |result<21>     |   91.636|
operand_b<8>   |result<22>     |   91.474|
operand_b<8>   |result<23>     |   91.693|
operand_b<8>   |result<24>     |   91.951|
operand_b<8>   |result<25>     |   92.231|
operand_b<8>   |result<26>     |   92.769|
operand_b<8>   |result<27>     |   92.693|
operand_b<8>   |result<28>     |   93.419|
operand_b<8>   |result<29>     |   93.513|
operand_b<8>   |result<30>     |   93.626|
operand_b<8>   |result<31>     |   93.992|
operand_b<9>   |ovf            |   92.363|
operand_b<9>   |result<0>      |   85.053|
operand_b<9>   |result<1>      |   86.285|
operand_b<9>   |result<2>      |   85.667|
operand_b<9>   |result<3>      |   85.934|
operand_b<9>   |result<4>      |   87.195|
operand_b<9>   |result<5>      |   87.212|
operand_b<9>   |result<6>      |   87.324|
operand_b<9>   |result<7>      |   87.459|
operand_b<9>   |result<8>      |   87.953|
operand_b<9>   |result<9>      |   87.778|
operand_b<9>   |result<10>     |   87.802|
operand_b<9>   |result<11>     |   88.246|
operand_b<9>   |result<12>     |   88.490|
operand_b<9>   |result<13>     |   88.928|
operand_b<9>   |result<14>     |   89.062|
operand_b<9>   |result<15>     |   89.378|
operand_b<9>   |result<16>     |   90.133|
operand_b<9>   |result<17>     |   90.267|
operand_b<9>   |result<18>     |   90.366|
operand_b<9>   |result<19>     |   90.719|
operand_b<9>   |result<20>     |   91.434|
operand_b<9>   |result<21>     |   91.554|
operand_b<9>   |result<22>     |   91.392|
operand_b<9>   |result<23>     |   91.611|
operand_b<9>   |result<24>     |   91.869|
operand_b<9>   |result<25>     |   92.149|
operand_b<9>   |result<26>     |   92.687|
operand_b<9>   |result<27>     |   92.611|
operand_b<9>   |result<28>     |   93.337|
operand_b<9>   |result<29>     |   93.431|
operand_b<9>   |result<30>     |   93.544|
operand_b<9>   |result<31>     |   93.910|
operand_b<10>  |ovf            |   92.223|
operand_b<10>  |result<0>      |   84.913|
operand_b<10>  |result<1>      |   86.145|
operand_b<10>  |result<2>      |   85.527|
operand_b<10>  |result<3>      |   85.794|
operand_b<10>  |result<4>      |   87.055|
operand_b<10>  |result<5>      |   87.072|
operand_b<10>  |result<6>      |   87.184|
operand_b<10>  |result<7>      |   87.319|
operand_b<10>  |result<8>      |   87.813|
operand_b<10>  |result<9>      |   87.638|
operand_b<10>  |result<10>     |   87.662|
operand_b<10>  |result<11>     |   88.106|
operand_b<10>  |result<12>     |   88.350|
operand_b<10>  |result<13>     |   88.788|
operand_b<10>  |result<14>     |   88.922|
operand_b<10>  |result<15>     |   89.238|
operand_b<10>  |result<16>     |   89.993|
operand_b<10>  |result<17>     |   90.127|
operand_b<10>  |result<18>     |   90.226|
operand_b<10>  |result<19>     |   90.579|
operand_b<10>  |result<20>     |   91.294|
operand_b<10>  |result<21>     |   91.414|
operand_b<10>  |result<22>     |   91.252|
operand_b<10>  |result<23>     |   91.471|
operand_b<10>  |result<24>     |   91.729|
operand_b<10>  |result<25>     |   92.009|
operand_b<10>  |result<26>     |   92.547|
operand_b<10>  |result<27>     |   92.471|
operand_b<10>  |result<28>     |   93.197|
operand_b<10>  |result<29>     |   93.291|
operand_b<10>  |result<30>     |   93.404|
operand_b<10>  |result<31>     |   93.770|
operand_b<11>  |ovf            |   92.791|
operand_b<11>  |result<0>      |   85.481|
operand_b<11>  |result<1>      |   86.713|
operand_b<11>  |result<2>      |   86.095|
operand_b<11>  |result<3>      |   86.362|
operand_b<11>  |result<4>      |   87.623|
operand_b<11>  |result<5>      |   87.640|
operand_b<11>  |result<6>      |   87.752|
operand_b<11>  |result<7>      |   87.887|
operand_b<11>  |result<8>      |   88.381|
operand_b<11>  |result<9>      |   88.206|
operand_b<11>  |result<10>     |   88.230|
operand_b<11>  |result<11>     |   88.674|
operand_b<11>  |result<12>     |   88.918|
operand_b<11>  |result<13>     |   89.356|
operand_b<11>  |result<14>     |   89.490|
operand_b<11>  |result<15>     |   89.806|
operand_b<11>  |result<16>     |   90.561|
operand_b<11>  |result<17>     |   90.695|
operand_b<11>  |result<18>     |   90.794|
operand_b<11>  |result<19>     |   91.147|
operand_b<11>  |result<20>     |   91.862|
operand_b<11>  |result<21>     |   91.982|
operand_b<11>  |result<22>     |   91.820|
operand_b<11>  |result<23>     |   92.039|
operand_b<11>  |result<24>     |   92.297|
operand_b<11>  |result<25>     |   92.577|
operand_b<11>  |result<26>     |   93.115|
operand_b<11>  |result<27>     |   93.039|
operand_b<11>  |result<28>     |   93.765|
operand_b<11>  |result<29>     |   93.859|
operand_b<11>  |result<30>     |   93.972|
operand_b<11>  |result<31>     |   94.338|
operand_b<12>  |ovf            |   91.552|
operand_b<12>  |result<0>      |   84.242|
operand_b<12>  |result<1>      |   85.474|
operand_b<12>  |result<2>      |   84.856|
operand_b<12>  |result<3>      |   85.123|
operand_b<12>  |result<4>      |   86.384|
operand_b<12>  |result<5>      |   86.401|
operand_b<12>  |result<6>      |   86.513|
operand_b<12>  |result<7>      |   86.648|
operand_b<12>  |result<8>      |   87.142|
operand_b<12>  |result<9>      |   86.967|
operand_b<12>  |result<10>     |   86.991|
operand_b<12>  |result<11>     |   87.435|
operand_b<12>  |result<12>     |   87.679|
operand_b<12>  |result<13>     |   88.117|
operand_b<12>  |result<14>     |   88.251|
operand_b<12>  |result<15>     |   88.567|
operand_b<12>  |result<16>     |   89.322|
operand_b<12>  |result<17>     |   89.456|
operand_b<12>  |result<18>     |   89.555|
operand_b<12>  |result<19>     |   89.908|
operand_b<12>  |result<20>     |   90.623|
operand_b<12>  |result<21>     |   90.743|
operand_b<12>  |result<22>     |   90.581|
operand_b<12>  |result<23>     |   90.800|
operand_b<12>  |result<24>     |   91.058|
operand_b<12>  |result<25>     |   91.338|
operand_b<12>  |result<26>     |   91.876|
operand_b<12>  |result<27>     |   91.800|
operand_b<12>  |result<28>     |   92.526|
operand_b<12>  |result<29>     |   92.620|
operand_b<12>  |result<30>     |   92.733|
operand_b<12>  |result<31>     |   93.099|
operand_b<13>  |ovf            |   91.696|
operand_b<13>  |result<0>      |   84.386|
operand_b<13>  |result<1>      |   85.618|
operand_b<13>  |result<2>      |   85.000|
operand_b<13>  |result<3>      |   85.267|
operand_b<13>  |result<4>      |   86.528|
operand_b<13>  |result<5>      |   86.545|
operand_b<13>  |result<6>      |   86.657|
operand_b<13>  |result<7>      |   86.792|
operand_b<13>  |result<8>      |   87.286|
operand_b<13>  |result<9>      |   87.111|
operand_b<13>  |result<10>     |   87.135|
operand_b<13>  |result<11>     |   87.579|
operand_b<13>  |result<12>     |   87.823|
operand_b<13>  |result<13>     |   88.261|
operand_b<13>  |result<14>     |   88.395|
operand_b<13>  |result<15>     |   88.711|
operand_b<13>  |result<16>     |   89.466|
operand_b<13>  |result<17>     |   89.600|
operand_b<13>  |result<18>     |   89.699|
operand_b<13>  |result<19>     |   90.052|
operand_b<13>  |result<20>     |   90.767|
operand_b<13>  |result<21>     |   90.887|
operand_b<13>  |result<22>     |   90.725|
operand_b<13>  |result<23>     |   90.944|
operand_b<13>  |result<24>     |   91.202|
operand_b<13>  |result<25>     |   91.482|
operand_b<13>  |result<26>     |   92.020|
operand_b<13>  |result<27>     |   91.944|
operand_b<13>  |result<28>     |   92.670|
operand_b<13>  |result<29>     |   92.764|
operand_b<13>  |result<30>     |   92.877|
operand_b<13>  |result<31>     |   93.243|
operand_b<14>  |ovf            |   91.859|
operand_b<14>  |result<0>      |   84.549|
operand_b<14>  |result<1>      |   85.781|
operand_b<14>  |result<2>      |   85.163|
operand_b<14>  |result<3>      |   85.430|
operand_b<14>  |result<4>      |   86.691|
operand_b<14>  |result<5>      |   86.708|
operand_b<14>  |result<6>      |   86.820|
operand_b<14>  |result<7>      |   86.955|
operand_b<14>  |result<8>      |   87.449|
operand_b<14>  |result<9>      |   87.274|
operand_b<14>  |result<10>     |   87.298|
operand_b<14>  |result<11>     |   87.742|
operand_b<14>  |result<12>     |   87.986|
operand_b<14>  |result<13>     |   88.424|
operand_b<14>  |result<14>     |   88.558|
operand_b<14>  |result<15>     |   88.874|
operand_b<14>  |result<16>     |   89.629|
operand_b<14>  |result<17>     |   89.763|
operand_b<14>  |result<18>     |   89.862|
operand_b<14>  |result<19>     |   90.215|
operand_b<14>  |result<20>     |   90.930|
operand_b<14>  |result<21>     |   91.050|
operand_b<14>  |result<22>     |   90.888|
operand_b<14>  |result<23>     |   91.107|
operand_b<14>  |result<24>     |   91.365|
operand_b<14>  |result<25>     |   91.645|
operand_b<14>  |result<26>     |   92.183|
operand_b<14>  |result<27>     |   92.107|
operand_b<14>  |result<28>     |   92.833|
operand_b<14>  |result<29>     |   92.927|
operand_b<14>  |result<30>     |   93.040|
operand_b<14>  |result<31>     |   93.406|
operand_b<15>  |ovf            |   91.426|
operand_b<15>  |result<0>      |   84.116|
operand_b<15>  |result<1>      |   85.348|
operand_b<15>  |result<2>      |   84.730|
operand_b<15>  |result<3>      |   84.997|
operand_b<15>  |result<4>      |   86.258|
operand_b<15>  |result<5>      |   86.275|
operand_b<15>  |result<6>      |   86.387|
operand_b<15>  |result<7>      |   86.522|
operand_b<15>  |result<8>      |   87.016|
operand_b<15>  |result<9>      |   86.841|
operand_b<15>  |result<10>     |   86.865|
operand_b<15>  |result<11>     |   87.309|
operand_b<15>  |result<12>     |   87.553|
operand_b<15>  |result<13>     |   87.991|
operand_b<15>  |result<14>     |   88.125|
operand_b<15>  |result<15>     |   88.441|
operand_b<15>  |result<16>     |   89.196|
operand_b<15>  |result<17>     |   89.330|
operand_b<15>  |result<18>     |   89.429|
operand_b<15>  |result<19>     |   89.782|
operand_b<15>  |result<20>     |   90.497|
operand_b<15>  |result<21>     |   90.617|
operand_b<15>  |result<22>     |   90.455|
operand_b<15>  |result<23>     |   90.674|
operand_b<15>  |result<24>     |   90.932|
operand_b<15>  |result<25>     |   91.212|
operand_b<15>  |result<26>     |   91.750|
operand_b<15>  |result<27>     |   91.674|
operand_b<15>  |result<28>     |   92.400|
operand_b<15>  |result<29>     |   92.494|
operand_b<15>  |result<30>     |   92.607|
operand_b<15>  |result<31>     |   92.973|
operand_b<16>  |ovf            |   90.240|
operand_b<16>  |result<0>      |   82.930|
operand_b<16>  |result<1>      |   84.162|
operand_b<16>  |result<2>      |   83.544|
operand_b<16>  |result<3>      |   83.811|
operand_b<16>  |result<4>      |   85.072|
operand_b<16>  |result<5>      |   85.089|
operand_b<16>  |result<6>      |   85.201|
operand_b<16>  |result<7>      |   85.336|
operand_b<16>  |result<8>      |   85.830|
operand_b<16>  |result<9>      |   85.655|
operand_b<16>  |result<10>     |   85.679|
operand_b<16>  |result<11>     |   86.123|
operand_b<16>  |result<12>     |   86.367|
operand_b<16>  |result<13>     |   86.805|
operand_b<16>  |result<14>     |   86.939|
operand_b<16>  |result<15>     |   87.255|
operand_b<16>  |result<16>     |   88.010|
operand_b<16>  |result<17>     |   88.144|
operand_b<16>  |result<18>     |   88.243|
operand_b<16>  |result<19>     |   88.596|
operand_b<16>  |result<20>     |   89.311|
operand_b<16>  |result<21>     |   89.431|
operand_b<16>  |result<22>     |   89.269|
operand_b<16>  |result<23>     |   89.488|
operand_b<16>  |result<24>     |   89.746|
operand_b<16>  |result<25>     |   90.026|
operand_b<16>  |result<26>     |   90.564|
operand_b<16>  |result<27>     |   90.488|
operand_b<16>  |result<28>     |   91.214|
operand_b<16>  |result<29>     |   91.308|
operand_b<16>  |result<30>     |   91.421|
operand_b<16>  |result<31>     |   91.787|
operand_b<17>  |ovf            |   90.279|
operand_b<17>  |result<0>      |   82.969|
operand_b<17>  |result<1>      |   84.201|
operand_b<17>  |result<2>      |   83.583|
operand_b<17>  |result<3>      |   83.850|
operand_b<17>  |result<4>      |   85.111|
operand_b<17>  |result<5>      |   85.128|
operand_b<17>  |result<6>      |   85.240|
operand_b<17>  |result<7>      |   85.375|
operand_b<17>  |result<8>      |   85.869|
operand_b<17>  |result<9>      |   85.694|
operand_b<17>  |result<10>     |   85.718|
operand_b<17>  |result<11>     |   86.162|
operand_b<17>  |result<12>     |   86.406|
operand_b<17>  |result<13>     |   86.844|
operand_b<17>  |result<14>     |   86.978|
operand_b<17>  |result<15>     |   87.294|
operand_b<17>  |result<16>     |   88.049|
operand_b<17>  |result<17>     |   88.183|
operand_b<17>  |result<18>     |   88.282|
operand_b<17>  |result<19>     |   88.635|
operand_b<17>  |result<20>     |   89.350|
operand_b<17>  |result<21>     |   89.470|
operand_b<17>  |result<22>     |   89.308|
operand_b<17>  |result<23>     |   89.527|
operand_b<17>  |result<24>     |   89.785|
operand_b<17>  |result<25>     |   90.065|
operand_b<17>  |result<26>     |   90.603|
operand_b<17>  |result<27>     |   90.527|
operand_b<17>  |result<28>     |   91.253|
operand_b<17>  |result<29>     |   91.347|
operand_b<17>  |result<30>     |   91.460|
operand_b<17>  |result<31>     |   91.826|
operand_b<18>  |ovf            |   90.313|
operand_b<18>  |result<0>      |   83.003|
operand_b<18>  |result<1>      |   84.235|
operand_b<18>  |result<2>      |   83.617|
operand_b<18>  |result<3>      |   83.884|
operand_b<18>  |result<4>      |   85.145|
operand_b<18>  |result<5>      |   85.162|
operand_b<18>  |result<6>      |   85.274|
operand_b<18>  |result<7>      |   85.409|
operand_b<18>  |result<8>      |   85.903|
operand_b<18>  |result<9>      |   85.728|
operand_b<18>  |result<10>     |   85.752|
operand_b<18>  |result<11>     |   86.196|
operand_b<18>  |result<12>     |   86.440|
operand_b<18>  |result<13>     |   86.878|
operand_b<18>  |result<14>     |   87.012|
operand_b<18>  |result<15>     |   87.328|
operand_b<18>  |result<16>     |   88.083|
operand_b<18>  |result<17>     |   88.217|
operand_b<18>  |result<18>     |   88.316|
operand_b<18>  |result<19>     |   88.669|
operand_b<18>  |result<20>     |   89.384|
operand_b<18>  |result<21>     |   89.504|
operand_b<18>  |result<22>     |   89.342|
operand_b<18>  |result<23>     |   89.561|
operand_b<18>  |result<24>     |   89.819|
operand_b<18>  |result<25>     |   90.099|
operand_b<18>  |result<26>     |   90.637|
operand_b<18>  |result<27>     |   90.561|
operand_b<18>  |result<28>     |   91.287|
operand_b<18>  |result<29>     |   91.381|
operand_b<18>  |result<30>     |   91.494|
operand_b<18>  |result<31>     |   91.860|
operand_b<19>  |ovf            |   90.648|
operand_b<19>  |result<0>      |   83.338|
operand_b<19>  |result<1>      |   84.570|
operand_b<19>  |result<2>      |   83.952|
operand_b<19>  |result<3>      |   84.219|
operand_b<19>  |result<4>      |   85.480|
operand_b<19>  |result<5>      |   85.497|
operand_b<19>  |result<6>      |   85.609|
operand_b<19>  |result<7>      |   85.744|
operand_b<19>  |result<8>      |   86.238|
operand_b<19>  |result<9>      |   86.063|
operand_b<19>  |result<10>     |   86.087|
operand_b<19>  |result<11>     |   86.531|
operand_b<19>  |result<12>     |   86.775|
operand_b<19>  |result<13>     |   87.213|
operand_b<19>  |result<14>     |   87.347|
operand_b<19>  |result<15>     |   87.663|
operand_b<19>  |result<16>     |   88.418|
operand_b<19>  |result<17>     |   88.552|
operand_b<19>  |result<18>     |   88.651|
operand_b<19>  |result<19>     |   89.004|
operand_b<19>  |result<20>     |   89.719|
operand_b<19>  |result<21>     |   89.839|
operand_b<19>  |result<22>     |   89.677|
operand_b<19>  |result<23>     |   89.896|
operand_b<19>  |result<24>     |   90.154|
operand_b<19>  |result<25>     |   90.434|
operand_b<19>  |result<26>     |   90.972|
operand_b<19>  |result<27>     |   90.896|
operand_b<19>  |result<28>     |   91.622|
operand_b<19>  |result<29>     |   91.716|
operand_b<19>  |result<30>     |   91.829|
operand_b<19>  |result<31>     |   92.195|
operand_b<20>  |ovf            |   90.046|
operand_b<20>  |result<0>      |   82.736|
operand_b<20>  |result<1>      |   83.968|
operand_b<20>  |result<2>      |   83.350|
operand_b<20>  |result<3>      |   83.617|
operand_b<20>  |result<4>      |   84.878|
operand_b<20>  |result<5>      |   84.895|
operand_b<20>  |result<6>      |   85.007|
operand_b<20>  |result<7>      |   85.142|
operand_b<20>  |result<8>      |   85.636|
operand_b<20>  |result<9>      |   85.461|
operand_b<20>  |result<10>     |   85.485|
operand_b<20>  |result<11>     |   85.929|
operand_b<20>  |result<12>     |   86.173|
operand_b<20>  |result<13>     |   86.611|
operand_b<20>  |result<14>     |   86.745|
operand_b<20>  |result<15>     |   87.061|
operand_b<20>  |result<16>     |   87.816|
operand_b<20>  |result<17>     |   87.950|
operand_b<20>  |result<18>     |   88.049|
operand_b<20>  |result<19>     |   88.402|
operand_b<20>  |result<20>     |   89.117|
operand_b<20>  |result<21>     |   89.237|
operand_b<20>  |result<22>     |   89.075|
operand_b<20>  |result<23>     |   89.294|
operand_b<20>  |result<24>     |   89.552|
operand_b<20>  |result<25>     |   89.832|
operand_b<20>  |result<26>     |   90.370|
operand_b<20>  |result<27>     |   90.294|
operand_b<20>  |result<28>     |   91.020|
operand_b<20>  |result<29>     |   91.114|
operand_b<20>  |result<30>     |   91.227|
operand_b<20>  |result<31>     |   91.593|
operand_b<21>  |ovf            |   90.217|
operand_b<21>  |result<0>      |   82.907|
operand_b<21>  |result<1>      |   84.139|
operand_b<21>  |result<2>      |   83.521|
operand_b<21>  |result<3>      |   83.788|
operand_b<21>  |result<4>      |   85.049|
operand_b<21>  |result<5>      |   85.066|
operand_b<21>  |result<6>      |   85.178|
operand_b<21>  |result<7>      |   85.313|
operand_b<21>  |result<8>      |   85.807|
operand_b<21>  |result<9>      |   85.632|
operand_b<21>  |result<10>     |   85.656|
operand_b<21>  |result<11>     |   86.100|
operand_b<21>  |result<12>     |   86.344|
operand_b<21>  |result<13>     |   86.782|
operand_b<21>  |result<14>     |   86.916|
operand_b<21>  |result<15>     |   87.232|
operand_b<21>  |result<16>     |   87.987|
operand_b<21>  |result<17>     |   88.121|
operand_b<21>  |result<18>     |   88.220|
operand_b<21>  |result<19>     |   88.573|
operand_b<21>  |result<20>     |   89.288|
operand_b<21>  |result<21>     |   89.408|
operand_b<21>  |result<22>     |   89.246|
operand_b<21>  |result<23>     |   89.465|
operand_b<21>  |result<24>     |   89.723|
operand_b<21>  |result<25>     |   90.003|
operand_b<21>  |result<26>     |   90.541|
operand_b<21>  |result<27>     |   90.465|
operand_b<21>  |result<28>     |   91.191|
operand_b<21>  |result<29>     |   91.285|
operand_b<21>  |result<30>     |   91.398|
operand_b<21>  |result<31>     |   91.764|
operand_b<22>  |ovf            |   89.667|
operand_b<22>  |result<0>      |   82.357|
operand_b<22>  |result<1>      |   83.589|
operand_b<22>  |result<2>      |   82.971|
operand_b<22>  |result<3>      |   83.238|
operand_b<22>  |result<4>      |   84.499|
operand_b<22>  |result<5>      |   84.516|
operand_b<22>  |result<6>      |   84.628|
operand_b<22>  |result<7>      |   84.763|
operand_b<22>  |result<8>      |   85.257|
operand_b<22>  |result<9>      |   85.082|
operand_b<22>  |result<10>     |   85.106|
operand_b<22>  |result<11>     |   85.550|
operand_b<22>  |result<12>     |   85.794|
operand_b<22>  |result<13>     |   86.232|
operand_b<22>  |result<14>     |   86.366|
operand_b<22>  |result<15>     |   86.682|
operand_b<22>  |result<16>     |   87.437|
operand_b<22>  |result<17>     |   87.571|
operand_b<22>  |result<18>     |   87.670|
operand_b<22>  |result<19>     |   88.023|
operand_b<22>  |result<20>     |   88.738|
operand_b<22>  |result<21>     |   88.858|
operand_b<22>  |result<22>     |   88.696|
operand_b<22>  |result<23>     |   88.915|
operand_b<22>  |result<24>     |   89.173|
operand_b<22>  |result<25>     |   89.453|
operand_b<22>  |result<26>     |   89.991|
operand_b<22>  |result<27>     |   89.915|
operand_b<22>  |result<28>     |   90.641|
operand_b<22>  |result<29>     |   90.735|
operand_b<22>  |result<30>     |   90.848|
operand_b<22>  |result<31>     |   91.214|
operand_b<23>  |ovf            |   89.527|
operand_b<23>  |result<0>      |   82.217|
operand_b<23>  |result<1>      |   83.449|
operand_b<23>  |result<2>      |   82.831|
operand_b<23>  |result<3>      |   83.098|
operand_b<23>  |result<4>      |   84.359|
operand_b<23>  |result<5>      |   84.376|
operand_b<23>  |result<6>      |   84.488|
operand_b<23>  |result<7>      |   84.623|
operand_b<23>  |result<8>      |   85.117|
operand_b<23>  |result<9>      |   84.942|
operand_b<23>  |result<10>     |   84.966|
operand_b<23>  |result<11>     |   85.410|
operand_b<23>  |result<12>     |   85.654|
operand_b<23>  |result<13>     |   86.092|
operand_b<23>  |result<14>     |   86.226|
operand_b<23>  |result<15>     |   86.542|
operand_b<23>  |result<16>     |   87.297|
operand_b<23>  |result<17>     |   87.431|
operand_b<23>  |result<18>     |   87.530|
operand_b<23>  |result<19>     |   87.883|
operand_b<23>  |result<20>     |   88.598|
operand_b<23>  |result<21>     |   88.718|
operand_b<23>  |result<22>     |   88.556|
operand_b<23>  |result<23>     |   88.775|
operand_b<23>  |result<24>     |   89.033|
operand_b<23>  |result<25>     |   89.313|
operand_b<23>  |result<26>     |   89.851|
operand_b<23>  |result<27>     |   89.775|
operand_b<23>  |result<28>     |   90.501|
operand_b<23>  |result<29>     |   90.595|
operand_b<23>  |result<30>     |   90.708|
operand_b<23>  |result<31>     |   91.074|
operand_b<24>  |ovf            |   88.300|
operand_b<24>  |result<0>      |   80.990|
operand_b<24>  |result<1>      |   82.222|
operand_b<24>  |result<2>      |   81.604|
operand_b<24>  |result<3>      |   81.871|
operand_b<24>  |result<4>      |   83.132|
operand_b<24>  |result<5>      |   83.149|
operand_b<24>  |result<6>      |   83.261|
operand_b<24>  |result<7>      |   83.396|
operand_b<24>  |result<8>      |   83.890|
operand_b<24>  |result<9>      |   83.715|
operand_b<24>  |result<10>     |   83.739|
operand_b<24>  |result<11>     |   84.183|
operand_b<24>  |result<12>     |   84.427|
operand_b<24>  |result<13>     |   84.865|
operand_b<24>  |result<14>     |   84.999|
operand_b<24>  |result<15>     |   85.315|
operand_b<24>  |result<16>     |   86.070|
operand_b<24>  |result<17>     |   86.204|
operand_b<24>  |result<18>     |   86.303|
operand_b<24>  |result<19>     |   86.656|
operand_b<24>  |result<20>     |   87.371|
operand_b<24>  |result<21>     |   87.491|
operand_b<24>  |result<22>     |   87.329|
operand_b<24>  |result<23>     |   87.548|
operand_b<24>  |result<24>     |   87.806|
operand_b<24>  |result<25>     |   88.086|
operand_b<24>  |result<26>     |   88.624|
operand_b<24>  |result<27>     |   88.548|
operand_b<24>  |result<28>     |   89.274|
operand_b<24>  |result<29>     |   89.368|
operand_b<24>  |result<30>     |   89.481|
operand_b<24>  |result<31>     |   89.847|
operand_b<25>  |ovf            |   88.641|
operand_b<25>  |result<0>      |   81.331|
operand_b<25>  |result<1>      |   82.563|
operand_b<25>  |result<2>      |   81.945|
operand_b<25>  |result<3>      |   82.212|
operand_b<25>  |result<4>      |   83.473|
operand_b<25>  |result<5>      |   83.490|
operand_b<25>  |result<6>      |   83.602|
operand_b<25>  |result<7>      |   83.737|
operand_b<25>  |result<8>      |   84.231|
operand_b<25>  |result<9>      |   84.056|
operand_b<25>  |result<10>     |   84.080|
operand_b<25>  |result<11>     |   84.524|
operand_b<25>  |result<12>     |   84.768|
operand_b<25>  |result<13>     |   85.206|
operand_b<25>  |result<14>     |   85.340|
operand_b<25>  |result<15>     |   85.656|
operand_b<25>  |result<16>     |   86.411|
operand_b<25>  |result<17>     |   86.545|
operand_b<25>  |result<18>     |   86.644|
operand_b<25>  |result<19>     |   86.997|
operand_b<25>  |result<20>     |   87.712|
operand_b<25>  |result<21>     |   87.832|
operand_b<25>  |result<22>     |   87.670|
operand_b<25>  |result<23>     |   87.889|
operand_b<25>  |result<24>     |   88.147|
operand_b<25>  |result<25>     |   88.427|
operand_b<25>  |result<26>     |   88.965|
operand_b<25>  |result<27>     |   88.889|
operand_b<25>  |result<28>     |   89.615|
operand_b<25>  |result<29>     |   89.709|
operand_b<25>  |result<30>     |   89.822|
operand_b<25>  |result<31>     |   90.188|
operand_b<26>  |ovf            |   88.274|
operand_b<26>  |result<0>      |   80.964|
operand_b<26>  |result<1>      |   82.196|
operand_b<26>  |result<2>      |   81.578|
operand_b<26>  |result<3>      |   81.845|
operand_b<26>  |result<4>      |   83.106|
operand_b<26>  |result<5>      |   83.123|
operand_b<26>  |result<6>      |   83.235|
operand_b<26>  |result<7>      |   83.370|
operand_b<26>  |result<8>      |   83.864|
operand_b<26>  |result<9>      |   83.689|
operand_b<26>  |result<10>     |   83.713|
operand_b<26>  |result<11>     |   84.157|
operand_b<26>  |result<12>     |   84.401|
operand_b<26>  |result<13>     |   84.839|
operand_b<26>  |result<14>     |   84.973|
operand_b<26>  |result<15>     |   85.289|
operand_b<26>  |result<16>     |   86.044|
operand_b<26>  |result<17>     |   86.178|
operand_b<26>  |result<18>     |   86.277|
operand_b<26>  |result<19>     |   86.630|
operand_b<26>  |result<20>     |   87.345|
operand_b<26>  |result<21>     |   87.465|
operand_b<26>  |result<22>     |   87.303|
operand_b<26>  |result<23>     |   87.522|
operand_b<26>  |result<24>     |   87.780|
operand_b<26>  |result<25>     |   88.060|
operand_b<26>  |result<26>     |   88.598|
operand_b<26>  |result<27>     |   88.522|
operand_b<26>  |result<28>     |   89.248|
operand_b<26>  |result<29>     |   89.342|
operand_b<26>  |result<30>     |   89.455|
operand_b<26>  |result<31>     |   89.821|
operand_b<27>  |ovf            |   88.453|
operand_b<27>  |result<0>      |   81.143|
operand_b<27>  |result<1>      |   82.375|
operand_b<27>  |result<2>      |   81.757|
operand_b<27>  |result<3>      |   82.024|
operand_b<27>  |result<4>      |   83.285|
operand_b<27>  |result<5>      |   83.302|
operand_b<27>  |result<6>      |   83.414|
operand_b<27>  |result<7>      |   83.549|
operand_b<27>  |result<8>      |   84.043|
operand_b<27>  |result<9>      |   83.868|
operand_b<27>  |result<10>     |   83.892|
operand_b<27>  |result<11>     |   84.336|
operand_b<27>  |result<12>     |   84.580|
operand_b<27>  |result<13>     |   85.018|
operand_b<27>  |result<14>     |   85.152|
operand_b<27>  |result<15>     |   85.468|
operand_b<27>  |result<16>     |   86.223|
operand_b<27>  |result<17>     |   86.357|
operand_b<27>  |result<18>     |   86.456|
operand_b<27>  |result<19>     |   86.809|
operand_b<27>  |result<20>     |   87.524|
operand_b<27>  |result<21>     |   87.644|
operand_b<27>  |result<22>     |   87.482|
operand_b<27>  |result<23>     |   87.701|
operand_b<27>  |result<24>     |   87.959|
operand_b<27>  |result<25>     |   88.239|
operand_b<27>  |result<26>     |   88.777|
operand_b<27>  |result<27>     |   88.701|
operand_b<27>  |result<28>     |   89.427|
operand_b<27>  |result<29>     |   89.521|
operand_b<27>  |result<30>     |   89.634|
operand_b<27>  |result<31>     |   90.000|
operand_b<28>  |ovf            |   87.894|
operand_b<28>  |result<0>      |   80.584|
operand_b<28>  |result<1>      |   81.816|
operand_b<28>  |result<2>      |   81.198|
operand_b<28>  |result<3>      |   81.465|
operand_b<28>  |result<4>      |   82.726|
operand_b<28>  |result<5>      |   82.743|
operand_b<28>  |result<6>      |   82.855|
operand_b<28>  |result<7>      |   82.990|
operand_b<28>  |result<8>      |   83.484|
operand_b<28>  |result<9>      |   83.309|
operand_b<28>  |result<10>     |   83.333|
operand_b<28>  |result<11>     |   83.777|
operand_b<28>  |result<12>     |   84.021|
operand_b<28>  |result<13>     |   84.459|
operand_b<28>  |result<14>     |   84.593|
operand_b<28>  |result<15>     |   84.909|
operand_b<28>  |result<16>     |   85.664|
operand_b<28>  |result<17>     |   85.798|
operand_b<28>  |result<18>     |   85.897|
operand_b<28>  |result<19>     |   86.250|
operand_b<28>  |result<20>     |   86.965|
operand_b<28>  |result<21>     |   87.085|
operand_b<28>  |result<22>     |   86.923|
operand_b<28>  |result<23>     |   87.142|
operand_b<28>  |result<24>     |   87.400|
operand_b<28>  |result<25>     |   87.680|
operand_b<28>  |result<26>     |   88.218|
operand_b<28>  |result<27>     |   88.142|
operand_b<28>  |result<28>     |   88.868|
operand_b<28>  |result<29>     |   88.962|
operand_b<28>  |result<30>     |   89.075|
operand_b<28>  |result<31>     |   89.441|
operand_b<29>  |ovf            |   87.668|
operand_b<29>  |result<0>      |   80.358|
operand_b<29>  |result<1>      |   81.590|
operand_b<29>  |result<2>      |   80.972|
operand_b<29>  |result<3>      |   81.239|
operand_b<29>  |result<4>      |   82.500|
operand_b<29>  |result<5>      |   82.517|
operand_b<29>  |result<6>      |   82.629|
operand_b<29>  |result<7>      |   82.764|
operand_b<29>  |result<8>      |   83.258|
operand_b<29>  |result<9>      |   83.083|
operand_b<29>  |result<10>     |   83.107|
operand_b<29>  |result<11>     |   83.551|
operand_b<29>  |result<12>     |   83.795|
operand_b<29>  |result<13>     |   84.233|
operand_b<29>  |result<14>     |   84.367|
operand_b<29>  |result<15>     |   84.683|
operand_b<29>  |result<16>     |   85.438|
operand_b<29>  |result<17>     |   85.572|
operand_b<29>  |result<18>     |   85.671|
operand_b<29>  |result<19>     |   86.024|
operand_b<29>  |result<20>     |   86.739|
operand_b<29>  |result<21>     |   86.859|
operand_b<29>  |result<22>     |   86.697|
operand_b<29>  |result<23>     |   86.916|
operand_b<29>  |result<24>     |   87.174|
operand_b<29>  |result<25>     |   87.454|
operand_b<29>  |result<26>     |   87.992|
operand_b<29>  |result<27>     |   87.916|
operand_b<29>  |result<28>     |   88.642|
operand_b<29>  |result<29>     |   88.736|
operand_b<29>  |result<30>     |   88.849|
operand_b<29>  |result<31>     |   89.215|
operand_b<30>  |ovf            |   87.582|
operand_b<30>  |result<0>      |   80.272|
operand_b<30>  |result<1>      |   81.504|
operand_b<30>  |result<2>      |   80.886|
operand_b<30>  |result<3>      |   81.153|
operand_b<30>  |result<4>      |   82.414|
operand_b<30>  |result<5>      |   82.431|
operand_b<30>  |result<6>      |   82.543|
operand_b<30>  |result<7>      |   82.678|
operand_b<30>  |result<8>      |   83.172|
operand_b<30>  |result<9>      |   82.997|
operand_b<30>  |result<10>     |   83.021|
operand_b<30>  |result<11>     |   83.465|
operand_b<30>  |result<12>     |   83.709|
operand_b<30>  |result<13>     |   84.147|
operand_b<30>  |result<14>     |   84.281|
operand_b<30>  |result<15>     |   84.597|
operand_b<30>  |result<16>     |   85.352|
operand_b<30>  |result<17>     |   85.486|
operand_b<30>  |result<18>     |   85.585|
operand_b<30>  |result<19>     |   85.938|
operand_b<30>  |result<20>     |   86.653|
operand_b<30>  |result<21>     |   86.773|
operand_b<30>  |result<22>     |   86.611|
operand_b<30>  |result<23>     |   86.830|
operand_b<30>  |result<24>     |   87.088|
operand_b<30>  |result<25>     |   87.368|
operand_b<30>  |result<26>     |   87.906|
operand_b<30>  |result<27>     |   87.830|
operand_b<30>  |result<28>     |   88.556|
operand_b<30>  |result<29>     |   88.650|
operand_b<30>  |result<30>     |   88.763|
operand_b<30>  |result<31>     |   89.129|
operand_b<31>  |ovf            |   95.604|
operand_b<31>  |result<0>      |   88.294|
operand_b<31>  |result<1>      |   89.526|
operand_b<31>  |result<2>      |   88.908|
operand_b<31>  |result<3>      |   89.175|
operand_b<31>  |result<4>      |   90.436|
operand_b<31>  |result<5>      |   90.453|
operand_b<31>  |result<6>      |   90.565|
operand_b<31>  |result<7>      |   90.700|
operand_b<31>  |result<8>      |   91.194|
operand_b<31>  |result<9>      |   91.019|
operand_b<31>  |result<10>     |   91.043|
operand_b<31>  |result<11>     |   91.487|
operand_b<31>  |result<12>     |   91.731|
operand_b<31>  |result<13>     |   92.169|
operand_b<31>  |result<14>     |   92.303|
operand_b<31>  |result<15>     |   92.619|
operand_b<31>  |result<16>     |   93.374|
operand_b<31>  |result<17>     |   93.508|
operand_b<31>  |result<18>     |   93.607|
operand_b<31>  |result<19>     |   93.960|
operand_b<31>  |result<20>     |   94.675|
operand_b<31>  |result<21>     |   94.795|
operand_b<31>  |result<22>     |   94.633|
operand_b<31>  |result<23>     |   94.852|
operand_b<31>  |result<24>     |   95.110|
operand_b<31>  |result<25>     |   95.390|
operand_b<31>  |result<26>     |   95.928|
operand_b<31>  |result<27>     |   95.852|
operand_b<31>  |result<28>     |   96.578|
operand_b<31>  |result<29>     |   96.672|
operand_b<31>  |result<30>     |   96.785|
operand_b<31>  |result<31>     |   97.151|
---------------+---------------+---------+


Analysis completed Thu Jun 16 15:40:54 2016 
--------------------------------------------------------------------------------

Trace Settings:
-------------------------
Trace Settings 

Peak Memory Usage: 776 MB



