--------------------------------------------------------------------------------
Release 14.7 Trace  (lin64)
Copyright (c) 1995-2013 Xilinx, Inc.  All rights reserved.

/home/waseemh/Xilinx/14.7/ISE_DS/ISE/bin/lin64/unwrapped/trce -intstyle ise -v
3 -s 3 -n 3 -fastpaths -xml rot_combinatorial.twx rot_combinatorial.ncd -o
rot_combinatorial.twr rot_combinatorial.pcf

Design file:              rot_combinatorial.ncd
Physical constraint file: rot_combinatorial.pcf
Device,package,speed:     xc7a100t,csg324,C,-3 (PRODUCTION 1.10 2013-10-13)
Report level:             verbose report

Environment Variable      Effect 
--------------------      ------ 
NONE                      No environment variables were set
--------------------------------------------------------------------------------

INFO:Timing:2698 - No timing constraints found, doing default enumeration.
INFO:Timing:3412 - To improve timing, see the Timing Closure User Guide (UG612).
INFO:Timing:2752 - To get complete path coverage, use the unconstrained paths 
   option. All paths that are not constrained will be reported in the 
   unconstrained paths section(s) of the report.
INFO:Timing:3339 - The clock-to-out numbers in this timing report are based on 
   a 50 Ohm transmission line loading model.  For the details of this model, 
   and for more information on accounting for different loading conditions, 
   please see the device datasheet.



Data Sheet report:
-----------------
All values displayed in nanoseconds (ns)

Pad to Pad
---------------+---------------+---------+
Source Pad     |Destination Pad|  Delay  |
---------------+---------------+---------+
angle<0>       |cos<0>         |  131.814|
angle<0>       |cos<1>         |  131.647|
angle<0>       |cos<2>         |  131.288|
angle<0>       |cos<3>         |  131.499|
angle<0>       |cos<4>         |  131.972|
angle<0>       |cos<5>         |  131.978|
angle<0>       |cos<6>         |  132.420|
angle<0>       |cos<7>         |  131.929|
angle<0>       |cos<8>         |  133.086|
angle<0>       |cos<9>         |  132.348|
angle<0>       |cos<10>        |  132.899|
angle<0>       |cos<11>        |  132.651|
angle<0>       |cos<12>        |  133.108|
angle<0>       |cos<13>        |  132.738|
angle<0>       |cos<14>        |  134.006|
angle<0>       |cos<15>        |  134.153|
angle<0>       |cos<16>        |  134.110|
angle<0>       |cos<17>        |  134.134|
angle<0>       |cos<18>        |  134.079|
angle<0>       |cos<19>        |  134.105|
angle<0>       |cos<20>        |  134.272|
angle<0>       |cos<21>        |  134.213|
angle<0>       |cos<22>        |  132.775|
angle<0>       |cos<23>        |  132.732|
angle<0>       |cos<24>        |   11.725|
angle<0>       |cos<25>        |   11.828|
angle<0>       |cos<26>        |   11.711|
angle<0>       |cos<27>        |   11.716|
angle<0>       |cos<28>        |   11.820|
angle<0>       |cos<29>        |   11.856|
angle<0>       |cos<30>        |   11.949|
angle<0>       |cos<31>        |   11.947|
angle<0>       |sin<0>         |  132.477|
angle<0>       |sin<1>         |  132.336|
angle<0>       |sin<2>         |  132.086|
angle<0>       |sin<3>         |  132.544|
angle<0>       |sin<4>         |  133.800|
angle<0>       |sin<5>         |  133.666|
angle<0>       |sin<6>         |  133.857|
angle<0>       |sin<7>         |  134.181|
angle<0>       |sin<8>         |  135.030|
angle<0>       |sin<9>         |  135.471|
angle<0>       |sin<10>        |  135.779|
angle<0>       |sin<11>        |  135.649|
angle<0>       |sin<12>        |  135.670|
angle<0>       |sin<13>        |  135.525|
angle<0>       |sin<14>        |  136.073|
angle<0>       |sin<15>        |  135.913|
angle<0>       |sin<16>        |  135.961|
angle<0>       |sin<17>        |  135.822|
angle<0>       |sin<18>        |  136.103|
angle<0>       |sin<19>        |  136.002|
angle<0>       |sin<20>        |  136.008|
angle<0>       |sin<21>        |  135.892|
angle<0>       |sin<22>        |  135.782|
angle<0>       |sin<23>        |  135.724|
angle<0>       |sin<24>        |    9.015|
angle<0>       |sin<25>        |    9.340|
angle<0>       |sin<26>        |    9.229|
angle<0>       |sin<27>        |    9.135|
angle<0>       |sin<28>        |    9.022|
angle<0>       |sin<29>        |    8.919|
angle<0>       |sin<30>        |    8.820|
angle<0>       |sin<31>        |    8.720|
angle<1>       |cos<0>         |  132.145|
angle<1>       |cos<1>         |  131.978|
angle<1>       |cos<2>         |  131.619|
angle<1>       |cos<3>         |  131.830|
angle<1>       |cos<4>         |  132.303|
angle<1>       |cos<5>         |  132.309|
angle<1>       |cos<6>         |  132.751|
angle<1>       |cos<7>         |  132.260|
angle<1>       |cos<8>         |  133.417|
angle<1>       |cos<9>         |  132.679|
angle<1>       |cos<10>        |  133.230|
angle<1>       |cos<11>        |  132.982|
angle<1>       |cos<12>        |  133.439|
angle<1>       |cos<13>        |  133.069|
angle<1>       |cos<14>        |  134.337|
angle<1>       |cos<15>        |  134.484|
angle<1>       |cos<16>        |  134.441|
angle<1>       |cos<17>        |  134.465|
angle<1>       |cos<18>        |  134.410|
angle<1>       |cos<19>        |  134.436|
angle<1>       |cos<20>        |  134.603|
angle<1>       |cos<21>        |  134.544|
angle<1>       |cos<22>        |  133.106|
angle<1>       |cos<23>        |  133.063|
angle<1>       |cos<24>        |   11.824|
angle<1>       |cos<25>        |   11.927|
angle<1>       |cos<26>        |   11.810|
angle<1>       |cos<27>        |   11.815|
angle<1>       |cos<28>        |   11.919|
angle<1>       |cos<29>        |   11.955|
angle<1>       |cos<30>        |   12.048|
angle<1>       |cos<31>        |   12.046|
angle<1>       |sin<0>         |  132.808|
angle<1>       |sin<1>         |  132.667|
angle<1>       |sin<2>         |  132.417|
angle<1>       |sin<3>         |  132.875|
angle<1>       |sin<4>         |  134.131|
angle<1>       |sin<5>         |  133.997|
angle<1>       |sin<6>         |  134.188|
angle<1>       |sin<7>         |  134.512|
angle<1>       |sin<8>         |  135.361|
angle<1>       |sin<9>         |  135.802|
angle<1>       |sin<10>        |  136.110|
angle<1>       |sin<11>        |  135.980|
angle<1>       |sin<12>        |  136.001|
angle<1>       |sin<13>        |  135.856|
angle<1>       |sin<14>        |  136.404|
angle<1>       |sin<15>        |  136.244|
angle<1>       |sin<16>        |  136.292|
angle<1>       |sin<17>        |  136.153|
angle<1>       |sin<18>        |  136.434|
angle<1>       |sin<19>        |  136.333|
angle<1>       |sin<20>        |  136.339|
angle<1>       |sin<21>        |  136.223|
angle<1>       |sin<22>        |  136.113|
angle<1>       |sin<23>        |  136.055|
angle<1>       |sin<24>        |    9.016|
angle<1>       |sin<25>        |    9.341|
angle<1>       |sin<26>        |    9.230|
angle<1>       |sin<27>        |    9.136|
angle<1>       |sin<28>        |    9.023|
angle<1>       |sin<29>        |    8.920|
angle<1>       |sin<30>        |    8.821|
angle<1>       |sin<31>        |    8.721|
angle<2>       |cos<0>         |  132.213|
angle<2>       |cos<1>         |  132.046|
angle<2>       |cos<2>         |  131.687|
angle<2>       |cos<3>         |  131.898|
angle<2>       |cos<4>         |  132.371|
angle<2>       |cos<5>         |  132.377|
angle<2>       |cos<6>         |  132.819|
angle<2>       |cos<7>         |  132.328|
angle<2>       |cos<8>         |  133.485|
angle<2>       |cos<9>         |  132.747|
angle<2>       |cos<10>        |  133.298|
angle<2>       |cos<11>        |  133.050|
angle<2>       |cos<12>        |  133.507|
angle<2>       |cos<13>        |  133.137|
angle<2>       |cos<14>        |  134.405|
angle<2>       |cos<15>        |  134.552|
angle<2>       |cos<16>        |  134.509|
angle<2>       |cos<17>        |  134.533|
angle<2>       |cos<18>        |  134.478|
angle<2>       |cos<19>        |  134.504|
angle<2>       |cos<20>        |  134.671|
angle<2>       |cos<21>        |  134.612|
angle<2>       |cos<22>        |  133.174|
angle<2>       |cos<23>        |  133.131|
angle<2>       |cos<24>        |   11.454|
angle<2>       |cos<25>        |   11.557|
angle<2>       |cos<26>        |   11.440|
angle<2>       |cos<27>        |   11.445|
angle<2>       |cos<28>        |   11.549|
angle<2>       |cos<29>        |   11.585|
angle<2>       |cos<30>        |   11.678|
angle<2>       |cos<31>        |   11.676|
angle<2>       |sin<0>         |  132.876|
angle<2>       |sin<1>         |  132.735|
angle<2>       |sin<2>         |  132.485|
angle<2>       |sin<3>         |  132.943|
angle<2>       |sin<4>         |  134.199|
angle<2>       |sin<5>         |  134.065|
angle<2>       |sin<6>         |  134.256|
angle<2>       |sin<7>         |  134.580|
angle<2>       |sin<8>         |  135.429|
angle<2>       |sin<9>         |  135.870|
angle<2>       |sin<10>        |  136.178|
angle<2>       |sin<11>        |  136.048|
angle<2>       |sin<12>        |  136.069|
angle<2>       |sin<13>        |  135.924|
angle<2>       |sin<14>        |  136.472|
angle<2>       |sin<15>        |  136.312|
angle<2>       |sin<16>        |  136.360|
angle<2>       |sin<17>        |  136.221|
angle<2>       |sin<18>        |  136.502|
angle<2>       |sin<19>        |  136.401|
angle<2>       |sin<20>        |  136.407|
angle<2>       |sin<21>        |  136.291|
angle<2>       |sin<22>        |  136.181|
angle<2>       |sin<23>        |  136.123|
angle<2>       |sin<24>        |    8.919|
angle<2>       |sin<25>        |    9.244|
angle<2>       |sin<26>        |    9.133|
angle<2>       |sin<27>        |    9.039|
angle<2>       |sin<28>        |    8.926|
angle<2>       |sin<29>        |    8.823|
angle<2>       |sin<30>        |    8.724|
angle<2>       |sin<31>        |    8.624|
angle<3>       |cos<0>         |  131.421|
angle<3>       |cos<1>         |  131.254|
angle<3>       |cos<2>         |  130.895|
angle<3>       |cos<3>         |  131.106|
angle<3>       |cos<4>         |  131.579|
angle<3>       |cos<5>         |  131.585|
angle<3>       |cos<6>         |  132.027|
angle<3>       |cos<7>         |  131.536|
angle<3>       |cos<8>         |  132.693|
angle<3>       |cos<9>         |  131.955|
angle<3>       |cos<10>        |  132.506|
angle<3>       |cos<11>        |  132.258|
angle<3>       |cos<12>        |  132.715|
angle<3>       |cos<13>        |  132.345|
angle<3>       |cos<14>        |  133.613|
angle<3>       |cos<15>        |  133.760|
angle<3>       |cos<16>        |  133.717|
angle<3>       |cos<17>        |  133.741|
angle<3>       |cos<18>        |  133.686|
angle<3>       |cos<19>        |  133.712|
angle<3>       |cos<20>        |  133.879|
angle<3>       |cos<21>        |  133.820|
angle<3>       |cos<22>        |  132.382|
angle<3>       |cos<23>        |  132.339|
angle<3>       |cos<24>        |   11.332|
angle<3>       |cos<25>        |   11.435|
angle<3>       |cos<26>        |   11.318|
angle<3>       |cos<27>        |   11.323|
angle<3>       |cos<28>        |   11.427|
angle<3>       |cos<29>        |   11.463|
angle<3>       |cos<30>        |   11.556|
angle<3>       |cos<31>        |   11.554|
angle<3>       |sin<0>         |  132.084|
angle<3>       |sin<1>         |  131.943|
angle<3>       |sin<2>         |  131.693|
angle<3>       |sin<3>         |  132.151|
angle<3>       |sin<4>         |  133.407|
angle<3>       |sin<5>         |  133.273|
angle<3>       |sin<6>         |  133.464|
angle<3>       |sin<7>         |  133.788|
angle<3>       |sin<8>         |  134.637|
angle<3>       |sin<9>         |  135.078|
angle<3>       |sin<10>        |  135.386|
angle<3>       |sin<11>        |  135.256|
angle<3>       |sin<12>        |  135.277|
angle<3>       |sin<13>        |  135.132|
angle<3>       |sin<14>        |  135.680|
angle<3>       |sin<15>        |  135.520|
angle<3>       |sin<16>        |  135.568|
angle<3>       |sin<17>        |  135.429|
angle<3>       |sin<18>        |  135.710|
angle<3>       |sin<19>        |  135.609|
angle<3>       |sin<20>        |  135.615|
angle<3>       |sin<21>        |  135.499|
angle<3>       |sin<22>        |  135.389|
angle<3>       |sin<23>        |  135.331|
angle<3>       |sin<24>        |    8.524|
angle<3>       |sin<25>        |    8.849|
angle<3>       |sin<26>        |    8.738|
angle<3>       |sin<27>        |    8.644|
angle<3>       |sin<28>        |    8.531|
angle<3>       |sin<29>        |    8.428|
angle<3>       |sin<30>        |    8.329|
angle<3>       |sin<31>        |    8.229|
angle<4>       |cos<0>         |  131.668|
angle<4>       |cos<1>         |  131.501|
angle<4>       |cos<2>         |  131.142|
angle<4>       |cos<3>         |  131.353|
angle<4>       |cos<4>         |  131.826|
angle<4>       |cos<5>         |  131.832|
angle<4>       |cos<6>         |  132.274|
angle<4>       |cos<7>         |  131.783|
angle<4>       |cos<8>         |  132.940|
angle<4>       |cos<9>         |  132.202|
angle<4>       |cos<10>        |  132.753|
angle<4>       |cos<11>        |  132.505|
angle<4>       |cos<12>        |  132.962|
angle<4>       |cos<13>        |  132.592|
angle<4>       |cos<14>        |  133.860|
angle<4>       |cos<15>        |  134.007|
angle<4>       |cos<16>        |  133.964|
angle<4>       |cos<17>        |  133.988|
angle<4>       |cos<18>        |  133.933|
angle<4>       |cos<19>        |  133.959|
angle<4>       |cos<20>        |  134.126|
angle<4>       |cos<21>        |  134.067|
angle<4>       |cos<22>        |  132.629|
angle<4>       |cos<23>        |  132.586|
angle<4>       |cos<24>        |   11.205|
angle<4>       |cos<25>        |   11.308|
angle<4>       |cos<26>        |   11.191|
angle<4>       |cos<27>        |   11.196|
angle<4>       |cos<28>        |   11.300|
angle<4>       |cos<29>        |   11.336|
angle<4>       |cos<30>        |   11.429|
angle<4>       |cos<31>        |   11.427|
angle<4>       |sin<0>         |  132.331|
angle<4>       |sin<1>         |  132.190|
angle<4>       |sin<2>         |  131.940|
angle<4>       |sin<3>         |  132.398|
angle<4>       |sin<4>         |  133.654|
angle<4>       |sin<5>         |  133.520|
angle<4>       |sin<6>         |  133.711|
angle<4>       |sin<7>         |  134.035|
angle<4>       |sin<8>         |  134.884|
angle<4>       |sin<9>         |  135.325|
angle<4>       |sin<10>        |  135.633|
angle<4>       |sin<11>        |  135.503|
angle<4>       |sin<12>        |  135.524|
angle<4>       |sin<13>        |  135.379|
angle<4>       |sin<14>        |  135.927|
angle<4>       |sin<15>        |  135.767|
angle<4>       |sin<16>        |  135.815|
angle<4>       |sin<17>        |  135.676|
angle<4>       |sin<18>        |  135.957|
angle<4>       |sin<19>        |  135.856|
angle<4>       |sin<20>        |  135.862|
angle<4>       |sin<21>        |  135.746|
angle<4>       |sin<22>        |  135.636|
angle<4>       |sin<23>        |  135.578|
angle<4>       |sin<24>        |    8.678|
angle<4>       |sin<25>        |    9.003|
angle<4>       |sin<26>        |    8.892|
angle<4>       |sin<27>        |    8.798|
angle<4>       |sin<28>        |    8.685|
angle<4>       |sin<29>        |    8.582|
angle<4>       |sin<30>        |    8.483|
angle<4>       |sin<31>        |    8.383|
angle<5>       |cos<0>         |  131.573|
angle<5>       |cos<1>         |  131.406|
angle<5>       |cos<2>         |  131.047|
angle<5>       |cos<3>         |  131.258|
angle<5>       |cos<4>         |  131.731|
angle<5>       |cos<5>         |  131.737|
angle<5>       |cos<6>         |  132.179|
angle<5>       |cos<7>         |  131.688|
angle<5>       |cos<8>         |  132.845|
angle<5>       |cos<9>         |  132.107|
angle<5>       |cos<10>        |  132.658|
angle<5>       |cos<11>        |  132.410|
angle<5>       |cos<12>        |  132.867|
angle<5>       |cos<13>        |  132.497|
angle<5>       |cos<14>        |  133.765|
angle<5>       |cos<15>        |  133.912|
angle<5>       |cos<16>        |  133.869|
angle<5>       |cos<17>        |  133.893|
angle<5>       |cos<18>        |  133.838|
angle<5>       |cos<19>        |  133.864|
angle<5>       |cos<20>        |  134.031|
angle<5>       |cos<21>        |  133.972|
angle<5>       |cos<22>        |  132.534|
angle<5>       |cos<23>        |  132.491|
angle<5>       |cos<24>        |   11.407|
angle<5>       |cos<25>        |   11.510|
angle<5>       |cos<26>        |   11.393|
angle<5>       |cos<27>        |   11.398|
angle<5>       |cos<28>        |   11.502|
angle<5>       |cos<29>        |   11.538|
angle<5>       |cos<30>        |   11.631|
angle<5>       |cos<31>        |   11.629|
angle<5>       |sin<0>         |  132.236|
angle<5>       |sin<1>         |  132.095|
angle<5>       |sin<2>         |  131.845|
angle<5>       |sin<3>         |  132.303|
angle<5>       |sin<4>         |  133.559|
angle<5>       |sin<5>         |  133.425|
angle<5>       |sin<6>         |  133.616|
angle<5>       |sin<7>         |  133.940|
angle<5>       |sin<8>         |  134.789|
angle<5>       |sin<9>         |  135.230|
angle<5>       |sin<10>        |  135.538|
angle<5>       |sin<11>        |  135.408|
angle<5>       |sin<12>        |  135.429|
angle<5>       |sin<13>        |  135.284|
angle<5>       |sin<14>        |  135.832|
angle<5>       |sin<15>        |  135.672|
angle<5>       |sin<16>        |  135.720|
angle<5>       |sin<17>        |  135.581|
angle<5>       |sin<18>        |  135.862|
angle<5>       |sin<19>        |  135.761|
angle<5>       |sin<20>        |  135.767|
angle<5>       |sin<21>        |  135.651|
angle<5>       |sin<22>        |  135.541|
angle<5>       |sin<23>        |  135.483|
angle<5>       |sin<24>        |    8.599|
angle<5>       |sin<25>        |    8.924|
angle<5>       |sin<26>        |    8.813|
angle<5>       |sin<27>        |    8.719|
angle<5>       |sin<28>        |    8.606|
angle<5>       |sin<29>        |    8.503|
angle<5>       |sin<30>        |    8.404|
angle<5>       |sin<31>        |    8.304|
angle<6>       |cos<0>         |  131.557|
angle<6>       |cos<1>         |  131.390|
angle<6>       |cos<2>         |  131.031|
angle<6>       |cos<3>         |  131.242|
angle<6>       |cos<4>         |  131.715|
angle<6>       |cos<5>         |  131.721|
angle<6>       |cos<6>         |  132.163|
angle<6>       |cos<7>         |  131.672|
angle<6>       |cos<8>         |  132.829|
angle<6>       |cos<9>         |  132.091|
angle<6>       |cos<10>        |  132.642|
angle<6>       |cos<11>        |  132.394|
angle<6>       |cos<12>        |  132.851|
angle<6>       |cos<13>        |  132.481|
angle<6>       |cos<14>        |  133.749|
angle<6>       |cos<15>        |  133.896|
angle<6>       |cos<16>        |  133.853|
angle<6>       |cos<17>        |  133.877|
angle<6>       |cos<18>        |  133.822|
angle<6>       |cos<19>        |  133.848|
angle<6>       |cos<20>        |  134.015|
angle<6>       |cos<21>        |  133.956|
angle<6>       |cos<22>        |  132.518|
angle<6>       |cos<23>        |  132.475|
angle<6>       |cos<24>        |   11.312|
angle<6>       |cos<25>        |   11.415|
angle<6>       |cos<26>        |   11.298|
angle<6>       |cos<27>        |   11.303|
angle<6>       |cos<28>        |   11.407|
angle<6>       |cos<29>        |   11.443|
angle<6>       |cos<30>        |   11.536|
angle<6>       |cos<31>        |   11.534|
angle<6>       |sin<0>         |  132.220|
angle<6>       |sin<1>         |  132.079|
angle<6>       |sin<2>         |  131.829|
angle<6>       |sin<3>         |  132.287|
angle<6>       |sin<4>         |  133.543|
angle<6>       |sin<5>         |  133.409|
angle<6>       |sin<6>         |  133.600|
angle<6>       |sin<7>         |  133.924|
angle<6>       |sin<8>         |  134.773|
angle<6>       |sin<9>         |  135.214|
angle<6>       |sin<10>        |  135.522|
angle<6>       |sin<11>        |  135.392|
angle<6>       |sin<12>        |  135.413|
angle<6>       |sin<13>        |  135.268|
angle<6>       |sin<14>        |  135.816|
angle<6>       |sin<15>        |  135.656|
angle<6>       |sin<16>        |  135.704|
angle<6>       |sin<17>        |  135.565|
angle<6>       |sin<18>        |  135.846|
angle<6>       |sin<19>        |  135.745|
angle<6>       |sin<20>        |  135.751|
angle<6>       |sin<21>        |  135.635|
angle<6>       |sin<22>        |  135.525|
angle<6>       |sin<23>        |  135.467|
angle<6>       |sin<24>        |    8.596|
angle<6>       |sin<25>        |    8.921|
angle<6>       |sin<26>        |    8.810|
angle<6>       |sin<27>        |    8.716|
angle<6>       |sin<28>        |    8.603|
angle<6>       |sin<29>        |    8.500|
angle<6>       |sin<30>        |    8.401|
angle<6>       |sin<31>        |    8.301|
angle<7>       |cos<0>         |  131.798|
angle<7>       |cos<1>         |  131.631|
angle<7>       |cos<2>         |  131.272|
angle<7>       |cos<3>         |  131.483|
angle<7>       |cos<4>         |  131.956|
angle<7>       |cos<5>         |  131.962|
angle<7>       |cos<6>         |  132.404|
angle<7>       |cos<7>         |  131.913|
angle<7>       |cos<8>         |  133.070|
angle<7>       |cos<9>         |  132.332|
angle<7>       |cos<10>        |  132.883|
angle<7>       |cos<11>        |  132.635|
angle<7>       |cos<12>        |  133.092|
angle<7>       |cos<13>        |  132.722|
angle<7>       |cos<14>        |  133.990|
angle<7>       |cos<15>        |  134.137|
angle<7>       |cos<16>        |  134.094|
angle<7>       |cos<17>        |  134.118|
angle<7>       |cos<18>        |  134.063|
angle<7>       |cos<19>        |  134.089|
angle<7>       |cos<20>        |  134.256|
angle<7>       |cos<21>        |  134.197|
angle<7>       |cos<22>        |  132.759|
angle<7>       |cos<23>        |  132.716|
angle<7>       |cos<24>        |   11.167|
angle<7>       |cos<25>        |   11.270|
angle<7>       |cos<26>        |   11.153|
angle<7>       |cos<27>        |   11.158|
angle<7>       |cos<28>        |   11.262|
angle<7>       |cos<29>        |   11.298|
angle<7>       |cos<30>        |   11.391|
angle<7>       |cos<31>        |   11.389|
angle<7>       |sin<0>         |  132.461|
angle<7>       |sin<1>         |  132.320|
angle<7>       |sin<2>         |  132.070|
angle<7>       |sin<3>         |  132.528|
angle<7>       |sin<4>         |  133.784|
angle<7>       |sin<5>         |  133.650|
angle<7>       |sin<6>         |  133.841|
angle<7>       |sin<7>         |  134.165|
angle<7>       |sin<8>         |  135.014|
angle<7>       |sin<9>         |  135.455|
angle<7>       |sin<10>        |  135.763|
angle<7>       |sin<11>        |  135.633|
angle<7>       |sin<12>        |  135.654|
angle<7>       |sin<13>        |  135.509|
angle<7>       |sin<14>        |  136.057|
angle<7>       |sin<15>        |  135.897|
angle<7>       |sin<16>        |  135.945|
angle<7>       |sin<17>        |  135.806|
angle<7>       |sin<18>        |  136.087|
angle<7>       |sin<19>        |  135.986|
angle<7>       |sin<20>        |  135.992|
angle<7>       |sin<21>        |  135.876|
angle<7>       |sin<22>        |  135.766|
angle<7>       |sin<23>        |  135.708|
angle<7>       |sin<24>        |    8.449|
angle<7>       |sin<25>        |    8.774|
angle<7>       |sin<26>        |    8.663|
angle<7>       |sin<27>        |    8.569|
angle<7>       |sin<28>        |    8.456|
angle<7>       |sin<29>        |    8.353|
angle<7>       |sin<30>        |    8.254|
angle<7>       |sin<31>        |    8.154|
angle<8>       |cos<0>         |  132.035|
angle<8>       |cos<1>         |  131.868|
angle<8>       |cos<2>         |  131.509|
angle<8>       |cos<3>         |  131.720|
angle<8>       |cos<4>         |  132.193|
angle<8>       |cos<5>         |  132.199|
angle<8>       |cos<6>         |  132.641|
angle<8>       |cos<7>         |  132.150|
angle<8>       |cos<8>         |  133.307|
angle<8>       |cos<9>         |  132.569|
angle<8>       |cos<10>        |  133.120|
angle<8>       |cos<11>        |  132.872|
angle<8>       |cos<12>        |  133.329|
angle<8>       |cos<13>        |  132.959|
angle<8>       |cos<14>        |  134.227|
angle<8>       |cos<15>        |  134.374|
angle<8>       |cos<16>        |  134.331|
angle<8>       |cos<17>        |  134.355|
angle<8>       |cos<18>        |  134.300|
angle<8>       |cos<19>        |  134.326|
angle<8>       |cos<20>        |  134.493|
angle<8>       |cos<21>        |  134.434|
angle<8>       |cos<22>        |  132.996|
angle<8>       |cos<23>        |  132.953|
angle<8>       |cos<24>        |   11.337|
angle<8>       |cos<25>        |   11.440|
angle<8>       |cos<26>        |   11.323|
angle<8>       |cos<27>        |   11.328|
angle<8>       |cos<28>        |   11.432|
angle<8>       |cos<29>        |   11.468|
angle<8>       |cos<30>        |   11.561|
angle<8>       |cos<31>        |   11.559|
angle<8>       |sin<0>         |  132.698|
angle<8>       |sin<1>         |  132.557|
angle<8>       |sin<2>         |  132.307|
angle<8>       |sin<3>         |  132.765|
angle<8>       |sin<4>         |  134.021|
angle<8>       |sin<5>         |  133.887|
angle<8>       |sin<6>         |  134.078|
angle<8>       |sin<7>         |  134.402|
angle<8>       |sin<8>         |  135.251|
angle<8>       |sin<9>         |  135.692|
angle<8>       |sin<10>        |  136.000|
angle<8>       |sin<11>        |  135.870|
angle<8>       |sin<12>        |  135.891|
angle<8>       |sin<13>        |  135.746|
angle<8>       |sin<14>        |  136.294|
angle<8>       |sin<15>        |  136.134|
angle<8>       |sin<16>        |  136.182|
angle<8>       |sin<17>        |  136.043|
angle<8>       |sin<18>        |  136.324|
angle<8>       |sin<19>        |  136.223|
angle<8>       |sin<20>        |  136.229|
angle<8>       |sin<21>        |  136.113|
angle<8>       |sin<22>        |  136.003|
angle<8>       |sin<23>        |  135.945|
angle<8>       |sin<24>        |    8.808|
angle<8>       |sin<25>        |    9.133|
angle<8>       |sin<26>        |    9.022|
angle<8>       |sin<27>        |    8.928|
angle<8>       |sin<28>        |    8.815|
angle<8>       |sin<29>        |    8.712|
angle<8>       |sin<30>        |    8.613|
angle<8>       |sin<31>        |    8.513|
angle<9>       |cos<0>         |  131.964|
angle<9>       |cos<1>         |  131.797|
angle<9>       |cos<2>         |  131.438|
angle<9>       |cos<3>         |  131.649|
angle<9>       |cos<4>         |  132.122|
angle<9>       |cos<5>         |  132.128|
angle<9>       |cos<6>         |  132.570|
angle<9>       |cos<7>         |  132.079|
angle<9>       |cos<8>         |  133.236|
angle<9>       |cos<9>         |  132.498|
angle<9>       |cos<10>        |  133.049|
angle<9>       |cos<11>        |  132.801|
angle<9>       |cos<12>        |  133.258|
angle<9>       |cos<13>        |  132.888|
angle<9>       |cos<14>        |  134.156|
angle<9>       |cos<15>        |  134.303|
angle<9>       |cos<16>        |  134.260|
angle<9>       |cos<17>        |  134.284|
angle<9>       |cos<18>        |  134.229|
angle<9>       |cos<19>        |  134.255|
angle<9>       |cos<20>        |  134.422|
angle<9>       |cos<21>        |  134.363|
angle<9>       |cos<22>        |  132.925|
angle<9>       |cos<23>        |  132.882|
angle<9>       |cos<24>        |   11.554|
angle<9>       |cos<25>        |   11.657|
angle<9>       |cos<26>        |   11.540|
angle<9>       |cos<27>        |   11.545|
angle<9>       |cos<28>        |   11.649|
angle<9>       |cos<29>        |   11.685|
angle<9>       |cos<30>        |   11.778|
angle<9>       |cos<31>        |   11.776|
angle<9>       |sin<0>         |  132.627|
angle<9>       |sin<1>         |  132.486|
angle<9>       |sin<2>         |  132.236|
angle<9>       |sin<3>         |  132.694|
angle<9>       |sin<4>         |  133.950|
angle<9>       |sin<5>         |  133.816|
angle<9>       |sin<6>         |  134.007|
angle<9>       |sin<7>         |  134.331|
angle<9>       |sin<8>         |  135.180|
angle<9>       |sin<9>         |  135.621|
angle<9>       |sin<10>        |  135.929|
angle<9>       |sin<11>        |  135.799|
angle<9>       |sin<12>        |  135.820|
angle<9>       |sin<13>        |  135.675|
angle<9>       |sin<14>        |  136.223|
angle<9>       |sin<15>        |  136.063|
angle<9>       |sin<16>        |  136.111|
angle<9>       |sin<17>        |  135.972|
angle<9>       |sin<18>        |  136.253|
angle<9>       |sin<19>        |  136.152|
angle<9>       |sin<20>        |  136.158|
angle<9>       |sin<21>        |  136.042|
angle<9>       |sin<22>        |  135.932|
angle<9>       |sin<23>        |  135.874|
angle<9>       |sin<24>        |    8.846|
angle<9>       |sin<25>        |    9.171|
angle<9>       |sin<26>        |    9.060|
angle<9>       |sin<27>        |    8.966|
angle<9>       |sin<28>        |    8.853|
angle<9>       |sin<29>        |    8.750|
angle<9>       |sin<30>        |    8.651|
angle<9>       |sin<31>        |    8.551|
angle<10>      |cos<0>         |  131.682|
angle<10>      |cos<1>         |  131.515|
angle<10>      |cos<2>         |  131.156|
angle<10>      |cos<3>         |  131.367|
angle<10>      |cos<4>         |  131.840|
angle<10>      |cos<5>         |  131.846|
angle<10>      |cos<6>         |  132.288|
angle<10>      |cos<7>         |  131.797|
angle<10>      |cos<8>         |  132.954|
angle<10>      |cos<9>         |  132.216|
angle<10>      |cos<10>        |  132.767|
angle<10>      |cos<11>        |  132.519|
angle<10>      |cos<12>        |  132.976|
angle<10>      |cos<13>        |  132.606|
angle<10>      |cos<14>        |  133.874|
angle<10>      |cos<15>        |  134.021|
angle<10>      |cos<16>        |  133.978|
angle<10>      |cos<17>        |  134.002|
angle<10>      |cos<18>        |  133.947|
angle<10>      |cos<19>        |  133.973|
angle<10>      |cos<20>        |  134.140|
angle<10>      |cos<21>        |  134.081|
angle<10>      |cos<22>        |  132.643|
angle<10>      |cos<23>        |  132.600|
angle<10>      |cos<24>        |   11.261|
angle<10>      |cos<25>        |   11.364|
angle<10>      |cos<26>        |   11.247|
angle<10>      |cos<27>        |   11.252|
angle<10>      |cos<28>        |   11.356|
angle<10>      |cos<29>        |   11.392|
angle<10>      |cos<30>        |   11.485|
angle<10>      |cos<31>        |   11.483|
angle<10>      |sin<0>         |  132.345|
angle<10>      |sin<1>         |  132.204|
angle<10>      |sin<2>         |  131.954|
angle<10>      |sin<3>         |  132.412|
angle<10>      |sin<4>         |  133.668|
angle<10>      |sin<5>         |  133.534|
angle<10>      |sin<6>         |  133.725|
angle<10>      |sin<7>         |  134.049|
angle<10>      |sin<8>         |  134.898|
angle<10>      |sin<9>         |  135.339|
angle<10>      |sin<10>        |  135.647|
angle<10>      |sin<11>        |  135.517|
angle<10>      |sin<12>        |  135.538|
angle<10>      |sin<13>        |  135.393|
angle<10>      |sin<14>        |  135.941|
angle<10>      |sin<15>        |  135.781|
angle<10>      |sin<16>        |  135.829|
angle<10>      |sin<17>        |  135.690|
angle<10>      |sin<18>        |  135.971|
angle<10>      |sin<19>        |  135.870|
angle<10>      |sin<20>        |  135.876|
angle<10>      |sin<21>        |  135.760|
angle<10>      |sin<22>        |  135.650|
angle<10>      |sin<23>        |  135.592|
angle<10>      |sin<24>        |    8.679|
angle<10>      |sin<25>        |    9.004|
angle<10>      |sin<26>        |    8.893|
angle<10>      |sin<27>        |    8.799|
angle<10>      |sin<28>        |    8.686|
angle<10>      |sin<29>        |    8.583|
angle<10>      |sin<30>        |    8.484|
angle<10>      |sin<31>        |    8.384|
angle<11>      |cos<0>         |  131.578|
angle<11>      |cos<1>         |  131.411|
angle<11>      |cos<2>         |  131.052|
angle<11>      |cos<3>         |  131.263|
angle<11>      |cos<4>         |  131.736|
angle<11>      |cos<5>         |  131.742|
angle<11>      |cos<6>         |  132.184|
angle<11>      |cos<7>         |  131.693|
angle<11>      |cos<8>         |  132.850|
angle<11>      |cos<9>         |  132.112|
angle<11>      |cos<10>        |  132.663|
angle<11>      |cos<11>        |  132.415|
angle<11>      |cos<12>        |  132.872|
angle<11>      |cos<13>        |  132.502|
angle<11>      |cos<14>        |  133.770|
angle<11>      |cos<15>        |  133.917|
angle<11>      |cos<16>        |  133.874|
angle<11>      |cos<17>        |  133.898|
angle<11>      |cos<18>        |  133.843|
angle<11>      |cos<19>        |  133.869|
angle<11>      |cos<20>        |  134.036|
angle<11>      |cos<21>        |  133.977|
angle<11>      |cos<22>        |  132.539|
angle<11>      |cos<23>        |  132.496|
angle<11>      |cos<24>        |   11.262|
angle<11>      |cos<25>        |   11.365|
angle<11>      |cos<26>        |   11.248|
angle<11>      |cos<27>        |   11.253|
angle<11>      |cos<28>        |   11.357|
angle<11>      |cos<29>        |   11.393|
angle<11>      |cos<30>        |   11.486|
angle<11>      |cos<31>        |   11.484|
angle<11>      |sin<0>         |  132.241|
angle<11>      |sin<1>         |  132.100|
angle<11>      |sin<2>         |  131.850|
angle<11>      |sin<3>         |  132.308|
angle<11>      |sin<4>         |  133.564|
angle<11>      |sin<5>         |  133.430|
angle<11>      |sin<6>         |  133.621|
angle<11>      |sin<7>         |  133.945|
angle<11>      |sin<8>         |  134.794|
angle<11>      |sin<9>         |  135.235|
angle<11>      |sin<10>        |  135.543|
angle<11>      |sin<11>        |  135.413|
angle<11>      |sin<12>        |  135.434|
angle<11>      |sin<13>        |  135.289|
angle<11>      |sin<14>        |  135.837|
angle<11>      |sin<15>        |  135.677|
angle<11>      |sin<16>        |  135.725|
angle<11>      |sin<17>        |  135.586|
angle<11>      |sin<18>        |  135.867|
angle<11>      |sin<19>        |  135.766|
angle<11>      |sin<20>        |  135.772|
angle<11>      |sin<21>        |  135.656|
angle<11>      |sin<22>        |  135.546|
angle<11>      |sin<23>        |  135.488|
angle<11>      |sin<24>        |    8.739|
angle<11>      |sin<25>        |    9.064|
angle<11>      |sin<26>        |    8.953|
angle<11>      |sin<27>        |    8.859|
angle<11>      |sin<28>        |    8.746|
angle<11>      |sin<29>        |    8.643|
angle<11>      |sin<30>        |    8.544|
angle<11>      |sin<31>        |    8.444|
angle<12>      |cos<0>         |  131.743|
angle<12>      |cos<1>         |  131.576|
angle<12>      |cos<2>         |  131.217|
angle<12>      |cos<3>         |  131.428|
angle<12>      |cos<4>         |  131.901|
angle<12>      |cos<5>         |  131.907|
angle<12>      |cos<6>         |  132.349|
angle<12>      |cos<7>         |  131.858|
angle<12>      |cos<8>         |  133.015|
angle<12>      |cos<9>         |  132.277|
angle<12>      |cos<10>        |  132.828|
angle<12>      |cos<11>        |  132.580|
angle<12>      |cos<12>        |  133.037|
angle<12>      |cos<13>        |  132.667|
angle<12>      |cos<14>        |  133.935|
angle<12>      |cos<15>        |  134.082|
angle<12>      |cos<16>        |  134.039|
angle<12>      |cos<17>        |  134.063|
angle<12>      |cos<18>        |  134.008|
angle<12>      |cos<19>        |  134.034|
angle<12>      |cos<20>        |  134.201|
angle<12>      |cos<21>        |  134.142|
angle<12>      |cos<22>        |  132.704|
angle<12>      |cos<23>        |  132.661|
angle<12>      |cos<24>        |   11.306|
angle<12>      |cos<25>        |   11.409|
angle<12>      |cos<26>        |   11.292|
angle<12>      |cos<27>        |   11.297|
angle<12>      |cos<28>        |   11.401|
angle<12>      |cos<29>        |   11.437|
angle<12>      |cos<30>        |   11.530|
angle<12>      |cos<31>        |   11.528|
angle<12>      |sin<0>         |  132.406|
angle<12>      |sin<1>         |  132.265|
angle<12>      |sin<2>         |  132.015|
angle<12>      |sin<3>         |  132.473|
angle<12>      |sin<4>         |  133.729|
angle<12>      |sin<5>         |  133.595|
angle<12>      |sin<6>         |  133.786|
angle<12>      |sin<7>         |  134.110|
angle<12>      |sin<8>         |  134.959|
angle<12>      |sin<9>         |  135.400|
angle<12>      |sin<10>        |  135.708|
angle<12>      |sin<11>        |  135.578|
angle<12>      |sin<12>        |  135.599|
angle<12>      |sin<13>        |  135.454|
angle<12>      |sin<14>        |  136.002|
angle<12>      |sin<15>        |  135.842|
angle<12>      |sin<16>        |  135.890|
angle<12>      |sin<17>        |  135.751|
angle<12>      |sin<18>        |  136.032|
angle<12>      |sin<19>        |  135.931|
angle<12>      |sin<20>        |  135.937|
angle<12>      |sin<21>        |  135.821|
angle<12>      |sin<22>        |  135.711|
angle<12>      |sin<23>        |  135.653|
angle<12>      |sin<24>        |    8.498|
angle<12>      |sin<25>        |    8.823|
angle<12>      |sin<26>        |    8.712|
angle<12>      |sin<27>        |    8.618|
angle<12>      |sin<28>        |    8.505|
angle<12>      |sin<29>        |    8.402|
angle<12>      |sin<30>        |    8.303|
angle<12>      |sin<31>        |    8.203|
angle<13>      |cos<0>         |  131.612|
angle<13>      |cos<1>         |  131.445|
angle<13>      |cos<2>         |  131.086|
angle<13>      |cos<3>         |  131.297|
angle<13>      |cos<4>         |  131.770|
angle<13>      |cos<5>         |  131.776|
angle<13>      |cos<6>         |  132.218|
angle<13>      |cos<7>         |  131.727|
angle<13>      |cos<8>         |  132.884|
angle<13>      |cos<9>         |  132.146|
angle<13>      |cos<10>        |  132.697|
angle<13>      |cos<11>        |  132.449|
angle<13>      |cos<12>        |  132.906|
angle<13>      |cos<13>        |  132.536|
angle<13>      |cos<14>        |  133.804|
angle<13>      |cos<15>        |  133.951|
angle<13>      |cos<16>        |  133.908|
angle<13>      |cos<17>        |  133.932|
angle<13>      |cos<18>        |  133.877|
angle<13>      |cos<19>        |  133.903|
angle<13>      |cos<20>        |  134.070|
angle<13>      |cos<21>        |  134.011|
angle<13>      |cos<22>        |  132.573|
angle<13>      |cos<23>        |  132.530|
angle<13>      |cos<24>        |   11.470|
angle<13>      |cos<25>        |   11.573|
angle<13>      |cos<26>        |   11.456|
angle<13>      |cos<27>        |   11.461|
angle<13>      |cos<28>        |   11.565|
angle<13>      |cos<29>        |   11.601|
angle<13>      |cos<30>        |   11.694|
angle<13>      |cos<31>        |   11.692|
angle<13>      |sin<0>         |  132.275|
angle<13>      |sin<1>         |  132.134|
angle<13>      |sin<2>         |  131.884|
angle<13>      |sin<3>         |  132.342|
angle<13>      |sin<4>         |  133.598|
angle<13>      |sin<5>         |  133.464|
angle<13>      |sin<6>         |  133.655|
angle<13>      |sin<7>         |  133.979|
angle<13>      |sin<8>         |  134.828|
angle<13>      |sin<9>         |  135.269|
angle<13>      |sin<10>        |  135.577|
angle<13>      |sin<11>        |  135.447|
angle<13>      |sin<12>        |  135.468|
angle<13>      |sin<13>        |  135.323|
angle<13>      |sin<14>        |  135.871|
angle<13>      |sin<15>        |  135.711|
angle<13>      |sin<16>        |  135.759|
angle<13>      |sin<17>        |  135.620|
angle<13>      |sin<18>        |  135.901|
angle<13>      |sin<19>        |  135.800|
angle<13>      |sin<20>        |  135.806|
angle<13>      |sin<21>        |  135.690|
angle<13>      |sin<22>        |  135.580|
angle<13>      |sin<23>        |  135.522|
angle<13>      |sin<24>        |    8.760|
angle<13>      |sin<25>        |    9.085|
angle<13>      |sin<26>        |    8.974|
angle<13>      |sin<27>        |    8.880|
angle<13>      |sin<28>        |    8.767|
angle<13>      |sin<29>        |    8.664|
angle<13>      |sin<30>        |    8.565|
angle<13>      |sin<31>        |    8.465|
angle<14>      |cos<0>         |  131.894|
angle<14>      |cos<1>         |  131.727|
angle<14>      |cos<2>         |  131.368|
angle<14>      |cos<3>         |  131.579|
angle<14>      |cos<4>         |  132.052|
angle<14>      |cos<5>         |  132.058|
angle<14>      |cos<6>         |  132.500|
angle<14>      |cos<7>         |  132.009|
angle<14>      |cos<8>         |  133.166|
angle<14>      |cos<9>         |  132.428|
angle<14>      |cos<10>        |  132.979|
angle<14>      |cos<11>        |  132.731|
angle<14>      |cos<12>        |  133.188|
angle<14>      |cos<13>        |  132.818|
angle<14>      |cos<14>        |  134.086|
angle<14>      |cos<15>        |  134.233|
angle<14>      |cos<16>        |  134.190|
angle<14>      |cos<17>        |  134.214|
angle<14>      |cos<18>        |  134.159|
angle<14>      |cos<19>        |  134.185|
angle<14>      |cos<20>        |  134.352|
angle<14>      |cos<21>        |  134.293|
angle<14>      |cos<22>        |  132.855|
angle<14>      |cos<23>        |  132.812|
angle<14>      |cos<24>        |   11.320|
angle<14>      |cos<25>        |   11.423|
angle<14>      |cos<26>        |   11.306|
angle<14>      |cos<27>        |   11.311|
angle<14>      |cos<28>        |   11.415|
angle<14>      |cos<29>        |   11.451|
angle<14>      |cos<30>        |   11.544|
angle<14>      |cos<31>        |   11.542|
angle<14>      |sin<0>         |  132.557|
angle<14>      |sin<1>         |  132.416|
angle<14>      |sin<2>         |  132.166|
angle<14>      |sin<3>         |  132.624|
angle<14>      |sin<4>         |  133.880|
angle<14>      |sin<5>         |  133.746|
angle<14>      |sin<6>         |  133.937|
angle<14>      |sin<7>         |  134.261|
angle<14>      |sin<8>         |  135.110|
angle<14>      |sin<9>         |  135.551|
angle<14>      |sin<10>        |  135.859|
angle<14>      |sin<11>        |  135.729|
angle<14>      |sin<12>        |  135.750|
angle<14>      |sin<13>        |  135.605|
angle<14>      |sin<14>        |  136.153|
angle<14>      |sin<15>        |  135.993|
angle<14>      |sin<16>        |  136.041|
angle<14>      |sin<17>        |  135.902|
angle<14>      |sin<18>        |  136.183|
angle<14>      |sin<19>        |  136.082|
angle<14>      |sin<20>        |  136.088|
angle<14>      |sin<21>        |  135.972|
angle<14>      |sin<22>        |  135.862|
angle<14>      |sin<23>        |  135.804|
angle<14>      |sin<24>        |    8.728|
angle<14>      |sin<25>        |    9.053|
angle<14>      |sin<26>        |    8.942|
angle<14>      |sin<27>        |    8.848|
angle<14>      |sin<28>        |    8.735|
angle<14>      |sin<29>        |    8.632|
angle<14>      |sin<30>        |    8.533|
angle<14>      |sin<31>        |    8.433|
angle<15>      |cos<0>         |  131.956|
angle<15>      |cos<1>         |  131.789|
angle<15>      |cos<2>         |  131.430|
angle<15>      |cos<3>         |  131.641|
angle<15>      |cos<4>         |  132.114|
angle<15>      |cos<5>         |  132.120|
angle<15>      |cos<6>         |  132.562|
angle<15>      |cos<7>         |  132.071|
angle<15>      |cos<8>         |  133.228|
angle<15>      |cos<9>         |  132.490|
angle<15>      |cos<10>        |  133.041|
angle<15>      |cos<11>        |  132.793|
angle<15>      |cos<12>        |  133.250|
angle<15>      |cos<13>        |  132.880|
angle<15>      |cos<14>        |  134.148|
angle<15>      |cos<15>        |  134.295|
angle<15>      |cos<16>        |  134.252|
angle<15>      |cos<17>        |  134.276|
angle<15>      |cos<18>        |  134.221|
angle<15>      |cos<19>        |  134.247|
angle<15>      |cos<20>        |  134.414|
angle<15>      |cos<21>        |  134.355|
angle<15>      |cos<22>        |  132.917|
angle<15>      |cos<23>        |  132.874|
angle<15>      |cos<24>        |   11.489|
angle<15>      |cos<25>        |   11.592|
angle<15>      |cos<26>        |   11.475|
angle<15>      |cos<27>        |   11.480|
angle<15>      |cos<28>        |   11.584|
angle<15>      |cos<29>        |   11.620|
angle<15>      |cos<30>        |   11.713|
angle<15>      |cos<31>        |   11.711|
angle<15>      |sin<0>         |  132.619|
angle<15>      |sin<1>         |  132.478|
angle<15>      |sin<2>         |  132.228|
angle<15>      |sin<3>         |  132.686|
angle<15>      |sin<4>         |  133.942|
angle<15>      |sin<5>         |  133.808|
angle<15>      |sin<6>         |  133.999|
angle<15>      |sin<7>         |  134.323|
angle<15>      |sin<8>         |  135.172|
angle<15>      |sin<9>         |  135.613|
angle<15>      |sin<10>        |  135.921|
angle<15>      |sin<11>        |  135.791|
angle<15>      |sin<12>        |  135.812|
angle<15>      |sin<13>        |  135.667|
angle<15>      |sin<14>        |  136.215|
angle<15>      |sin<15>        |  136.055|
angle<15>      |sin<16>        |  136.103|
angle<15>      |sin<17>        |  135.964|
angle<15>      |sin<18>        |  136.245|
angle<15>      |sin<19>        |  136.144|
angle<15>      |sin<20>        |  136.150|
angle<15>      |sin<21>        |  136.034|
angle<15>      |sin<22>        |  135.924|
angle<15>      |sin<23>        |  135.866|
angle<15>      |sin<24>        |    8.954|
angle<15>      |sin<25>        |    9.279|
angle<15>      |sin<26>        |    9.168|
angle<15>      |sin<27>        |    9.074|
angle<15>      |sin<28>        |    8.961|
angle<15>      |sin<29>        |    8.858|
angle<15>      |sin<30>        |    8.759|
angle<15>      |sin<31>        |    8.659|
angle<16>      |cos<0>         |  131.811|
angle<16>      |cos<1>         |  131.644|
angle<16>      |cos<2>         |  131.285|
angle<16>      |cos<3>         |  131.496|
angle<16>      |cos<4>         |  131.969|
angle<16>      |cos<5>         |  131.975|
angle<16>      |cos<6>         |  132.417|
angle<16>      |cos<7>         |  131.926|
angle<16>      |cos<8>         |  133.083|
angle<16>      |cos<9>         |  132.345|
angle<16>      |cos<10>        |  132.896|
angle<16>      |cos<11>        |  132.648|
angle<16>      |cos<12>        |  133.105|
angle<16>      |cos<13>        |  132.735|
angle<16>      |cos<14>        |  134.003|
angle<16>      |cos<15>        |  134.150|
angle<16>      |cos<16>        |  134.107|
angle<16>      |cos<17>        |  134.131|
angle<16>      |cos<18>        |  134.076|
angle<16>      |cos<19>        |  134.102|
angle<16>      |cos<20>        |  134.269|
angle<16>      |cos<21>        |  134.210|
angle<16>      |cos<22>        |  132.772|
angle<16>      |cos<23>        |  132.729|
angle<16>      |cos<24>        |   11.484|
angle<16>      |cos<25>        |   11.587|
angle<16>      |cos<26>        |   11.470|
angle<16>      |cos<27>        |   11.475|
angle<16>      |cos<28>        |   11.579|
angle<16>      |cos<29>        |   11.615|
angle<16>      |cos<30>        |   11.708|
angle<16>      |cos<31>        |   11.706|
angle<16>      |sin<0>         |  132.474|
angle<16>      |sin<1>         |  132.333|
angle<16>      |sin<2>         |  132.083|
angle<16>      |sin<3>         |  132.541|
angle<16>      |sin<4>         |  133.797|
angle<16>      |sin<5>         |  133.663|
angle<16>      |sin<6>         |  133.854|
angle<16>      |sin<7>         |  134.178|
angle<16>      |sin<8>         |  135.027|
angle<16>      |sin<9>         |  135.468|
angle<16>      |sin<10>        |  135.776|
angle<16>      |sin<11>        |  135.646|
angle<16>      |sin<12>        |  135.667|
angle<16>      |sin<13>        |  135.522|
angle<16>      |sin<14>        |  136.070|
angle<16>      |sin<15>        |  135.910|
angle<16>      |sin<16>        |  135.958|
angle<16>      |sin<17>        |  135.819|
angle<16>      |sin<18>        |  136.100|
angle<16>      |sin<19>        |  135.999|
angle<16>      |sin<20>        |  136.005|
angle<16>      |sin<21>        |  135.889|
angle<16>      |sin<22>        |  135.779|
angle<16>      |sin<23>        |  135.721|
angle<16>      |sin<24>        |    8.941|
angle<16>      |sin<25>        |    9.266|
angle<16>      |sin<26>        |    9.155|
angle<16>      |sin<27>        |    9.061|
angle<16>      |sin<28>        |    8.948|
angle<16>      |sin<29>        |    8.845|
angle<16>      |sin<30>        |    8.746|
angle<16>      |sin<31>        |    8.646|
angle<17>      |cos<0>         |  131.704|
angle<17>      |cos<1>         |  131.537|
angle<17>      |cos<2>         |  131.178|
angle<17>      |cos<3>         |  131.389|
angle<17>      |cos<4>         |  131.862|
angle<17>      |cos<5>         |  131.868|
angle<17>      |cos<6>         |  132.310|
angle<17>      |cos<7>         |  131.819|
angle<17>      |cos<8>         |  132.976|
angle<17>      |cos<9>         |  132.238|
angle<17>      |cos<10>        |  132.789|
angle<17>      |cos<11>        |  132.541|
angle<17>      |cos<12>        |  132.998|
angle<17>      |cos<13>        |  132.628|
angle<17>      |cos<14>        |  133.896|
angle<17>      |cos<15>        |  134.043|
angle<17>      |cos<16>        |  134.000|
angle<17>      |cos<17>        |  134.024|
angle<17>      |cos<18>        |  133.969|
angle<17>      |cos<19>        |  133.995|
angle<17>      |cos<20>        |  134.162|
angle<17>      |cos<21>        |  134.103|
angle<17>      |cos<22>        |  132.665|
angle<17>      |cos<23>        |  132.622|
angle<17>      |cos<24>        |   11.498|
angle<17>      |cos<25>        |   11.601|
angle<17>      |cos<26>        |   11.484|
angle<17>      |cos<27>        |   11.489|
angle<17>      |cos<28>        |   11.593|
angle<17>      |cos<29>        |   11.629|
angle<17>      |cos<30>        |   11.722|
angle<17>      |cos<31>        |   11.720|
angle<17>      |sin<0>         |  132.367|
angle<17>      |sin<1>         |  132.226|
angle<17>      |sin<2>         |  131.976|
angle<17>      |sin<3>         |  132.434|
angle<17>      |sin<4>         |  133.690|
angle<17>      |sin<5>         |  133.556|
angle<17>      |sin<6>         |  133.747|
angle<17>      |sin<7>         |  134.071|
angle<17>      |sin<8>         |  134.920|
angle<17>      |sin<9>         |  135.361|
angle<17>      |sin<10>        |  135.669|
angle<17>      |sin<11>        |  135.539|
angle<17>      |sin<12>        |  135.560|
angle<17>      |sin<13>        |  135.415|
angle<17>      |sin<14>        |  135.963|
angle<17>      |sin<15>        |  135.803|
angle<17>      |sin<16>        |  135.851|
angle<17>      |sin<17>        |  135.712|
angle<17>      |sin<18>        |  135.993|
angle<17>      |sin<19>        |  135.892|
angle<17>      |sin<20>        |  135.898|
angle<17>      |sin<21>        |  135.782|
angle<17>      |sin<22>        |  135.672|
angle<17>      |sin<23>        |  135.614|
angle<17>      |sin<24>        |    8.690|
angle<17>      |sin<25>        |    9.015|
angle<17>      |sin<26>        |    8.904|
angle<17>      |sin<27>        |    8.810|
angle<17>      |sin<28>        |    8.697|
angle<17>      |sin<29>        |    8.594|
angle<17>      |sin<30>        |    8.495|
angle<17>      |sin<31>        |    8.395|
angle<18>      |cos<0>         |  133.060|
angle<18>      |cos<1>         |  132.893|
angle<18>      |cos<2>         |  132.534|
angle<18>      |cos<3>         |  132.745|
angle<18>      |cos<4>         |  133.218|
angle<18>      |cos<5>         |  133.224|
angle<18>      |cos<6>         |  133.666|
angle<18>      |cos<7>         |  133.175|
angle<18>      |cos<8>         |  134.332|
angle<18>      |cos<9>         |  133.594|
angle<18>      |cos<10>        |  134.145|
angle<18>      |cos<11>        |  133.897|
angle<18>      |cos<12>        |  134.354|
angle<18>      |cos<13>        |  133.984|
angle<18>      |cos<14>        |  135.252|
angle<18>      |cos<15>        |  135.399|
angle<18>      |cos<16>        |  135.356|
angle<18>      |cos<17>        |  135.380|
angle<18>      |cos<18>        |  135.325|
angle<18>      |cos<19>        |  135.351|
angle<18>      |cos<20>        |  135.518|
angle<18>      |cos<21>        |  135.459|
angle<18>      |cos<22>        |  134.021|
angle<18>      |cos<23>        |  133.978|
angle<18>      |cos<24>        |   12.785|
angle<18>      |cos<25>        |   12.888|
angle<18>      |cos<26>        |   12.771|
angle<18>      |cos<27>        |   12.776|
angle<18>      |cos<28>        |   12.880|
angle<18>      |cos<29>        |   12.916|
angle<18>      |cos<30>        |   13.009|
angle<18>      |cos<31>        |   13.007|
angle<18>      |sin<0>         |  133.723|
angle<18>      |sin<1>         |  133.582|
angle<18>      |sin<2>         |  133.332|
angle<18>      |sin<3>         |  133.790|
angle<18>      |sin<4>         |  135.046|
angle<18>      |sin<5>         |  134.912|
angle<18>      |sin<6>         |  135.103|
angle<18>      |sin<7>         |  135.427|
angle<18>      |sin<8>         |  136.276|
angle<18>      |sin<9>         |  136.717|
angle<18>      |sin<10>        |  137.025|
angle<18>      |sin<11>        |  136.895|
angle<18>      |sin<12>        |  136.916|
angle<18>      |sin<13>        |  136.771|
angle<18>      |sin<14>        |  137.319|
angle<18>      |sin<15>        |  137.159|
angle<18>      |sin<16>        |  137.207|
angle<18>      |sin<17>        |  137.068|
angle<18>      |sin<18>        |  137.349|
angle<18>      |sin<19>        |  137.248|
angle<18>      |sin<20>        |  137.254|
angle<18>      |sin<21>        |  137.138|
angle<18>      |sin<22>        |  137.028|
angle<18>      |sin<23>        |  136.970|
angle<18>      |sin<24>        |    9.977|
angle<18>      |sin<25>        |   10.302|
angle<18>      |sin<26>        |   10.191|
angle<18>      |sin<27>        |   10.097|
angle<18>      |sin<28>        |    9.984|
angle<18>      |sin<29>        |    9.881|
angle<18>      |sin<30>        |    9.782|
angle<18>      |sin<31>        |    9.682|
angle<19>      |cos<0>         |  133.527|
angle<19>      |cos<1>         |  133.360|
angle<19>      |cos<2>         |  133.001|
angle<19>      |cos<3>         |  133.212|
angle<19>      |cos<4>         |  133.685|
angle<19>      |cos<5>         |  133.691|
angle<19>      |cos<6>         |  134.133|
angle<19>      |cos<7>         |  133.642|
angle<19>      |cos<8>         |  134.799|
angle<19>      |cos<9>         |  134.061|
angle<19>      |cos<10>        |  134.612|
angle<19>      |cos<11>        |  134.364|
angle<19>      |cos<12>        |  134.821|
angle<19>      |cos<13>        |  134.451|
angle<19>      |cos<14>        |  135.719|
angle<19>      |cos<15>        |  135.866|
angle<19>      |cos<16>        |  135.823|
angle<19>      |cos<17>        |  135.847|
angle<19>      |cos<18>        |  135.792|
angle<19>      |cos<19>        |  135.818|
angle<19>      |cos<20>        |  135.985|
angle<19>      |cos<21>        |  135.926|
angle<19>      |cos<22>        |  134.488|
angle<19>      |cos<23>        |  134.445|
angle<19>      |cos<24>        |   12.996|
angle<19>      |cos<25>        |   13.099|
angle<19>      |cos<26>        |   12.982|
angle<19>      |cos<27>        |   12.987|
angle<19>      |cos<28>        |   13.091|
angle<19>      |cos<29>        |   13.127|
angle<19>      |cos<30>        |   13.220|
angle<19>      |cos<31>        |   13.218|
angle<19>      |sin<0>         |  134.190|
angle<19>      |sin<1>         |  134.049|
angle<19>      |sin<2>         |  133.799|
angle<19>      |sin<3>         |  134.257|
angle<19>      |sin<4>         |  135.513|
angle<19>      |sin<5>         |  135.379|
angle<19>      |sin<6>         |  135.570|
angle<19>      |sin<7>         |  135.894|
angle<19>      |sin<8>         |  136.743|
angle<19>      |sin<9>         |  137.184|
angle<19>      |sin<10>        |  137.492|
angle<19>      |sin<11>        |  137.362|
angle<19>      |sin<12>        |  137.383|
angle<19>      |sin<13>        |  137.238|
angle<19>      |sin<14>        |  137.786|
angle<19>      |sin<15>        |  137.626|
angle<19>      |sin<16>        |  137.674|
angle<19>      |sin<17>        |  137.535|
angle<19>      |sin<18>        |  137.816|
angle<19>      |sin<19>        |  137.715|
angle<19>      |sin<20>        |  137.721|
angle<19>      |sin<21>        |  137.605|
angle<19>      |sin<22>        |  137.495|
angle<19>      |sin<23>        |  137.437|
angle<19>      |sin<24>        |   10.301|
angle<19>      |sin<25>        |   10.626|
angle<19>      |sin<26>        |   10.515|
angle<19>      |sin<27>        |   10.421|
angle<19>      |sin<28>        |   10.308|
angle<19>      |sin<29>        |   10.205|
angle<19>      |sin<30>        |   10.106|
angle<19>      |sin<31>        |   10.006|
angle<20>      |cos<0>         |  131.285|
angle<20>      |cos<1>         |  131.118|
angle<20>      |cos<2>         |  130.759|
angle<20>      |cos<3>         |  130.970|
angle<20>      |cos<4>         |  131.443|
angle<20>      |cos<5>         |  131.449|
angle<20>      |cos<6>         |  131.891|
angle<20>      |cos<7>         |  131.400|
angle<20>      |cos<8>         |  132.557|
angle<20>      |cos<9>         |  131.819|
angle<20>      |cos<10>        |  132.370|
angle<20>      |cos<11>        |  132.122|
angle<20>      |cos<12>        |  132.579|
angle<20>      |cos<13>        |  132.209|
angle<20>      |cos<14>        |  133.477|
angle<20>      |cos<15>        |  133.624|
angle<20>      |cos<16>        |  133.581|
angle<20>      |cos<17>        |  133.605|
angle<20>      |cos<18>        |  133.550|
angle<20>      |cos<19>        |  133.576|
angle<20>      |cos<20>        |  133.743|
angle<20>      |cos<21>        |  133.684|
angle<20>      |cos<22>        |  132.246|
angle<20>      |cos<23>        |  132.203|
angle<20>      |cos<24>        |   11.196|
angle<20>      |cos<25>        |   11.299|
angle<20>      |cos<26>        |   11.182|
angle<20>      |cos<27>        |   11.187|
angle<20>      |cos<28>        |   11.291|
angle<20>      |cos<29>        |   11.327|
angle<20>      |cos<30>        |   11.420|
angle<20>      |cos<31>        |   11.418|
angle<20>      |sin<0>         |  131.948|
angle<20>      |sin<1>         |  131.807|
angle<20>      |sin<2>         |  131.557|
angle<20>      |sin<3>         |  132.015|
angle<20>      |sin<4>         |  133.271|
angle<20>      |sin<5>         |  133.137|
angle<20>      |sin<6>         |  133.328|
angle<20>      |sin<7>         |  133.652|
angle<20>      |sin<8>         |  134.501|
angle<20>      |sin<9>         |  134.942|
angle<20>      |sin<10>        |  135.250|
angle<20>      |sin<11>        |  135.120|
angle<20>      |sin<12>        |  135.141|
angle<20>      |sin<13>        |  134.996|
angle<20>      |sin<14>        |  135.544|
angle<20>      |sin<15>        |  135.384|
angle<20>      |sin<16>        |  135.432|
angle<20>      |sin<17>        |  135.293|
angle<20>      |sin<18>        |  135.574|
angle<20>      |sin<19>        |  135.473|
angle<20>      |sin<20>        |  135.479|
angle<20>      |sin<21>        |  135.363|
angle<20>      |sin<22>        |  135.253|
angle<20>      |sin<23>        |  135.195|
angle<20>      |sin<24>        |    8.586|
angle<20>      |sin<25>        |    8.911|
angle<20>      |sin<26>        |    8.800|
angle<20>      |sin<27>        |    8.706|
angle<20>      |sin<28>        |    8.593|
angle<20>      |sin<29>        |    8.490|
angle<20>      |sin<30>        |    8.391|
angle<20>      |sin<31>        |    8.291|
angle<21>      |cos<0>         |  131.078|
angle<21>      |cos<1>         |  130.911|
angle<21>      |cos<2>         |  130.552|
angle<21>      |cos<3>         |  130.763|
angle<21>      |cos<4>         |  131.236|
angle<21>      |cos<5>         |  131.242|
angle<21>      |cos<6>         |  131.684|
angle<21>      |cos<7>         |  131.193|
angle<21>      |cos<8>         |  132.350|
angle<21>      |cos<9>         |  131.612|
angle<21>      |cos<10>        |  132.163|
angle<21>      |cos<11>        |  131.915|
angle<21>      |cos<12>        |  132.372|
angle<21>      |cos<13>        |  132.002|
angle<21>      |cos<14>        |  133.270|
angle<21>      |cos<15>        |  133.417|
angle<21>      |cos<16>        |  133.374|
angle<21>      |cos<17>        |  133.398|
angle<21>      |cos<18>        |  133.343|
angle<21>      |cos<19>        |  133.369|
angle<21>      |cos<20>        |  133.536|
angle<21>      |cos<21>        |  133.477|
angle<21>      |cos<22>        |  132.039|
angle<21>      |cos<23>        |  131.996|
angle<21>      |cos<24>        |   10.989|
angle<21>      |cos<25>        |   11.092|
angle<21>      |cos<26>        |   10.975|
angle<21>      |cos<27>        |   10.980|
angle<21>      |cos<28>        |   11.084|
angle<21>      |cos<29>        |   11.120|
angle<21>      |cos<30>        |   11.213|
angle<21>      |cos<31>        |   11.211|
angle<21>      |sin<0>         |  131.741|
angle<21>      |sin<1>         |  131.600|
angle<21>      |sin<2>         |  131.350|
angle<21>      |sin<3>         |  131.808|
angle<21>      |sin<4>         |  133.064|
angle<21>      |sin<5>         |  132.930|
angle<21>      |sin<6>         |  133.121|
angle<21>      |sin<7>         |  133.445|
angle<21>      |sin<8>         |  134.294|
angle<21>      |sin<9>         |  134.735|
angle<21>      |sin<10>        |  135.043|
angle<21>      |sin<11>        |  134.913|
angle<21>      |sin<12>        |  134.934|
angle<21>      |sin<13>        |  134.789|
angle<21>      |sin<14>        |  135.337|
angle<21>      |sin<15>        |  135.177|
angle<21>      |sin<16>        |  135.225|
angle<21>      |sin<17>        |  135.086|
angle<21>      |sin<18>        |  135.367|
angle<21>      |sin<19>        |  135.266|
angle<21>      |sin<20>        |  135.272|
angle<21>      |sin<21>        |  135.156|
angle<21>      |sin<22>        |  135.046|
angle<21>      |sin<23>        |  134.988|
angle<21>      |sin<24>        |    8.376|
angle<21>      |sin<25>        |    8.701|
angle<21>      |sin<26>        |    8.590|
angle<21>      |sin<27>        |    8.496|
angle<21>      |sin<28>        |    8.383|
angle<21>      |sin<29>        |    8.280|
angle<21>      |sin<30>        |    8.181|
angle<21>      |sin<31>        |    8.081|
angle<22>      |cos<0>         |  131.466|
angle<22>      |cos<1>         |  131.299|
angle<22>      |cos<2>         |  130.940|
angle<22>      |cos<3>         |  131.151|
angle<22>      |cos<4>         |  131.624|
angle<22>      |cos<5>         |  131.630|
angle<22>      |cos<6>         |  132.072|
angle<22>      |cos<7>         |  131.581|
angle<22>      |cos<8>         |  132.738|
angle<22>      |cos<9>         |  132.000|
angle<22>      |cos<10>        |  132.551|
angle<22>      |cos<11>        |  132.303|
angle<22>      |cos<12>        |  132.760|
angle<22>      |cos<13>        |  132.390|
angle<22>      |cos<14>        |  133.658|
angle<22>      |cos<15>        |  133.805|
angle<22>      |cos<16>        |  133.762|
angle<22>      |cos<17>        |  133.786|
angle<22>      |cos<18>        |  133.731|
angle<22>      |cos<19>        |  133.757|
angle<22>      |cos<20>        |  133.924|
angle<22>      |cos<21>        |  133.865|
angle<22>      |cos<22>        |  132.427|
angle<22>      |cos<23>        |  132.384|
angle<22>      |cos<24>        |   11.377|
angle<22>      |cos<25>        |   11.480|
angle<22>      |cos<26>        |   11.363|
angle<22>      |cos<27>        |   11.368|
angle<22>      |cos<28>        |   11.472|
angle<22>      |cos<29>        |   11.508|
angle<22>      |cos<30>        |   11.601|
angle<22>      |cos<31>        |   11.599|
angle<22>      |sin<0>         |  132.129|
angle<22>      |sin<1>         |  131.988|
angle<22>      |sin<2>         |  131.738|
angle<22>      |sin<3>         |  132.196|
angle<22>      |sin<4>         |  133.452|
angle<22>      |sin<5>         |  133.318|
angle<22>      |sin<6>         |  133.509|
angle<22>      |sin<7>         |  133.833|
angle<22>      |sin<8>         |  134.682|
angle<22>      |sin<9>         |  135.123|
angle<22>      |sin<10>        |  135.431|
angle<22>      |sin<11>        |  135.301|
angle<22>      |sin<12>        |  135.322|
angle<22>      |sin<13>        |  135.177|
angle<22>      |sin<14>        |  135.725|
angle<22>      |sin<15>        |  135.565|
angle<22>      |sin<16>        |  135.613|
angle<22>      |sin<17>        |  135.474|
angle<22>      |sin<18>        |  135.755|
angle<22>      |sin<19>        |  135.654|
angle<22>      |sin<20>        |  135.660|
angle<22>      |sin<21>        |  135.544|
angle<22>      |sin<22>        |  135.434|
angle<22>      |sin<23>        |  135.376|
angle<22>      |sin<24>        |    8.770|
angle<22>      |sin<25>        |    9.095|
angle<22>      |sin<26>        |    8.984|
angle<22>      |sin<27>        |    8.890|
angle<22>      |sin<28>        |    8.777|
angle<22>      |sin<29>        |    8.674|
angle<22>      |sin<30>        |    8.575|
angle<22>      |sin<31>        |    8.475|
angle<23>      |cos<0>         |  131.105|
angle<23>      |cos<1>         |  130.938|
angle<23>      |cos<2>         |  130.579|
angle<23>      |cos<3>         |  130.790|
angle<23>      |cos<4>         |  131.263|
angle<23>      |cos<5>         |  131.269|
angle<23>      |cos<6>         |  131.711|
angle<23>      |cos<7>         |  131.220|
angle<23>      |cos<8>         |  132.377|
angle<23>      |cos<9>         |  131.639|
angle<23>      |cos<10>        |  132.190|
angle<23>      |cos<11>        |  131.942|
angle<23>      |cos<12>        |  132.399|
angle<23>      |cos<13>        |  132.029|
angle<23>      |cos<14>        |  133.297|
angle<23>      |cos<15>        |  133.444|
angle<23>      |cos<16>        |  133.401|
angle<23>      |cos<17>        |  133.425|
angle<23>      |cos<18>        |  133.370|
angle<23>      |cos<19>        |  133.396|
angle<23>      |cos<20>        |  133.563|
angle<23>      |cos<21>        |  133.504|
angle<23>      |cos<22>        |  132.066|
angle<23>      |cos<23>        |  132.023|
angle<23>      |cos<24>        |   11.016|
angle<23>      |cos<25>        |   11.119|
angle<23>      |cos<26>        |   11.002|
angle<23>      |cos<27>        |   11.007|
angle<23>      |cos<28>        |   11.111|
angle<23>      |cos<29>        |   11.147|
angle<23>      |cos<30>        |   11.240|
angle<23>      |cos<31>        |   11.238|
angle<23>      |sin<0>         |  131.768|
angle<23>      |sin<1>         |  131.627|
angle<23>      |sin<2>         |  131.377|
angle<23>      |sin<3>         |  131.835|
angle<23>      |sin<4>         |  133.091|
angle<23>      |sin<5>         |  132.957|
angle<23>      |sin<6>         |  133.148|
angle<23>      |sin<7>         |  133.472|
angle<23>      |sin<8>         |  134.321|
angle<23>      |sin<9>         |  134.762|
angle<23>      |sin<10>        |  135.070|
angle<23>      |sin<11>        |  134.940|
angle<23>      |sin<12>        |  134.961|
angle<23>      |sin<13>        |  134.816|
angle<23>      |sin<14>        |  135.364|
angle<23>      |sin<15>        |  135.204|
angle<23>      |sin<16>        |  135.252|
angle<23>      |sin<17>        |  135.113|
angle<23>      |sin<18>        |  135.394|
angle<23>      |sin<19>        |  135.293|
angle<23>      |sin<20>        |  135.299|
angle<23>      |sin<21>        |  135.183|
angle<23>      |sin<22>        |  135.073|
angle<23>      |sin<23>        |  135.015|
angle<23>      |sin<24>        |    8.410|
angle<23>      |sin<25>        |    8.735|
angle<23>      |sin<26>        |    8.624|
angle<23>      |sin<27>        |    8.530|
angle<23>      |sin<28>        |    8.417|
angle<23>      |sin<29>        |    8.314|
angle<23>      |sin<30>        |    8.215|
angle<23>      |sin<31>        |    8.115|
angle<24>      |cos<0>         |  131.290|
angle<24>      |cos<1>         |  131.123|
angle<24>      |cos<2>         |  130.764|
angle<24>      |cos<3>         |  130.975|
angle<24>      |cos<4>         |  131.448|
angle<24>      |cos<5>         |  131.454|
angle<24>      |cos<6>         |  131.896|
angle<24>      |cos<7>         |  131.405|
angle<24>      |cos<8>         |  132.562|
angle<24>      |cos<9>         |  131.824|
angle<24>      |cos<10>        |  132.375|
angle<24>      |cos<11>        |  132.127|
angle<24>      |cos<12>        |  132.584|
angle<24>      |cos<13>        |  132.214|
angle<24>      |cos<14>        |  133.482|
angle<24>      |cos<15>        |  133.629|
angle<24>      |cos<16>        |  133.586|
angle<24>      |cos<17>        |  133.610|
angle<24>      |cos<18>        |  133.555|
angle<24>      |cos<19>        |  133.581|
angle<24>      |cos<20>        |  133.748|
angle<24>      |cos<21>        |  133.689|
angle<24>      |cos<22>        |  132.251|
angle<24>      |cos<23>        |  132.208|
angle<24>      |cos<24>        |   10.796|
angle<24>      |cos<25>        |   10.899|
angle<24>      |cos<26>        |   10.782|
angle<24>      |cos<27>        |   10.787|
angle<24>      |cos<28>        |   10.891|
angle<24>      |cos<29>        |   10.927|
angle<24>      |cos<30>        |   11.020|
angle<24>      |cos<31>        |   11.018|
angle<24>      |sin<0>         |  131.953|
angle<24>      |sin<1>         |  131.812|
angle<24>      |sin<2>         |  131.562|
angle<24>      |sin<3>         |  132.020|
angle<24>      |sin<4>         |  133.276|
angle<24>      |sin<5>         |  133.142|
angle<24>      |sin<6>         |  133.333|
angle<24>      |sin<7>         |  133.657|
angle<24>      |sin<8>         |  134.506|
angle<24>      |sin<9>         |  134.947|
angle<24>      |sin<10>        |  135.255|
angle<24>      |sin<11>        |  135.125|
angle<24>      |sin<12>        |  135.146|
angle<24>      |sin<13>        |  135.001|
angle<24>      |sin<14>        |  135.549|
angle<24>      |sin<15>        |  135.389|
angle<24>      |sin<16>        |  135.437|
angle<24>      |sin<17>        |  135.298|
angle<24>      |sin<18>        |  135.579|
angle<24>      |sin<19>        |  135.478|
angle<24>      |sin<20>        |  135.484|
angle<24>      |sin<21>        |  135.368|
angle<24>      |sin<22>        |  135.258|
angle<24>      |sin<23>        |  135.200|
angle<24>      |sin<24>        |    8.374|
angle<24>      |sin<25>        |    8.699|
angle<24>      |sin<26>        |    8.588|
angle<24>      |sin<27>        |    8.494|
angle<24>      |sin<28>        |    8.381|
angle<24>      |sin<29>        |    8.278|
angle<24>      |sin<30>        |    8.179|
angle<24>      |sin<31>        |    8.079|
---------------+---------------+---------+


Analysis completed Fri Jun 17 14:00:56 2016 
--------------------------------------------------------------------------------

Trace Settings:
-------------------------
Trace Settings 

Peak Memory Usage: 784 MB



