--------------------------------------------------------------------------------
Release 14.7 Trace  (lin64)
Copyright (c) 1995-2013 Xilinx, Inc.  All rights reserved.

/home/waseemh/Xilinx/14.7/ISE_DS/ISE/bin/lin64/unwrapped/trce -intstyle ise -v
3 -s 3 -n 3 -fastpaths -xml rot_combinatorial.twx rot_combinatorial.ncd -o
rot_combinatorial.twr rot_combinatorial.pcf

Design file:              rot_combinatorial.ncd
Physical constraint file: rot_combinatorial.pcf
Device,package,speed:     xc7a100t,csg324,C,-3 (PRODUCTION 1.10 2013-10-13)
Report level:             verbose report

Environment Variable      Effect 
--------------------      ------ 
NONE                      No environment variables were set
--------------------------------------------------------------------------------

INFO:Timing:2698 - No timing constraints found, doing default enumeration.
INFO:Timing:3412 - To improve timing, see the Timing Closure User Guide (UG612).
INFO:Timing:2752 - To get complete path coverage, use the unconstrained paths 
   option. All paths that are not constrained will be reported in the 
   unconstrained paths section(s) of the report.
INFO:Timing:3339 - The clock-to-out numbers in this timing report are based on 
   a 50 Ohm transmission line loading model.  For the details of this model, 
   and for more information on accounting for different loading conditions, 
   please see the device datasheet.



Data Sheet report:
-----------------
All values displayed in nanoseconds (ns)

Pad to Pad
---------------+---------------+---------+
Source Pad     |Destination Pad|  Delay  |
---------------+---------------+---------+
angle<0>       |cos<0>         |  151.942|
angle<0>       |cos<1>         |  152.076|
angle<0>       |cos<2>         |  152.000|
angle<0>       |cos<3>         |  152.529|
angle<0>       |cos<4>         |  154.332|
angle<0>       |cos<5>         |  154.077|
angle<0>       |cos<6>         |  154.383|
angle<0>       |cos<7>         |  155.233|
angle<0>       |cos<8>         |  155.756|
angle<0>       |cos<9>         |  155.889|
angle<0>       |cos<10>        |  156.058|
angle<0>       |cos<11>        |  156.045|
angle<0>       |cos<12>        |  156.836|
angle<0>       |cos<13>        |  156.630|
angle<0>       |cos<14>        |  156.906|
angle<0>       |cos<15>        |  156.906|
angle<0>       |cos<16>        |  157.811|
angle<0>       |cos<17>        |  158.019|
angle<0>       |cos<18>        |  158.073|
angle<0>       |cos<19>        |  158.029|
angle<0>       |cos<20>        |  158.531|
angle<0>       |cos<21>        |  159.424|
angle<0>       |cos<22>        |  159.092|
angle<0>       |cos<23>        |  160.194|
angle<0>       |cos<24>        |   12.075|
angle<0>       |cos<25>        |   12.183|
angle<0>       |cos<26>        |   12.277|
angle<0>       |cos<27>        |   12.391|
angle<0>       |cos<28>        |   12.515|
angle<0>       |cos<29>        |   12.640|
angle<0>       |cos<30>        |   12.763|
angle<0>       |cos<31>        |   12.857|
angle<0>       |sin<0>         |  153.204|
angle<0>       |sin<1>         |  153.521|
angle<0>       |sin<2>         |  153.674|
angle<0>       |sin<3>         |  155.508|
angle<0>       |sin<4>         |  155.903|
angle<0>       |sin<5>         |  156.080|
angle<0>       |sin<6>         |  156.709|
angle<0>       |sin<7>         |  156.345|
angle<0>       |sin<8>         |  157.340|
angle<0>       |sin<9>         |  157.235|
angle<0>       |sin<10>        |  158.396|
angle<0>       |sin<11>        |  158.261|
angle<0>       |sin<12>        |  158.410|
angle<0>       |sin<13>        |  158.250|
angle<0>       |sin<14>        |  158.972|
angle<0>       |sin<15>        |  159.359|
angle<0>       |sin<16>        |  159.829|
angle<0>       |sin<17>        |  159.615|
angle<0>       |sin<18>        |  159.407|
angle<0>       |sin<19>        |  160.361|
angle<0>       |sin<20>        |  161.101|
angle<0>       |sin<21>        |  160.794|
angle<0>       |sin<22>        |  161.037|
angle<0>       |sin<23>        |  161.814|
angle<0>       |sin<24>        |   10.385|
angle<0>       |sin<25>        |   10.375|
angle<0>       |sin<26>        |   10.350|
angle<0>       |sin<27>        |   10.380|
angle<0>       |sin<28>        |   10.469|
angle<0>       |sin<29>        |   10.503|
angle<0>       |sin<30>        |   10.606|
angle<0>       |sin<31>        |   10.620|
angle<1>       |cos<0>         |  151.969|
angle<1>       |cos<1>         |  152.103|
angle<1>       |cos<2>         |  152.027|
angle<1>       |cos<3>         |  152.556|
angle<1>       |cos<4>         |  154.359|
angle<1>       |cos<5>         |  154.104|
angle<1>       |cos<6>         |  154.410|
angle<1>       |cos<7>         |  155.260|
angle<1>       |cos<8>         |  155.783|
angle<1>       |cos<9>         |  155.916|
angle<1>       |cos<10>        |  156.085|
angle<1>       |cos<11>        |  156.072|
angle<1>       |cos<12>        |  156.863|
angle<1>       |cos<13>        |  156.657|
angle<1>       |cos<14>        |  156.933|
angle<1>       |cos<15>        |  156.933|
angle<1>       |cos<16>        |  157.838|
angle<1>       |cos<17>        |  158.046|
angle<1>       |cos<18>        |  158.100|
angle<1>       |cos<19>        |  158.056|
angle<1>       |cos<20>        |  158.558|
angle<1>       |cos<21>        |  159.451|
angle<1>       |cos<22>        |  159.119|
angle<1>       |cos<23>        |  160.221|
angle<1>       |cos<24>        |   12.102|
angle<1>       |cos<25>        |   12.210|
angle<1>       |cos<26>        |   12.304|
angle<1>       |cos<27>        |   12.418|
angle<1>       |cos<28>        |   12.542|
angle<1>       |cos<29>        |   12.667|
angle<1>       |cos<30>        |   12.790|
angle<1>       |cos<31>        |   12.884|
angle<1>       |sin<0>         |  153.231|
angle<1>       |sin<1>         |  153.548|
angle<1>       |sin<2>         |  153.701|
angle<1>       |sin<3>         |  155.535|
angle<1>       |sin<4>         |  155.930|
angle<1>       |sin<5>         |  156.107|
angle<1>       |sin<6>         |  156.736|
angle<1>       |sin<7>         |  156.372|
angle<1>       |sin<8>         |  157.367|
angle<1>       |sin<9>         |  157.262|
angle<1>       |sin<10>        |  158.423|
angle<1>       |sin<11>        |  158.288|
angle<1>       |sin<12>        |  158.437|
angle<1>       |sin<13>        |  158.277|
angle<1>       |sin<14>        |  158.999|
angle<1>       |sin<15>        |  159.386|
angle<1>       |sin<16>        |  159.856|
angle<1>       |sin<17>        |  159.642|
angle<1>       |sin<18>        |  159.434|
angle<1>       |sin<19>        |  160.388|
angle<1>       |sin<20>        |  161.128|
angle<1>       |sin<21>        |  160.821|
angle<1>       |sin<22>        |  161.064|
angle<1>       |sin<23>        |  161.841|
angle<1>       |sin<24>        |   10.704|
angle<1>       |sin<25>        |   10.694|
angle<1>       |sin<26>        |   10.669|
angle<1>       |sin<27>        |   10.699|
angle<1>       |sin<28>        |   10.788|
angle<1>       |sin<29>        |   10.822|
angle<1>       |sin<30>        |   10.925|
angle<1>       |sin<31>        |   10.939|
angle<2>       |cos<0>         |  151.992|
angle<2>       |cos<1>         |  152.126|
angle<2>       |cos<2>         |  152.050|
angle<2>       |cos<3>         |  152.579|
angle<2>       |cos<4>         |  154.382|
angle<2>       |cos<5>         |  154.127|
angle<2>       |cos<6>         |  154.433|
angle<2>       |cos<7>         |  155.283|
angle<2>       |cos<8>         |  155.806|
angle<2>       |cos<9>         |  155.939|
angle<2>       |cos<10>        |  156.108|
angle<2>       |cos<11>        |  156.095|
angle<2>       |cos<12>        |  156.886|
angle<2>       |cos<13>        |  156.680|
angle<2>       |cos<14>        |  156.956|
angle<2>       |cos<15>        |  156.956|
angle<2>       |cos<16>        |  157.861|
angle<2>       |cos<17>        |  158.069|
angle<2>       |cos<18>        |  158.123|
angle<2>       |cos<19>        |  158.079|
angle<2>       |cos<20>        |  158.581|
angle<2>       |cos<21>        |  159.474|
angle<2>       |cos<22>        |  159.142|
angle<2>       |cos<23>        |  160.244|
angle<2>       |cos<24>        |   12.125|
angle<2>       |cos<25>        |   12.233|
angle<2>       |cos<26>        |   12.327|
angle<2>       |cos<27>        |   12.441|
angle<2>       |cos<28>        |   12.565|
angle<2>       |cos<29>        |   12.690|
angle<2>       |cos<30>        |   12.813|
angle<2>       |cos<31>        |   12.907|
angle<2>       |sin<0>         |  153.254|
angle<2>       |sin<1>         |  153.571|
angle<2>       |sin<2>         |  153.724|
angle<2>       |sin<3>         |  155.558|
angle<2>       |sin<4>         |  155.953|
angle<2>       |sin<5>         |  156.130|
angle<2>       |sin<6>         |  156.759|
angle<2>       |sin<7>         |  156.395|
angle<2>       |sin<8>         |  157.390|
angle<2>       |sin<9>         |  157.285|
angle<2>       |sin<10>        |  158.446|
angle<2>       |sin<11>        |  158.311|
angle<2>       |sin<12>        |  158.460|
angle<2>       |sin<13>        |  158.300|
angle<2>       |sin<14>        |  159.022|
angle<2>       |sin<15>        |  159.409|
angle<2>       |sin<16>        |  159.879|
angle<2>       |sin<17>        |  159.665|
angle<2>       |sin<18>        |  159.457|
angle<2>       |sin<19>        |  160.411|
angle<2>       |sin<20>        |  161.151|
angle<2>       |sin<21>        |  160.844|
angle<2>       |sin<22>        |  161.087|
angle<2>       |sin<23>        |  161.864|
angle<2>       |sin<24>        |   10.420|
angle<2>       |sin<25>        |   10.410|
angle<2>       |sin<26>        |   10.385|
angle<2>       |sin<27>        |   10.415|
angle<2>       |sin<28>        |   10.504|
angle<2>       |sin<29>        |   10.538|
angle<2>       |sin<30>        |   10.641|
angle<2>       |sin<31>        |   10.655|
angle<3>       |cos<0>         |  151.763|
angle<3>       |cos<1>         |  151.897|
angle<3>       |cos<2>         |  151.821|
angle<3>       |cos<3>         |  152.350|
angle<3>       |cos<4>         |  154.153|
angle<3>       |cos<5>         |  153.898|
angle<3>       |cos<6>         |  154.204|
angle<3>       |cos<7>         |  155.054|
angle<3>       |cos<8>         |  155.577|
angle<3>       |cos<9>         |  155.710|
angle<3>       |cos<10>        |  155.879|
angle<3>       |cos<11>        |  155.866|
angle<3>       |cos<12>        |  156.657|
angle<3>       |cos<13>        |  156.451|
angle<3>       |cos<14>        |  156.727|
angle<3>       |cos<15>        |  156.727|
angle<3>       |cos<16>        |  157.632|
angle<3>       |cos<17>        |  157.840|
angle<3>       |cos<18>        |  157.894|
angle<3>       |cos<19>        |  157.850|
angle<3>       |cos<20>        |  158.352|
angle<3>       |cos<21>        |  159.245|
angle<3>       |cos<22>        |  158.913|
angle<3>       |cos<23>        |  160.015|
angle<3>       |cos<24>        |   11.896|
angle<3>       |cos<25>        |   12.004|
angle<3>       |cos<26>        |   12.098|
angle<3>       |cos<27>        |   12.212|
angle<3>       |cos<28>        |   12.336|
angle<3>       |cos<29>        |   12.461|
angle<3>       |cos<30>        |   12.584|
angle<3>       |cos<31>        |   12.678|
angle<3>       |sin<0>         |  153.025|
angle<3>       |sin<1>         |  153.342|
angle<3>       |sin<2>         |  153.495|
angle<3>       |sin<3>         |  155.329|
angle<3>       |sin<4>         |  155.724|
angle<3>       |sin<5>         |  155.901|
angle<3>       |sin<6>         |  156.530|
angle<3>       |sin<7>         |  156.166|
angle<3>       |sin<8>         |  157.161|
angle<3>       |sin<9>         |  157.056|
angle<3>       |sin<10>        |  158.217|
angle<3>       |sin<11>        |  158.082|
angle<3>       |sin<12>        |  158.231|
angle<3>       |sin<13>        |  158.071|
angle<3>       |sin<14>        |  158.793|
angle<3>       |sin<15>        |  159.180|
angle<3>       |sin<16>        |  159.650|
angle<3>       |sin<17>        |  159.436|
angle<3>       |sin<18>        |  159.228|
angle<3>       |sin<19>        |  160.182|
angle<3>       |sin<20>        |  160.922|
angle<3>       |sin<21>        |  160.615|
angle<3>       |sin<22>        |  160.858|
angle<3>       |sin<23>        |  161.635|
angle<3>       |sin<24>        |   10.557|
angle<3>       |sin<25>        |   10.547|
angle<3>       |sin<26>        |   10.522|
angle<3>       |sin<27>        |   10.552|
angle<3>       |sin<28>        |   10.641|
angle<3>       |sin<29>        |   10.675|
angle<3>       |sin<30>        |   10.778|
angle<3>       |sin<31>        |   10.792|
angle<4>       |cos<0>         |  151.655|
angle<4>       |cos<1>         |  151.789|
angle<4>       |cos<2>         |  151.713|
angle<4>       |cos<3>         |  152.242|
angle<4>       |cos<4>         |  154.045|
angle<4>       |cos<5>         |  153.790|
angle<4>       |cos<6>         |  154.096|
angle<4>       |cos<7>         |  154.946|
angle<4>       |cos<8>         |  155.469|
angle<4>       |cos<9>         |  155.602|
angle<4>       |cos<10>        |  155.771|
angle<4>       |cos<11>        |  155.758|
angle<4>       |cos<12>        |  156.549|
angle<4>       |cos<13>        |  156.343|
angle<4>       |cos<14>        |  156.619|
angle<4>       |cos<15>        |  156.619|
angle<4>       |cos<16>        |  157.524|
angle<4>       |cos<17>        |  157.732|
angle<4>       |cos<18>        |  157.786|
angle<4>       |cos<19>        |  157.742|
angle<4>       |cos<20>        |  158.244|
angle<4>       |cos<21>        |  159.137|
angle<4>       |cos<22>        |  158.805|
angle<4>       |cos<23>        |  159.907|
angle<4>       |cos<24>        |   11.788|
angle<4>       |cos<25>        |   11.896|
angle<4>       |cos<26>        |   11.990|
angle<4>       |cos<27>        |   12.104|
angle<4>       |cos<28>        |   12.228|
angle<4>       |cos<29>        |   12.353|
angle<4>       |cos<30>        |   12.476|
angle<4>       |cos<31>        |   12.570|
angle<4>       |sin<0>         |  152.917|
angle<4>       |sin<1>         |  153.234|
angle<4>       |sin<2>         |  153.387|
angle<4>       |sin<3>         |  155.221|
angle<4>       |sin<4>         |  155.616|
angle<4>       |sin<5>         |  155.793|
angle<4>       |sin<6>         |  156.422|
angle<4>       |sin<7>         |  156.058|
angle<4>       |sin<8>         |  157.053|
angle<4>       |sin<9>         |  156.948|
angle<4>       |sin<10>        |  158.109|
angle<4>       |sin<11>        |  157.974|
angle<4>       |sin<12>        |  158.123|
angle<4>       |sin<13>        |  157.963|
angle<4>       |sin<14>        |  158.685|
angle<4>       |sin<15>        |  159.072|
angle<4>       |sin<16>        |  159.542|
angle<4>       |sin<17>        |  159.328|
angle<4>       |sin<18>        |  159.120|
angle<4>       |sin<19>        |  160.074|
angle<4>       |sin<20>        |  160.814|
angle<4>       |sin<21>        |  160.507|
angle<4>       |sin<22>        |  160.750|
angle<4>       |sin<23>        |  161.527|
angle<4>       |sin<24>        |   10.415|
angle<4>       |sin<25>        |   10.405|
angle<4>       |sin<26>        |   10.380|
angle<4>       |sin<27>        |   10.410|
angle<4>       |sin<28>        |   10.499|
angle<4>       |sin<29>        |   10.533|
angle<4>       |sin<30>        |   10.636|
angle<4>       |sin<31>        |   10.650|
angle<5>       |cos<0>         |  151.999|
angle<5>       |cos<1>         |  152.133|
angle<5>       |cos<2>         |  152.057|
angle<5>       |cos<3>         |  152.586|
angle<5>       |cos<4>         |  154.389|
angle<5>       |cos<5>         |  154.134|
angle<5>       |cos<6>         |  154.440|
angle<5>       |cos<7>         |  155.290|
angle<5>       |cos<8>         |  155.813|
angle<5>       |cos<9>         |  155.946|
angle<5>       |cos<10>        |  156.115|
angle<5>       |cos<11>        |  156.102|
angle<5>       |cos<12>        |  156.893|
angle<5>       |cos<13>        |  156.687|
angle<5>       |cos<14>        |  156.963|
angle<5>       |cos<15>        |  156.963|
angle<5>       |cos<16>        |  157.868|
angle<5>       |cos<17>        |  158.076|
angle<5>       |cos<18>        |  158.130|
angle<5>       |cos<19>        |  158.086|
angle<5>       |cos<20>        |  158.588|
angle<5>       |cos<21>        |  159.481|
angle<5>       |cos<22>        |  159.149|
angle<5>       |cos<23>        |  160.251|
angle<5>       |cos<24>        |   12.132|
angle<5>       |cos<25>        |   12.240|
angle<5>       |cos<26>        |   12.334|
angle<5>       |cos<27>        |   12.448|
angle<5>       |cos<28>        |   12.572|
angle<5>       |cos<29>        |   12.697|
angle<5>       |cos<30>        |   12.820|
angle<5>       |cos<31>        |   12.914|
angle<5>       |sin<0>         |  153.261|
angle<5>       |sin<1>         |  153.578|
angle<5>       |sin<2>         |  153.731|
angle<5>       |sin<3>         |  155.565|
angle<5>       |sin<4>         |  155.960|
angle<5>       |sin<5>         |  156.137|
angle<5>       |sin<6>         |  156.766|
angle<5>       |sin<7>         |  156.402|
angle<5>       |sin<8>         |  157.397|
angle<5>       |sin<9>         |  157.292|
angle<5>       |sin<10>        |  158.453|
angle<5>       |sin<11>        |  158.318|
angle<5>       |sin<12>        |  158.467|
angle<5>       |sin<13>        |  158.307|
angle<5>       |sin<14>        |  159.029|
angle<5>       |sin<15>        |  159.416|
angle<5>       |sin<16>        |  159.886|
angle<5>       |sin<17>        |  159.672|
angle<5>       |sin<18>        |  159.464|
angle<5>       |sin<19>        |  160.418|
angle<5>       |sin<20>        |  161.158|
angle<5>       |sin<21>        |  160.851|
angle<5>       |sin<22>        |  161.094|
angle<5>       |sin<23>        |  161.871|
angle<5>       |sin<24>        |   10.606|
angle<5>       |sin<25>        |   10.596|
angle<5>       |sin<26>        |   10.571|
angle<5>       |sin<27>        |   10.601|
angle<5>       |sin<28>        |   10.690|
angle<5>       |sin<29>        |   10.724|
angle<5>       |sin<30>        |   10.827|
angle<5>       |sin<31>        |   10.841|
angle<6>       |cos<0>         |  152.038|
angle<6>       |cos<1>         |  152.172|
angle<6>       |cos<2>         |  152.096|
angle<6>       |cos<3>         |  152.625|
angle<6>       |cos<4>         |  154.428|
angle<6>       |cos<5>         |  154.173|
angle<6>       |cos<6>         |  154.479|
angle<6>       |cos<7>         |  155.329|
angle<6>       |cos<8>         |  155.852|
angle<6>       |cos<9>         |  155.985|
angle<6>       |cos<10>        |  156.154|
angle<6>       |cos<11>        |  156.141|
angle<6>       |cos<12>        |  156.932|
angle<6>       |cos<13>        |  156.726|
angle<6>       |cos<14>        |  157.002|
angle<6>       |cos<15>        |  157.002|
angle<6>       |cos<16>        |  157.907|
angle<6>       |cos<17>        |  158.115|
angle<6>       |cos<18>        |  158.169|
angle<6>       |cos<19>        |  158.125|
angle<6>       |cos<20>        |  158.627|
angle<6>       |cos<21>        |  159.520|
angle<6>       |cos<22>        |  159.188|
angle<6>       |cos<23>        |  160.290|
angle<6>       |cos<24>        |   12.171|
angle<6>       |cos<25>        |   12.279|
angle<6>       |cos<26>        |   12.373|
angle<6>       |cos<27>        |   12.487|
angle<6>       |cos<28>        |   12.611|
angle<6>       |cos<29>        |   12.736|
angle<6>       |cos<30>        |   12.859|
angle<6>       |cos<31>        |   12.953|
angle<6>       |sin<0>         |  153.300|
angle<6>       |sin<1>         |  153.617|
angle<6>       |sin<2>         |  153.770|
angle<6>       |sin<3>         |  155.604|
angle<6>       |sin<4>         |  155.999|
angle<6>       |sin<5>         |  156.176|
angle<6>       |sin<6>         |  156.805|
angle<6>       |sin<7>         |  156.441|
angle<6>       |sin<8>         |  157.436|
angle<6>       |sin<9>         |  157.331|
angle<6>       |sin<10>        |  158.492|
angle<6>       |sin<11>        |  158.357|
angle<6>       |sin<12>        |  158.506|
angle<6>       |sin<13>        |  158.346|
angle<6>       |sin<14>        |  159.068|
angle<6>       |sin<15>        |  159.455|
angle<6>       |sin<16>        |  159.925|
angle<6>       |sin<17>        |  159.711|
angle<6>       |sin<18>        |  159.503|
angle<6>       |sin<19>        |  160.457|
angle<6>       |sin<20>        |  161.197|
angle<6>       |sin<21>        |  160.890|
angle<6>       |sin<22>        |  161.133|
angle<6>       |sin<23>        |  161.910|
angle<6>       |sin<24>        |   10.446|
angle<6>       |sin<25>        |   10.436|
angle<6>       |sin<26>        |   10.411|
angle<6>       |sin<27>        |   10.441|
angle<6>       |sin<28>        |   10.530|
angle<6>       |sin<29>        |   10.564|
angle<6>       |sin<30>        |   10.667|
angle<6>       |sin<31>        |   10.681|
angle<7>       |cos<0>         |  151.785|
angle<7>       |cos<1>         |  151.919|
angle<7>       |cos<2>         |  151.843|
angle<7>       |cos<3>         |  152.372|
angle<7>       |cos<4>         |  154.175|
angle<7>       |cos<5>         |  153.920|
angle<7>       |cos<6>         |  154.226|
angle<7>       |cos<7>         |  155.076|
angle<7>       |cos<8>         |  155.599|
angle<7>       |cos<9>         |  155.732|
angle<7>       |cos<10>        |  155.901|
angle<7>       |cos<11>        |  155.888|
angle<7>       |cos<12>        |  156.679|
angle<7>       |cos<13>        |  156.473|
angle<7>       |cos<14>        |  156.749|
angle<7>       |cos<15>        |  156.749|
angle<7>       |cos<16>        |  157.654|
angle<7>       |cos<17>        |  157.862|
angle<7>       |cos<18>        |  157.916|
angle<7>       |cos<19>        |  157.872|
angle<7>       |cos<20>        |  158.374|
angle<7>       |cos<21>        |  159.267|
angle<7>       |cos<22>        |  158.935|
angle<7>       |cos<23>        |  160.037|
angle<7>       |cos<24>        |   11.918|
angle<7>       |cos<25>        |   12.026|
angle<7>       |cos<26>        |   12.120|
angle<7>       |cos<27>        |   12.234|
angle<7>       |cos<28>        |   12.358|
angle<7>       |cos<29>        |   12.483|
angle<7>       |cos<30>        |   12.606|
angle<7>       |cos<31>        |   12.700|
angle<7>       |sin<0>         |  153.047|
angle<7>       |sin<1>         |  153.364|
angle<7>       |sin<2>         |  153.517|
angle<7>       |sin<3>         |  155.351|
angle<7>       |sin<4>         |  155.746|
angle<7>       |sin<5>         |  155.923|
angle<7>       |sin<6>         |  156.552|
angle<7>       |sin<7>         |  156.188|
angle<7>       |sin<8>         |  157.183|
angle<7>       |sin<9>         |  157.078|
angle<7>       |sin<10>        |  158.239|
angle<7>       |sin<11>        |  158.104|
angle<7>       |sin<12>        |  158.253|
angle<7>       |sin<13>        |  158.093|
angle<7>       |sin<14>        |  158.815|
angle<7>       |sin<15>        |  159.202|
angle<7>       |sin<16>        |  159.672|
angle<7>       |sin<17>        |  159.458|
angle<7>       |sin<18>        |  159.250|
angle<7>       |sin<19>        |  160.204|
angle<7>       |sin<20>        |  160.944|
angle<7>       |sin<21>        |  160.637|
angle<7>       |sin<22>        |  160.880|
angle<7>       |sin<23>        |  161.657|
angle<7>       |sin<24>        |   10.565|
angle<7>       |sin<25>        |   10.555|
angle<7>       |sin<26>        |   10.530|
angle<7>       |sin<27>        |   10.560|
angle<7>       |sin<28>        |   10.649|
angle<7>       |sin<29>        |   10.683|
angle<7>       |sin<30>        |   10.786|
angle<7>       |sin<31>        |   10.800|
angle<8>       |cos<0>         |  151.734|
angle<8>       |cos<1>         |  151.868|
angle<8>       |cos<2>         |  151.792|
angle<8>       |cos<3>         |  152.321|
angle<8>       |cos<4>         |  154.124|
angle<8>       |cos<5>         |  153.869|
angle<8>       |cos<6>         |  154.175|
angle<8>       |cos<7>         |  155.025|
angle<8>       |cos<8>         |  155.548|
angle<8>       |cos<9>         |  155.681|
angle<8>       |cos<10>        |  155.850|
angle<8>       |cos<11>        |  155.837|
angle<8>       |cos<12>        |  156.628|
angle<8>       |cos<13>        |  156.422|
angle<8>       |cos<14>        |  156.698|
angle<8>       |cos<15>        |  156.698|
angle<8>       |cos<16>        |  157.603|
angle<8>       |cos<17>        |  157.811|
angle<8>       |cos<18>        |  157.865|
angle<8>       |cos<19>        |  157.821|
angle<8>       |cos<20>        |  158.323|
angle<8>       |cos<21>        |  159.216|
angle<8>       |cos<22>        |  158.884|
angle<8>       |cos<23>        |  159.986|
angle<8>       |cos<24>        |   11.867|
angle<8>       |cos<25>        |   11.975|
angle<8>       |cos<26>        |   12.069|
angle<8>       |cos<27>        |   12.183|
angle<8>       |cos<28>        |   12.307|
angle<8>       |cos<29>        |   12.432|
angle<8>       |cos<30>        |   12.555|
angle<8>       |cos<31>        |   12.649|
angle<8>       |sin<0>         |  152.996|
angle<8>       |sin<1>         |  153.313|
angle<8>       |sin<2>         |  153.466|
angle<8>       |sin<3>         |  155.300|
angle<8>       |sin<4>         |  155.695|
angle<8>       |sin<5>         |  155.872|
angle<8>       |sin<6>         |  156.501|
angle<8>       |sin<7>         |  156.137|
angle<8>       |sin<8>         |  157.132|
angle<8>       |sin<9>         |  157.027|
angle<8>       |sin<10>        |  158.188|
angle<8>       |sin<11>        |  158.053|
angle<8>       |sin<12>        |  158.202|
angle<8>       |sin<13>        |  158.042|
angle<8>       |sin<14>        |  158.764|
angle<8>       |sin<15>        |  159.151|
angle<8>       |sin<16>        |  159.621|
angle<8>       |sin<17>        |  159.407|
angle<8>       |sin<18>        |  159.199|
angle<8>       |sin<19>        |  160.153|
angle<8>       |sin<20>        |  160.893|
angle<8>       |sin<21>        |  160.586|
angle<8>       |sin<22>        |  160.829|
angle<8>       |sin<23>        |  161.606|
angle<8>       |sin<24>        |   10.340|
angle<8>       |sin<25>        |   10.330|
angle<8>       |sin<26>        |   10.305|
angle<8>       |sin<27>        |   10.335|
angle<8>       |sin<28>        |   10.424|
angle<8>       |sin<29>        |   10.458|
angle<8>       |sin<30>        |   10.561|
angle<8>       |sin<31>        |   10.575|
angle<9>       |cos<0>         |  151.782|
angle<9>       |cos<1>         |  151.916|
angle<9>       |cos<2>         |  151.840|
angle<9>       |cos<3>         |  152.369|
angle<9>       |cos<4>         |  154.172|
angle<9>       |cos<5>         |  153.917|
angle<9>       |cos<6>         |  154.223|
angle<9>       |cos<7>         |  155.073|
angle<9>       |cos<8>         |  155.596|
angle<9>       |cos<9>         |  155.729|
angle<9>       |cos<10>        |  155.898|
angle<9>       |cos<11>        |  155.885|
angle<9>       |cos<12>        |  156.676|
angle<9>       |cos<13>        |  156.470|
angle<9>       |cos<14>        |  156.746|
angle<9>       |cos<15>        |  156.746|
angle<9>       |cos<16>        |  157.651|
angle<9>       |cos<17>        |  157.859|
angle<9>       |cos<18>        |  157.913|
angle<9>       |cos<19>        |  157.869|
angle<9>       |cos<20>        |  158.371|
angle<9>       |cos<21>        |  159.264|
angle<9>       |cos<22>        |  158.932|
angle<9>       |cos<23>        |  160.034|
angle<9>       |cos<24>        |   11.915|
angle<9>       |cos<25>        |   12.023|
angle<9>       |cos<26>        |   12.117|
angle<9>       |cos<27>        |   12.231|
angle<9>       |cos<28>        |   12.355|
angle<9>       |cos<29>        |   12.480|
angle<9>       |cos<30>        |   12.603|
angle<9>       |cos<31>        |   12.697|
angle<9>       |sin<0>         |  153.044|
angle<9>       |sin<1>         |  153.361|
angle<9>       |sin<2>         |  153.514|
angle<9>       |sin<3>         |  155.348|
angle<9>       |sin<4>         |  155.743|
angle<9>       |sin<5>         |  155.920|
angle<9>       |sin<6>         |  156.549|
angle<9>       |sin<7>         |  156.185|
angle<9>       |sin<8>         |  157.180|
angle<9>       |sin<9>         |  157.075|
angle<9>       |sin<10>        |  158.236|
angle<9>       |sin<11>        |  158.101|
angle<9>       |sin<12>        |  158.250|
angle<9>       |sin<13>        |  158.090|
angle<9>       |sin<14>        |  158.812|
angle<9>       |sin<15>        |  159.199|
angle<9>       |sin<16>        |  159.669|
angle<9>       |sin<17>        |  159.455|
angle<9>       |sin<18>        |  159.247|
angle<9>       |sin<19>        |  160.201|
angle<9>       |sin<20>        |  160.941|
angle<9>       |sin<21>        |  160.634|
angle<9>       |sin<22>        |  160.877|
angle<9>       |sin<23>        |  161.654|
angle<9>       |sin<24>        |   10.205|
angle<9>       |sin<25>        |   10.195|
angle<9>       |sin<26>        |   10.170|
angle<9>       |sin<27>        |   10.200|
angle<9>       |sin<28>        |   10.289|
angle<9>       |sin<29>        |   10.323|
angle<9>       |sin<30>        |   10.426|
angle<9>       |sin<31>        |   10.440|
angle<10>      |cos<0>         |  151.449|
angle<10>      |cos<1>         |  151.583|
angle<10>      |cos<2>         |  151.507|
angle<10>      |cos<3>         |  152.036|
angle<10>      |cos<4>         |  153.839|
angle<10>      |cos<5>         |  153.584|
angle<10>      |cos<6>         |  153.890|
angle<10>      |cos<7>         |  154.740|
angle<10>      |cos<8>         |  155.263|
angle<10>      |cos<9>         |  155.396|
angle<10>      |cos<10>        |  155.565|
angle<10>      |cos<11>        |  155.552|
angle<10>      |cos<12>        |  156.343|
angle<10>      |cos<13>        |  156.137|
angle<10>      |cos<14>        |  156.413|
angle<10>      |cos<15>        |  156.413|
angle<10>      |cos<16>        |  157.318|
angle<10>      |cos<17>        |  157.526|
angle<10>      |cos<18>        |  157.580|
angle<10>      |cos<19>        |  157.536|
angle<10>      |cos<20>        |  158.038|
angle<10>      |cos<21>        |  158.931|
angle<10>      |cos<22>        |  158.599|
angle<10>      |cos<23>        |  159.701|
angle<10>      |cos<24>        |   11.582|
angle<10>      |cos<25>        |   11.690|
angle<10>      |cos<26>        |   11.784|
angle<10>      |cos<27>        |   11.898|
angle<10>      |cos<28>        |   12.022|
angle<10>      |cos<29>        |   12.147|
angle<10>      |cos<30>        |   12.270|
angle<10>      |cos<31>        |   12.364|
angle<10>      |sin<0>         |  152.711|
angle<10>      |sin<1>         |  153.028|
angle<10>      |sin<2>         |  153.181|
angle<10>      |sin<3>         |  155.015|
angle<10>      |sin<4>         |  155.410|
angle<10>      |sin<5>         |  155.587|
angle<10>      |sin<6>         |  156.216|
angle<10>      |sin<7>         |  155.852|
angle<10>      |sin<8>         |  156.847|
angle<10>      |sin<9>         |  156.742|
angle<10>      |sin<10>        |  157.903|
angle<10>      |sin<11>        |  157.768|
angle<10>      |sin<12>        |  157.917|
angle<10>      |sin<13>        |  157.757|
angle<10>      |sin<14>        |  158.479|
angle<10>      |sin<15>        |  158.866|
angle<10>      |sin<16>        |  159.336|
angle<10>      |sin<17>        |  159.122|
angle<10>      |sin<18>        |  158.914|
angle<10>      |sin<19>        |  159.868|
angle<10>      |sin<20>        |  160.608|
angle<10>      |sin<21>        |  160.301|
angle<10>      |sin<22>        |  160.544|
angle<10>      |sin<23>        |  161.321|
angle<10>      |sin<24>        |   10.067|
angle<10>      |sin<25>        |   10.057|
angle<10>      |sin<26>        |   10.032|
angle<10>      |sin<27>        |   10.062|
angle<10>      |sin<28>        |   10.151|
angle<10>      |sin<29>        |   10.185|
angle<10>      |sin<30>        |   10.288|
angle<10>      |sin<31>        |   10.302|
angle<11>      |cos<0>         |  151.748|
angle<11>      |cos<1>         |  151.882|
angle<11>      |cos<2>         |  151.806|
angle<11>      |cos<3>         |  152.335|
angle<11>      |cos<4>         |  154.138|
angle<11>      |cos<5>         |  153.883|
angle<11>      |cos<6>         |  154.189|
angle<11>      |cos<7>         |  155.039|
angle<11>      |cos<8>         |  155.562|
angle<11>      |cos<9>         |  155.695|
angle<11>      |cos<10>        |  155.864|
angle<11>      |cos<11>        |  155.851|
angle<11>      |cos<12>        |  156.642|
angle<11>      |cos<13>        |  156.436|
angle<11>      |cos<14>        |  156.712|
angle<11>      |cos<15>        |  156.712|
angle<11>      |cos<16>        |  157.617|
angle<11>      |cos<17>        |  157.825|
angle<11>      |cos<18>        |  157.879|
angle<11>      |cos<19>        |  157.835|
angle<11>      |cos<20>        |  158.337|
angle<11>      |cos<21>        |  159.230|
angle<11>      |cos<22>        |  158.898|
angle<11>      |cos<23>        |  160.000|
angle<11>      |cos<24>        |   11.881|
angle<11>      |cos<25>        |   11.989|
angle<11>      |cos<26>        |   12.083|
angle<11>      |cos<27>        |   12.197|
angle<11>      |cos<28>        |   12.321|
angle<11>      |cos<29>        |   12.446|
angle<11>      |cos<30>        |   12.569|
angle<11>      |cos<31>        |   12.663|
angle<11>      |sin<0>         |  153.010|
angle<11>      |sin<1>         |  153.327|
angle<11>      |sin<2>         |  153.480|
angle<11>      |sin<3>         |  155.314|
angle<11>      |sin<4>         |  155.709|
angle<11>      |sin<5>         |  155.886|
angle<11>      |sin<6>         |  156.515|
angle<11>      |sin<7>         |  156.151|
angle<11>      |sin<8>         |  157.146|
angle<11>      |sin<9>         |  157.041|
angle<11>      |sin<10>        |  158.202|
angle<11>      |sin<11>        |  158.067|
angle<11>      |sin<12>        |  158.216|
angle<11>      |sin<13>        |  158.056|
angle<11>      |sin<14>        |  158.778|
angle<11>      |sin<15>        |  159.165|
angle<11>      |sin<16>        |  159.635|
angle<11>      |sin<17>        |  159.421|
angle<11>      |sin<18>        |  159.213|
angle<11>      |sin<19>        |  160.167|
angle<11>      |sin<20>        |  160.907|
angle<11>      |sin<21>        |  160.600|
angle<11>      |sin<22>        |  160.843|
angle<11>      |sin<23>        |  161.620|
angle<11>      |sin<24>        |   10.243|
angle<11>      |sin<25>        |   10.233|
angle<11>      |sin<26>        |   10.208|
angle<11>      |sin<27>        |   10.238|
angle<11>      |sin<28>        |   10.327|
angle<11>      |sin<29>        |   10.361|
angle<11>      |sin<30>        |   10.464|
angle<11>      |sin<31>        |   10.478|
angle<12>      |cos<0>         |  151.574|
angle<12>      |cos<1>         |  151.708|
angle<12>      |cos<2>         |  151.632|
angle<12>      |cos<3>         |  152.161|
angle<12>      |cos<4>         |  153.964|
angle<12>      |cos<5>         |  153.709|
angle<12>      |cos<6>         |  154.015|
angle<12>      |cos<7>         |  154.865|
angle<12>      |cos<8>         |  155.388|
angle<12>      |cos<9>         |  155.521|
angle<12>      |cos<10>        |  155.690|
angle<12>      |cos<11>        |  155.677|
angle<12>      |cos<12>        |  156.468|
angle<12>      |cos<13>        |  156.262|
angle<12>      |cos<14>        |  156.538|
angle<12>      |cos<15>        |  156.538|
angle<12>      |cos<16>        |  157.443|
angle<12>      |cos<17>        |  157.651|
angle<12>      |cos<18>        |  157.705|
angle<12>      |cos<19>        |  157.661|
angle<12>      |cos<20>        |  158.163|
angle<12>      |cos<21>        |  159.056|
angle<12>      |cos<22>        |  158.724|
angle<12>      |cos<23>        |  159.826|
angle<12>      |cos<24>        |   11.707|
angle<12>      |cos<25>        |   11.815|
angle<12>      |cos<26>        |   11.909|
angle<12>      |cos<27>        |   12.023|
angle<12>      |cos<28>        |   12.147|
angle<12>      |cos<29>        |   12.272|
angle<12>      |cos<30>        |   12.395|
angle<12>      |cos<31>        |   12.489|
angle<12>      |sin<0>         |  152.836|
angle<12>      |sin<1>         |  153.153|
angle<12>      |sin<2>         |  153.306|
angle<12>      |sin<3>         |  155.140|
angle<12>      |sin<4>         |  155.535|
angle<12>      |sin<5>         |  155.712|
angle<12>      |sin<6>         |  156.341|
angle<12>      |sin<7>         |  155.977|
angle<12>      |sin<8>         |  156.972|
angle<12>      |sin<9>         |  156.867|
angle<12>      |sin<10>        |  158.028|
angle<12>      |sin<11>        |  157.893|
angle<12>      |sin<12>        |  158.042|
angle<12>      |sin<13>        |  157.882|
angle<12>      |sin<14>        |  158.604|
angle<12>      |sin<15>        |  158.991|
angle<12>      |sin<16>        |  159.461|
angle<12>      |sin<17>        |  159.247|
angle<12>      |sin<18>        |  159.039|
angle<12>      |sin<19>        |  159.993|
angle<12>      |sin<20>        |  160.733|
angle<12>      |sin<21>        |  160.426|
angle<12>      |sin<22>        |  160.669|
angle<12>      |sin<23>        |  161.446|
angle<12>      |sin<24>        |   10.172|
angle<12>      |sin<25>        |   10.162|
angle<12>      |sin<26>        |   10.137|
angle<12>      |sin<27>        |   10.167|
angle<12>      |sin<28>        |   10.256|
angle<12>      |sin<29>        |   10.290|
angle<12>      |sin<30>        |   10.393|
angle<12>      |sin<31>        |   10.407|
angle<13>      |cos<0>         |  151.749|
angle<13>      |cos<1>         |  151.883|
angle<13>      |cos<2>         |  151.807|
angle<13>      |cos<3>         |  152.336|
angle<13>      |cos<4>         |  154.139|
angle<13>      |cos<5>         |  153.884|
angle<13>      |cos<6>         |  154.190|
angle<13>      |cos<7>         |  155.040|
angle<13>      |cos<8>         |  155.563|
angle<13>      |cos<9>         |  155.696|
angle<13>      |cos<10>        |  155.865|
angle<13>      |cos<11>        |  155.852|
angle<13>      |cos<12>        |  156.643|
angle<13>      |cos<13>        |  156.437|
angle<13>      |cos<14>        |  156.713|
angle<13>      |cos<15>        |  156.713|
angle<13>      |cos<16>        |  157.618|
angle<13>      |cos<17>        |  157.826|
angle<13>      |cos<18>        |  157.880|
angle<13>      |cos<19>        |  157.836|
angle<13>      |cos<20>        |  158.338|
angle<13>      |cos<21>        |  159.231|
angle<13>      |cos<22>        |  158.899|
angle<13>      |cos<23>        |  160.001|
angle<13>      |cos<24>        |   11.882|
angle<13>      |cos<25>        |   11.990|
angle<13>      |cos<26>        |   12.084|
angle<13>      |cos<27>        |   12.198|
angle<13>      |cos<28>        |   12.322|
angle<13>      |cos<29>        |   12.447|
angle<13>      |cos<30>        |   12.570|
angle<13>      |cos<31>        |   12.664|
angle<13>      |sin<0>         |  153.011|
angle<13>      |sin<1>         |  153.328|
angle<13>      |sin<2>         |  153.481|
angle<13>      |sin<3>         |  155.315|
angle<13>      |sin<4>         |  155.710|
angle<13>      |sin<5>         |  155.887|
angle<13>      |sin<6>         |  156.516|
angle<13>      |sin<7>         |  156.152|
angle<13>      |sin<8>         |  157.147|
angle<13>      |sin<9>         |  157.042|
angle<13>      |sin<10>        |  158.203|
angle<13>      |sin<11>        |  158.068|
angle<13>      |sin<12>        |  158.217|
angle<13>      |sin<13>        |  158.057|
angle<13>      |sin<14>        |  158.779|
angle<13>      |sin<15>        |  159.166|
angle<13>      |sin<16>        |  159.636|
angle<13>      |sin<17>        |  159.422|
angle<13>      |sin<18>        |  159.214|
angle<13>      |sin<19>        |  160.168|
angle<13>      |sin<20>        |  160.908|
angle<13>      |sin<21>        |  160.601|
angle<13>      |sin<22>        |  160.844|
angle<13>      |sin<23>        |  161.621|
angle<13>      |sin<24>        |   10.495|
angle<13>      |sin<25>        |   10.485|
angle<13>      |sin<26>        |   10.460|
angle<13>      |sin<27>        |   10.490|
angle<13>      |sin<28>        |   10.579|
angle<13>      |sin<29>        |   10.613|
angle<13>      |sin<30>        |   10.716|
angle<13>      |sin<31>        |   10.730|
angle<14>      |cos<0>         |  151.765|
angle<14>      |cos<1>         |  151.899|
angle<14>      |cos<2>         |  151.823|
angle<14>      |cos<3>         |  152.352|
angle<14>      |cos<4>         |  154.155|
angle<14>      |cos<5>         |  153.900|
angle<14>      |cos<6>         |  154.206|
angle<14>      |cos<7>         |  155.056|
angle<14>      |cos<8>         |  155.579|
angle<14>      |cos<9>         |  155.712|
angle<14>      |cos<10>        |  155.881|
angle<14>      |cos<11>        |  155.868|
angle<14>      |cos<12>        |  156.659|
angle<14>      |cos<13>        |  156.453|
angle<14>      |cos<14>        |  156.729|
angle<14>      |cos<15>        |  156.729|
angle<14>      |cos<16>        |  157.634|
angle<14>      |cos<17>        |  157.842|
angle<14>      |cos<18>        |  157.896|
angle<14>      |cos<19>        |  157.852|
angle<14>      |cos<20>        |  158.354|
angle<14>      |cos<21>        |  159.247|
angle<14>      |cos<22>        |  158.915|
angle<14>      |cos<23>        |  160.017|
angle<14>      |cos<24>        |   11.898|
angle<14>      |cos<25>        |   12.006|
angle<14>      |cos<26>        |   12.100|
angle<14>      |cos<27>        |   12.214|
angle<14>      |cos<28>        |   12.338|
angle<14>      |cos<29>        |   12.463|
angle<14>      |cos<30>        |   12.586|
angle<14>      |cos<31>        |   12.680|
angle<14>      |sin<0>         |  153.027|
angle<14>      |sin<1>         |  153.344|
angle<14>      |sin<2>         |  153.497|
angle<14>      |sin<3>         |  155.331|
angle<14>      |sin<4>         |  155.726|
angle<14>      |sin<5>         |  155.903|
angle<14>      |sin<6>         |  156.532|
angle<14>      |sin<7>         |  156.168|
angle<14>      |sin<8>         |  157.163|
angle<14>      |sin<9>         |  157.058|
angle<14>      |sin<10>        |  158.219|
angle<14>      |sin<11>        |  158.084|
angle<14>      |sin<12>        |  158.233|
angle<14>      |sin<13>        |  158.073|
angle<14>      |sin<14>        |  158.795|
angle<14>      |sin<15>        |  159.182|
angle<14>      |sin<16>        |  159.652|
angle<14>      |sin<17>        |  159.438|
angle<14>      |sin<18>        |  159.230|
angle<14>      |sin<19>        |  160.184|
angle<14>      |sin<20>        |  160.924|
angle<14>      |sin<21>        |  160.617|
angle<14>      |sin<22>        |  160.860|
angle<14>      |sin<23>        |  161.637|
angle<14>      |sin<24>        |   10.351|
angle<14>      |sin<25>        |   10.341|
angle<14>      |sin<26>        |   10.316|
angle<14>      |sin<27>        |   10.346|
angle<14>      |sin<28>        |   10.435|
angle<14>      |sin<29>        |   10.469|
angle<14>      |sin<30>        |   10.572|
angle<14>      |sin<31>        |   10.586|
angle<15>      |cos<0>         |  151.767|
angle<15>      |cos<1>         |  151.901|
angle<15>      |cos<2>         |  151.825|
angle<15>      |cos<3>         |  152.354|
angle<15>      |cos<4>         |  154.157|
angle<15>      |cos<5>         |  153.902|
angle<15>      |cos<6>         |  154.208|
angle<15>      |cos<7>         |  155.058|
angle<15>      |cos<8>         |  155.581|
angle<15>      |cos<9>         |  155.714|
angle<15>      |cos<10>        |  155.883|
angle<15>      |cos<11>        |  155.870|
angle<15>      |cos<12>        |  156.661|
angle<15>      |cos<13>        |  156.455|
angle<15>      |cos<14>        |  156.731|
angle<15>      |cos<15>        |  156.731|
angle<15>      |cos<16>        |  157.636|
angle<15>      |cos<17>        |  157.844|
angle<15>      |cos<18>        |  157.898|
angle<15>      |cos<19>        |  157.854|
angle<15>      |cos<20>        |  158.356|
angle<15>      |cos<21>        |  159.249|
angle<15>      |cos<22>        |  158.917|
angle<15>      |cos<23>        |  160.019|
angle<15>      |cos<24>        |   11.900|
angle<15>      |cos<25>        |   12.008|
angle<15>      |cos<26>        |   12.102|
angle<15>      |cos<27>        |   12.216|
angle<15>      |cos<28>        |   12.340|
angle<15>      |cos<29>        |   12.465|
angle<15>      |cos<30>        |   12.588|
angle<15>      |cos<31>        |   12.682|
angle<15>      |sin<0>         |  153.029|
angle<15>      |sin<1>         |  153.346|
angle<15>      |sin<2>         |  153.499|
angle<15>      |sin<3>         |  155.333|
angle<15>      |sin<4>         |  155.728|
angle<15>      |sin<5>         |  155.905|
angle<15>      |sin<6>         |  156.534|
angle<15>      |sin<7>         |  156.170|
angle<15>      |sin<8>         |  157.165|
angle<15>      |sin<9>         |  157.060|
angle<15>      |sin<10>        |  158.221|
angle<15>      |sin<11>        |  158.086|
angle<15>      |sin<12>        |  158.235|
angle<15>      |sin<13>        |  158.075|
angle<15>      |sin<14>        |  158.797|
angle<15>      |sin<15>        |  159.184|
angle<15>      |sin<16>        |  159.654|
angle<15>      |sin<17>        |  159.440|
angle<15>      |sin<18>        |  159.232|
angle<15>      |sin<19>        |  160.186|
angle<15>      |sin<20>        |  160.926|
angle<15>      |sin<21>        |  160.619|
angle<15>      |sin<22>        |  160.862|
angle<15>      |sin<23>        |  161.639|
angle<15>      |sin<24>        |   10.373|
angle<15>      |sin<25>        |   10.363|
angle<15>      |sin<26>        |   10.338|
angle<15>      |sin<27>        |   10.368|
angle<15>      |sin<28>        |   10.457|
angle<15>      |sin<29>        |   10.491|
angle<15>      |sin<30>        |   10.594|
angle<15>      |sin<31>        |   10.608|
angle<16>      |cos<0>         |  151.860|
angle<16>      |cos<1>         |  151.994|
angle<16>      |cos<2>         |  151.918|
angle<16>      |cos<3>         |  152.447|
angle<16>      |cos<4>         |  154.250|
angle<16>      |cos<5>         |  153.995|
angle<16>      |cos<6>         |  154.301|
angle<16>      |cos<7>         |  155.151|
angle<16>      |cos<8>         |  155.674|
angle<16>      |cos<9>         |  155.807|
angle<16>      |cos<10>        |  155.976|
angle<16>      |cos<11>        |  155.963|
angle<16>      |cos<12>        |  156.754|
angle<16>      |cos<13>        |  156.548|
angle<16>      |cos<14>        |  156.824|
angle<16>      |cos<15>        |  156.824|
angle<16>      |cos<16>        |  157.729|
angle<16>      |cos<17>        |  157.937|
angle<16>      |cos<18>        |  157.991|
angle<16>      |cos<19>        |  157.947|
angle<16>      |cos<20>        |  158.449|
angle<16>      |cos<21>        |  159.342|
angle<16>      |cos<22>        |  159.010|
angle<16>      |cos<23>        |  160.112|
angle<16>      |cos<24>        |   11.993|
angle<16>      |cos<25>        |   12.101|
angle<16>      |cos<26>        |   12.195|
angle<16>      |cos<27>        |   12.309|
angle<16>      |cos<28>        |   12.433|
angle<16>      |cos<29>        |   12.558|
angle<16>      |cos<30>        |   12.681|
angle<16>      |cos<31>        |   12.775|
angle<16>      |sin<0>         |  153.122|
angle<16>      |sin<1>         |  153.439|
angle<16>      |sin<2>         |  153.592|
angle<16>      |sin<3>         |  155.426|
angle<16>      |sin<4>         |  155.821|
angle<16>      |sin<5>         |  155.998|
angle<16>      |sin<6>         |  156.627|
angle<16>      |sin<7>         |  156.263|
angle<16>      |sin<8>         |  157.258|
angle<16>      |sin<9>         |  157.153|
angle<16>      |sin<10>        |  158.314|
angle<16>      |sin<11>        |  158.179|
angle<16>      |sin<12>        |  158.328|
angle<16>      |sin<13>        |  158.168|
angle<16>      |sin<14>        |  158.890|
angle<16>      |sin<15>        |  159.277|
angle<16>      |sin<16>        |  159.747|
angle<16>      |sin<17>        |  159.533|
angle<16>      |sin<18>        |  159.325|
angle<16>      |sin<19>        |  160.279|
angle<16>      |sin<20>        |  161.019|
angle<16>      |sin<21>        |  160.712|
angle<16>      |sin<22>        |  160.955|
angle<16>      |sin<23>        |  161.732|
angle<16>      |sin<24>        |   10.280|
angle<16>      |sin<25>        |   10.270|
angle<16>      |sin<26>        |   10.245|
angle<16>      |sin<27>        |   10.275|
angle<16>      |sin<28>        |   10.364|
angle<16>      |sin<29>        |   10.398|
angle<16>      |sin<30>        |   10.501|
angle<16>      |sin<31>        |   10.515|
angle<17>      |cos<0>         |  151.736|
angle<17>      |cos<1>         |  151.870|
angle<17>      |cos<2>         |  151.794|
angle<17>      |cos<3>         |  152.323|
angle<17>      |cos<4>         |  154.126|
angle<17>      |cos<5>         |  153.871|
angle<17>      |cos<6>         |  154.177|
angle<17>      |cos<7>         |  155.027|
angle<17>      |cos<8>         |  155.550|
angle<17>      |cos<9>         |  155.683|
angle<17>      |cos<10>        |  155.852|
angle<17>      |cos<11>        |  155.839|
angle<17>      |cos<12>        |  156.630|
angle<17>      |cos<13>        |  156.424|
angle<17>      |cos<14>        |  156.700|
angle<17>      |cos<15>        |  156.700|
angle<17>      |cos<16>        |  157.605|
angle<17>      |cos<17>        |  157.813|
angle<17>      |cos<18>        |  157.867|
angle<17>      |cos<19>        |  157.823|
angle<17>      |cos<20>        |  158.325|
angle<17>      |cos<21>        |  159.218|
angle<17>      |cos<22>        |  158.886|
angle<17>      |cos<23>        |  159.988|
angle<17>      |cos<24>        |   11.869|
angle<17>      |cos<25>        |   11.977|
angle<17>      |cos<26>        |   12.071|
angle<17>      |cos<27>        |   12.185|
angle<17>      |cos<28>        |   12.309|
angle<17>      |cos<29>        |   12.434|
angle<17>      |cos<30>        |   12.557|
angle<17>      |cos<31>        |   12.651|
angle<17>      |sin<0>         |  152.998|
angle<17>      |sin<1>         |  153.315|
angle<17>      |sin<2>         |  153.468|
angle<17>      |sin<3>         |  155.302|
angle<17>      |sin<4>         |  155.697|
angle<17>      |sin<5>         |  155.874|
angle<17>      |sin<6>         |  156.503|
angle<17>      |sin<7>         |  156.139|
angle<17>      |sin<8>         |  157.134|
angle<17>      |sin<9>         |  157.029|
angle<17>      |sin<10>        |  158.190|
angle<17>      |sin<11>        |  158.055|
angle<17>      |sin<12>        |  158.204|
angle<17>      |sin<13>        |  158.044|
angle<17>      |sin<14>        |  158.766|
angle<17>      |sin<15>        |  159.153|
angle<17>      |sin<16>        |  159.623|
angle<17>      |sin<17>        |  159.409|
angle<17>      |sin<18>        |  159.201|
angle<17>      |sin<19>        |  160.155|
angle<17>      |sin<20>        |  160.895|
angle<17>      |sin<21>        |  160.588|
angle<17>      |sin<22>        |  160.831|
angle<17>      |sin<23>        |  161.608|
angle<17>      |sin<24>        |   10.156|
angle<17>      |sin<25>        |   10.146|
angle<17>      |sin<26>        |   10.121|
angle<17>      |sin<27>        |   10.151|
angle<17>      |sin<28>        |   10.240|
angle<17>      |sin<29>        |   10.274|
angle<17>      |sin<30>        |   10.377|
angle<17>      |sin<31>        |   10.391|
angle<18>      |cos<0>         |  153.545|
angle<18>      |cos<1>         |  153.679|
angle<18>      |cos<2>         |  153.603|
angle<18>      |cos<3>         |  154.132|
angle<18>      |cos<4>         |  155.935|
angle<18>      |cos<5>         |  155.680|
angle<18>      |cos<6>         |  155.986|
angle<18>      |cos<7>         |  156.836|
angle<18>      |cos<8>         |  157.359|
angle<18>      |cos<9>         |  157.492|
angle<18>      |cos<10>        |  157.661|
angle<18>      |cos<11>        |  157.648|
angle<18>      |cos<12>        |  158.439|
angle<18>      |cos<13>        |  158.233|
angle<18>      |cos<14>        |  158.509|
angle<18>      |cos<15>        |  158.509|
angle<18>      |cos<16>        |  159.414|
angle<18>      |cos<17>        |  159.622|
angle<18>      |cos<18>        |  159.676|
angle<18>      |cos<19>        |  159.632|
angle<18>      |cos<20>        |  160.134|
angle<18>      |cos<21>        |  161.027|
angle<18>      |cos<22>        |  160.695|
angle<18>      |cos<23>        |  161.797|
angle<18>      |cos<24>        |   13.678|
angle<18>      |cos<25>        |   13.786|
angle<18>      |cos<26>        |   13.880|
angle<18>      |cos<27>        |   13.994|
angle<18>      |cos<28>        |   14.118|
angle<18>      |cos<29>        |   14.243|
angle<18>      |cos<30>        |   14.366|
angle<18>      |cos<31>        |   14.460|
angle<18>      |sin<0>         |  154.807|
angle<18>      |sin<1>         |  155.124|
angle<18>      |sin<2>         |  155.277|
angle<18>      |sin<3>         |  157.111|
angle<18>      |sin<4>         |  157.506|
angle<18>      |sin<5>         |  157.683|
angle<18>      |sin<6>         |  158.312|
angle<18>      |sin<7>         |  157.948|
angle<18>      |sin<8>         |  158.943|
angle<18>      |sin<9>         |  158.838|
angle<18>      |sin<10>        |  159.999|
angle<18>      |sin<11>        |  159.864|
angle<18>      |sin<12>        |  160.013|
angle<18>      |sin<13>        |  159.853|
angle<18>      |sin<14>        |  160.575|
angle<18>      |sin<15>        |  160.962|
angle<18>      |sin<16>        |  161.432|
angle<18>      |sin<17>        |  161.218|
angle<18>      |sin<18>        |  161.010|
angle<18>      |sin<19>        |  161.964|
angle<18>      |sin<20>        |  162.704|
angle<18>      |sin<21>        |  162.397|
angle<18>      |sin<22>        |  162.640|
angle<18>      |sin<23>        |  163.417|
angle<18>      |sin<24>        |   12.152|
angle<18>      |sin<25>        |   12.142|
angle<18>      |sin<26>        |   12.117|
angle<18>      |sin<27>        |   12.147|
angle<18>      |sin<28>        |   12.236|
angle<18>      |sin<29>        |   12.270|
angle<18>      |sin<30>        |   12.373|
angle<18>      |sin<31>        |   12.387|
angle<19>      |cos<0>         |  154.186|
angle<19>      |cos<1>         |  154.320|
angle<19>      |cos<2>         |  154.244|
angle<19>      |cos<3>         |  154.773|
angle<19>      |cos<4>         |  156.576|
angle<19>      |cos<5>         |  156.321|
angle<19>      |cos<6>         |  156.627|
angle<19>      |cos<7>         |  157.477|
angle<19>      |cos<8>         |  158.000|
angle<19>      |cos<9>         |  158.133|
angle<19>      |cos<10>        |  158.302|
angle<19>      |cos<11>        |  158.289|
angle<19>      |cos<12>        |  159.080|
angle<19>      |cos<13>        |  158.874|
angle<19>      |cos<14>        |  159.150|
angle<19>      |cos<15>        |  159.150|
angle<19>      |cos<16>        |  160.055|
angle<19>      |cos<17>        |  160.263|
angle<19>      |cos<18>        |  160.317|
angle<19>      |cos<19>        |  160.273|
angle<19>      |cos<20>        |  160.775|
angle<19>      |cos<21>        |  161.668|
angle<19>      |cos<22>        |  161.336|
angle<19>      |cos<23>        |  162.438|
angle<19>      |cos<24>        |   14.319|
angle<19>      |cos<25>        |   14.427|
angle<19>      |cos<26>        |   14.521|
angle<19>      |cos<27>        |   14.635|
angle<19>      |cos<28>        |   14.759|
angle<19>      |cos<29>        |   14.884|
angle<19>      |cos<30>        |   15.007|
angle<19>      |cos<31>        |   15.101|
angle<19>      |sin<0>         |  155.448|
angle<19>      |sin<1>         |  155.765|
angle<19>      |sin<2>         |  155.918|
angle<19>      |sin<3>         |  157.752|
angle<19>      |sin<4>         |  158.147|
angle<19>      |sin<5>         |  158.324|
angle<19>      |sin<6>         |  158.953|
angle<19>      |sin<7>         |  158.589|
angle<19>      |sin<8>         |  159.584|
angle<19>      |sin<9>         |  159.479|
angle<19>      |sin<10>        |  160.640|
angle<19>      |sin<11>        |  160.505|
angle<19>      |sin<12>        |  160.654|
angle<19>      |sin<13>        |  160.494|
angle<19>      |sin<14>        |  161.216|
angle<19>      |sin<15>        |  161.603|
angle<19>      |sin<16>        |  162.073|
angle<19>      |sin<17>        |  161.859|
angle<19>      |sin<18>        |  161.651|
angle<19>      |sin<19>        |  162.605|
angle<19>      |sin<20>        |  163.345|
angle<19>      |sin<21>        |  163.038|
angle<19>      |sin<22>        |  163.281|
angle<19>      |sin<23>        |  164.058|
angle<19>      |sin<24>        |   12.981|
angle<19>      |sin<25>        |   12.971|
angle<19>      |sin<26>        |   12.946|
angle<19>      |sin<27>        |   12.976|
angle<19>      |sin<28>        |   13.065|
angle<19>      |sin<29>        |   13.099|
angle<19>      |sin<30>        |   13.202|
angle<19>      |sin<31>        |   13.216|
angle<20>      |cos<0>         |  151.979|
angle<20>      |cos<1>         |  152.113|
angle<20>      |cos<2>         |  152.037|
angle<20>      |cos<3>         |  152.566|
angle<20>      |cos<4>         |  154.369|
angle<20>      |cos<5>         |  154.114|
angle<20>      |cos<6>         |  154.420|
angle<20>      |cos<7>         |  155.270|
angle<20>      |cos<8>         |  155.793|
angle<20>      |cos<9>         |  155.926|
angle<20>      |cos<10>        |  156.095|
angle<20>      |cos<11>        |  156.082|
angle<20>      |cos<12>        |  156.873|
angle<20>      |cos<13>        |  156.667|
angle<20>      |cos<14>        |  156.943|
angle<20>      |cos<15>        |  156.943|
angle<20>      |cos<16>        |  157.848|
angle<20>      |cos<17>        |  158.056|
angle<20>      |cos<18>        |  158.110|
angle<20>      |cos<19>        |  158.066|
angle<20>      |cos<20>        |  158.568|
angle<20>      |cos<21>        |  159.461|
angle<20>      |cos<22>        |  159.129|
angle<20>      |cos<23>        |  160.231|
angle<20>      |cos<24>        |   12.112|
angle<20>      |cos<25>        |   12.220|
angle<20>      |cos<26>        |   12.314|
angle<20>      |cos<27>        |   12.428|
angle<20>      |cos<28>        |   12.552|
angle<20>      |cos<29>        |   12.677|
angle<20>      |cos<30>        |   12.800|
angle<20>      |cos<31>        |   12.894|
angle<20>      |sin<0>         |  153.241|
angle<20>      |sin<1>         |  153.558|
angle<20>      |sin<2>         |  153.711|
angle<20>      |sin<3>         |  155.545|
angle<20>      |sin<4>         |  155.940|
angle<20>      |sin<5>         |  156.117|
angle<20>      |sin<6>         |  156.746|
angle<20>      |sin<7>         |  156.382|
angle<20>      |sin<8>         |  157.377|
angle<20>      |sin<9>         |  157.272|
angle<20>      |sin<10>        |  158.433|
angle<20>      |sin<11>        |  158.298|
angle<20>      |sin<12>        |  158.447|
angle<20>      |sin<13>        |  158.287|
angle<20>      |sin<14>        |  159.009|
angle<20>      |sin<15>        |  159.396|
angle<20>      |sin<16>        |  159.866|
angle<20>      |sin<17>        |  159.652|
angle<20>      |sin<18>        |  159.444|
angle<20>      |sin<19>        |  160.398|
angle<20>      |sin<20>        |  161.138|
angle<20>      |sin<21>        |  160.831|
angle<20>      |sin<22>        |  161.074|
angle<20>      |sin<23>        |  161.851|
angle<20>      |sin<24>        |   10.399|
angle<20>      |sin<25>        |   10.389|
angle<20>      |sin<26>        |   10.364|
angle<20>      |sin<27>        |   10.394|
angle<20>      |sin<28>        |   10.483|
angle<20>      |sin<29>        |   10.517|
angle<20>      |sin<30>        |   10.620|
angle<20>      |sin<31>        |   10.634|
angle<21>      |cos<0>         |  151.667|
angle<21>      |cos<1>         |  151.801|
angle<21>      |cos<2>         |  151.725|
angle<21>      |cos<3>         |  152.254|
angle<21>      |cos<4>         |  154.057|
angle<21>      |cos<5>         |  153.802|
angle<21>      |cos<6>         |  154.108|
angle<21>      |cos<7>         |  154.958|
angle<21>      |cos<8>         |  155.481|
angle<21>      |cos<9>         |  155.614|
angle<21>      |cos<10>        |  155.783|
angle<21>      |cos<11>        |  155.770|
angle<21>      |cos<12>        |  156.561|
angle<21>      |cos<13>        |  156.355|
angle<21>      |cos<14>        |  156.631|
angle<21>      |cos<15>        |  156.631|
angle<21>      |cos<16>        |  157.536|
angle<21>      |cos<17>        |  157.744|
angle<21>      |cos<18>        |  157.798|
angle<21>      |cos<19>        |  157.754|
angle<21>      |cos<20>        |  158.256|
angle<21>      |cos<21>        |  159.149|
angle<21>      |cos<22>        |  158.817|
angle<21>      |cos<23>        |  159.919|
angle<21>      |cos<24>        |   11.800|
angle<21>      |cos<25>        |   11.908|
angle<21>      |cos<26>        |   12.002|
angle<21>      |cos<27>        |   12.116|
angle<21>      |cos<28>        |   12.240|
angle<21>      |cos<29>        |   12.365|
angle<21>      |cos<30>        |   12.488|
angle<21>      |cos<31>        |   12.582|
angle<21>      |sin<0>         |  152.929|
angle<21>      |sin<1>         |  153.246|
angle<21>      |sin<2>         |  153.399|
angle<21>      |sin<3>         |  155.233|
angle<21>      |sin<4>         |  155.628|
angle<21>      |sin<5>         |  155.805|
angle<21>      |sin<6>         |  156.434|
angle<21>      |sin<7>         |  156.070|
angle<21>      |sin<8>         |  157.065|
angle<21>      |sin<9>         |  156.960|
angle<21>      |sin<10>        |  158.121|
angle<21>      |sin<11>        |  157.986|
angle<21>      |sin<12>        |  158.135|
angle<21>      |sin<13>        |  157.975|
angle<21>      |sin<14>        |  158.697|
angle<21>      |sin<15>        |  159.084|
angle<21>      |sin<16>        |  159.554|
angle<21>      |sin<17>        |  159.340|
angle<21>      |sin<18>        |  159.132|
angle<21>      |sin<19>        |  160.086|
angle<21>      |sin<20>        |  160.826|
angle<21>      |sin<21>        |  160.519|
angle<21>      |sin<22>        |  160.762|
angle<21>      |sin<23>        |  161.539|
angle<21>      |sin<24>        |   10.087|
angle<21>      |sin<25>        |   10.077|
angle<21>      |sin<26>        |   10.052|
angle<21>      |sin<27>        |   10.082|
angle<21>      |sin<28>        |   10.171|
angle<21>      |sin<29>        |   10.205|
angle<21>      |sin<30>        |   10.308|
angle<21>      |sin<31>        |   10.322|
angle<22>      |cos<0>         |  151.926|
angle<22>      |cos<1>         |  152.060|
angle<22>      |cos<2>         |  151.984|
angle<22>      |cos<3>         |  152.513|
angle<22>      |cos<4>         |  154.316|
angle<22>      |cos<5>         |  154.061|
angle<22>      |cos<6>         |  154.367|
angle<22>      |cos<7>         |  155.217|
angle<22>      |cos<8>         |  155.740|
angle<22>      |cos<9>         |  155.873|
angle<22>      |cos<10>        |  156.042|
angle<22>      |cos<11>        |  156.029|
angle<22>      |cos<12>        |  156.820|
angle<22>      |cos<13>        |  156.614|
angle<22>      |cos<14>        |  156.890|
angle<22>      |cos<15>        |  156.890|
angle<22>      |cos<16>        |  157.795|
angle<22>      |cos<17>        |  158.003|
angle<22>      |cos<18>        |  158.057|
angle<22>      |cos<19>        |  158.013|
angle<22>      |cos<20>        |  158.515|
angle<22>      |cos<21>        |  159.408|
angle<22>      |cos<22>        |  159.076|
angle<22>      |cos<23>        |  160.178|
angle<22>      |cos<24>        |   12.059|
angle<22>      |cos<25>        |   12.167|
angle<22>      |cos<26>        |   12.261|
angle<22>      |cos<27>        |   12.375|
angle<22>      |cos<28>        |   12.499|
angle<22>      |cos<29>        |   12.624|
angle<22>      |cos<30>        |   12.747|
angle<22>      |cos<31>        |   12.841|
angle<22>      |sin<0>         |  153.188|
angle<22>      |sin<1>         |  153.505|
angle<22>      |sin<2>         |  153.658|
angle<22>      |sin<3>         |  155.492|
angle<22>      |sin<4>         |  155.887|
angle<22>      |sin<5>         |  156.064|
angle<22>      |sin<6>         |  156.693|
angle<22>      |sin<7>         |  156.329|
angle<22>      |sin<8>         |  157.324|
angle<22>      |sin<9>         |  157.219|
angle<22>      |sin<10>        |  158.380|
angle<22>      |sin<11>        |  158.245|
angle<22>      |sin<12>        |  158.394|
angle<22>      |sin<13>        |  158.234|
angle<22>      |sin<14>        |  158.956|
angle<22>      |sin<15>        |  159.343|
angle<22>      |sin<16>        |  159.813|
angle<22>      |sin<17>        |  159.599|
angle<22>      |sin<18>        |  159.391|
angle<22>      |sin<19>        |  160.345|
angle<22>      |sin<20>        |  161.085|
angle<22>      |sin<21>        |  160.778|
angle<22>      |sin<22>        |  161.021|
angle<22>      |sin<23>        |  161.798|
angle<22>      |sin<24>        |   10.346|
angle<22>      |sin<25>        |   10.336|
angle<22>      |sin<26>        |   10.311|
angle<22>      |sin<27>        |   10.341|
angle<22>      |sin<28>        |   10.430|
angle<22>      |sin<29>        |   10.464|
angle<22>      |sin<30>        |   10.567|
angle<22>      |sin<31>        |   10.581|
angle<23>      |cos<0>         |  151.155|
angle<23>      |cos<1>         |  151.289|
angle<23>      |cos<2>         |  151.213|
angle<23>      |cos<3>         |  151.742|
angle<23>      |cos<4>         |  153.545|
angle<23>      |cos<5>         |  153.290|
angle<23>      |cos<6>         |  153.596|
angle<23>      |cos<7>         |  154.446|
angle<23>      |cos<8>         |  154.969|
angle<23>      |cos<9>         |  155.102|
angle<23>      |cos<10>        |  155.271|
angle<23>      |cos<11>        |  155.258|
angle<23>      |cos<12>        |  156.049|
angle<23>      |cos<13>        |  155.843|
angle<23>      |cos<14>        |  156.119|
angle<23>      |cos<15>        |  156.119|
angle<23>      |cos<16>        |  157.024|
angle<23>      |cos<17>        |  157.232|
angle<23>      |cos<18>        |  157.286|
angle<23>      |cos<19>        |  157.242|
angle<23>      |cos<20>        |  157.744|
angle<23>      |cos<21>        |  158.637|
angle<23>      |cos<22>        |  158.305|
angle<23>      |cos<23>        |  159.407|
angle<23>      |cos<24>        |   11.288|
angle<23>      |cos<25>        |   11.396|
angle<23>      |cos<26>        |   11.490|
angle<23>      |cos<27>        |   11.604|
angle<23>      |cos<28>        |   11.728|
angle<23>      |cos<29>        |   11.853|
angle<23>      |cos<30>        |   11.976|
angle<23>      |cos<31>        |   12.070|
angle<23>      |sin<0>         |  152.417|
angle<23>      |sin<1>         |  152.734|
angle<23>      |sin<2>         |  152.887|
angle<23>      |sin<3>         |  154.721|
angle<23>      |sin<4>         |  155.116|
angle<23>      |sin<5>         |  155.293|
angle<23>      |sin<6>         |  155.922|
angle<23>      |sin<7>         |  155.558|
angle<23>      |sin<8>         |  156.553|
angle<23>      |sin<9>         |  156.448|
angle<23>      |sin<10>        |  157.609|
angle<23>      |sin<11>        |  157.474|
angle<23>      |sin<12>        |  157.623|
angle<23>      |sin<13>        |  157.463|
angle<23>      |sin<14>        |  158.185|
angle<23>      |sin<15>        |  158.572|
angle<23>      |sin<16>        |  159.042|
angle<23>      |sin<17>        |  158.828|
angle<23>      |sin<18>        |  158.620|
angle<23>      |sin<19>        |  159.574|
angle<23>      |sin<20>        |  160.314|
angle<23>      |sin<21>        |  160.007|
angle<23>      |sin<22>        |  160.250|
angle<23>      |sin<23>        |  161.027|
angle<23>      |sin<24>        |    9.575|
angle<23>      |sin<25>        |    9.565|
angle<23>      |sin<26>        |    9.540|
angle<23>      |sin<27>        |    9.570|
angle<23>      |sin<28>        |    9.659|
angle<23>      |sin<29>        |    9.693|
angle<23>      |sin<30>        |    9.796|
angle<23>      |sin<31>        |    9.810|
angle<24>      |cos<0>         |  151.550|
angle<24>      |cos<1>         |  151.684|
angle<24>      |cos<2>         |  151.608|
angle<24>      |cos<3>         |  152.137|
angle<24>      |cos<4>         |  153.940|
angle<24>      |cos<5>         |  153.685|
angle<24>      |cos<6>         |  153.991|
angle<24>      |cos<7>         |  154.841|
angle<24>      |cos<8>         |  155.364|
angle<24>      |cos<9>         |  155.497|
angle<24>      |cos<10>        |  155.666|
angle<24>      |cos<11>        |  155.653|
angle<24>      |cos<12>        |  156.444|
angle<24>      |cos<13>        |  156.238|
angle<24>      |cos<14>        |  156.514|
angle<24>      |cos<15>        |  156.514|
angle<24>      |cos<16>        |  157.419|
angle<24>      |cos<17>        |  157.627|
angle<24>      |cos<18>        |  157.681|
angle<24>      |cos<19>        |  157.637|
angle<24>      |cos<20>        |  158.139|
angle<24>      |cos<21>        |  159.032|
angle<24>      |cos<22>        |  158.700|
angle<24>      |cos<23>        |  159.802|
angle<24>      |cos<24>        |   11.683|
angle<24>      |cos<25>        |   11.791|
angle<24>      |cos<26>        |   11.885|
angle<24>      |cos<27>        |   11.999|
angle<24>      |cos<28>        |   12.123|
angle<24>      |cos<29>        |   12.248|
angle<24>      |cos<30>        |   12.371|
angle<24>      |cos<31>        |   12.465|
angle<24>      |sin<0>         |  152.812|
angle<24>      |sin<1>         |  153.129|
angle<24>      |sin<2>         |  153.282|
angle<24>      |sin<3>         |  155.116|
angle<24>      |sin<4>         |  155.511|
angle<24>      |sin<5>         |  155.688|
angle<24>      |sin<6>         |  156.317|
angle<24>      |sin<7>         |  155.953|
angle<24>      |sin<8>         |  156.948|
angle<24>      |sin<9>         |  156.843|
angle<24>      |sin<10>        |  158.004|
angle<24>      |sin<11>        |  157.869|
angle<24>      |sin<12>        |  158.018|
angle<24>      |sin<13>        |  157.858|
angle<24>      |sin<14>        |  158.580|
angle<24>      |sin<15>        |  158.967|
angle<24>      |sin<16>        |  159.437|
angle<24>      |sin<17>        |  159.223|
angle<24>      |sin<18>        |  159.015|
angle<24>      |sin<19>        |  159.969|
angle<24>      |sin<20>        |  160.709|
angle<24>      |sin<21>        |  160.402|
angle<24>      |sin<22>        |  160.645|
angle<24>      |sin<23>        |  161.422|
angle<24>      |sin<24>        |    9.970|
angle<24>      |sin<25>        |    9.960|
angle<24>      |sin<26>        |    9.935|
angle<24>      |sin<27>        |    9.965|
angle<24>      |sin<28>        |   10.054|
angle<24>      |sin<29>        |   10.088|
angle<24>      |sin<30>        |   10.191|
angle<24>      |sin<31>        |   10.205|
---------------+---------------+---------+


Analysis completed Fri Jun 17 14:52:57 2016 
--------------------------------------------------------------------------------

Trace Settings:
-------------------------
Trace Settings 

Peak Memory Usage: 785 MB



